Archive member included to satisfy reference by file (symbol)

c:/progra~2/gnuarm~1/102021~1.10/bin/../lib/gcc/arm-none-eabi/10.3.1/thumb/v6-m/nofp\libgcc.a(_dvmd_tls.o)
                              CMakeFiles/multicore.dir/C_/Pico/pico-sdk/src/rp2_common/pico_divider/divider.S.obj (__aeabi_idiv0)
c:/progra~2/gnuarm~1/102021~1.10/bin/../lib/gcc/arm-none-eabi/10.3.1/../../../../arm-none-eabi/lib/thumb/v6-m/nofp\libg.a(lib_a-calloc.o)
                              CMakeFiles/multicore.dir/C_/Pico/pico-sdk/src/rp2_common/pico_malloc/pico_malloc.c.obj (calloc)
c:/progra~2/gnuarm~1/102021~1.10/bin/../lib/gcc/arm-none-eabi/10.3.1/../../../../arm-none-eabi/lib/thumb/v6-m/nofp\libg.a(lib_a-callocr.o)
                              c:/progra~2/gnuarm~1/102021~1.10/bin/../lib/gcc/arm-none-eabi/10.3.1/../../../../arm-none-eabi/lib/thumb/v6-m/nofp\libg.a(lib_a-calloc.o) (_calloc_r)
c:/progra~2/gnuarm~1/102021~1.10/bin/../lib/gcc/arm-none-eabi/10.3.1/../../../../arm-none-eabi/lib/thumb/v6-m/nofp\libg.a(lib_a-ctype_.o)
                              CMakeFiles/multicore.dir/C_/Pico/pico-sdk/lib/tinyusb/src/tusb.c.obj (_ctype_)
c:/progra~2/gnuarm~1/102021~1.10/bin/../lib/gcc/arm-none-eabi/10.3.1/../../../../arm-none-eabi/lib/thumb/v6-m/nofp\libg.a(lib_a-errno.o)
                              c:/progra~2/gnuarm~1/102021~1.10/bin/../lib/gcc/arm-none-eabi/10.3.1/../../../../arm-none-eabi/lib/thumb/v6-m/nofp\libg.a(lib_a-callocr.o) (__errno)
c:/progra~2/gnuarm~1/102021~1.10/bin/../lib/gcc/arm-none-eabi/10.3.1/../../../../arm-none-eabi/lib/thumb/v6-m/nofp\libg.a(lib_a-impure.o)
                              c:/progra~2/gnuarm~1/102021~1.10/bin/../lib/gcc/arm-none-eabi/10.3.1/../../../../arm-none-eabi/lib/thumb/v6-m/nofp\libg.a(lib_a-calloc.o) (_impure_ptr)
c:/progra~2/gnuarm~1/102021~1.10/bin/../lib/gcc/arm-none-eabi/10.3.1/../../../../arm-none-eabi/lib/thumb/v6-m/nofp\libg.a(lib_a-init.o)
                              c:/progra~2/gnuarm~1/102021~1.10/bin/../lib/gcc/arm-none-eabi/10.3.1/../../../../arm-none-eabi/lib/thumb/v6-m/nofp/crt0.o (__libc_init_array)
c:/progra~2/gnuarm~1/102021~1.10/bin/../lib/gcc/arm-none-eabi/10.3.1/../../../../arm-none-eabi/lib/thumb/v6-m/nofp\libg.a(lib_a-malloc.o)
                              CMakeFiles/multicore.dir/C_/Pico/pico-sdk/src/rp2_common/pico_malloc/pico_malloc.c.obj (malloc)
c:/progra~2/gnuarm~1/102021~1.10/bin/../lib/gcc/arm-none-eabi/10.3.1/../../../../arm-none-eabi/lib/thumb/v6-m/nofp\libg.a(lib_a-mallocr.o)
                              c:/progra~2/gnuarm~1/102021~1.10/bin/../lib/gcc/arm-none-eabi/10.3.1/../../../../arm-none-eabi/lib/thumb/v6-m/nofp\libg.a(lib_a-callocr.o) (_malloc_r)
c:/progra~2/gnuarm~1/102021~1.10/bin/../lib/gcc/arm-none-eabi/10.3.1/../../../../arm-none-eabi/lib/thumb/v6-m/nofp\libg.a(lib_a-mlock.o)
                              c:/progra~2/gnuarm~1/102021~1.10/bin/../lib/gcc/arm-none-eabi/10.3.1/../../../../arm-none-eabi/lib/thumb/v6-m/nofp\libg.a(lib_a-mallocr.o) (__malloc_lock)
c:/progra~2/gnuarm~1/102021~1.10/bin/../lib/gcc/arm-none-eabi/10.3.1/../../../../arm-none-eabi/lib/thumb/v6-m/nofp\libg.a(lib_a-sbrkr.o)
                              c:/progra~2/gnuarm~1/102021~1.10/bin/../lib/gcc/arm-none-eabi/10.3.1/../../../../arm-none-eabi/lib/thumb/v6-m/nofp\libg.a(lib_a-mallocr.o) (_sbrk_r)
c:/progra~2/gnuarm~1/102021~1.10/bin/../lib/gcc/arm-none-eabi/10.3.1/../../../../arm-none-eabi/lib/thumb/v6-m/nofp\libg.a(lib_a-strlen-stub.o)
                              CMakeFiles/multicore.dir/C_/Pico/pico-sdk/src/rp2_common/pico_stdio/stdio.c.obj (strlen)
c:/progra~2/gnuarm~1/102021~1.10/bin/../lib/gcc/arm-none-eabi/10.3.1/../../../../arm-none-eabi/lib/thumb/v6-m/nofp\libg.a(lib_a-freer.o)
                              c:/progra~2/gnuarm~1/102021~1.10/bin/../lib/gcc/arm-none-eabi/10.3.1/../../../../arm-none-eabi/lib/thumb/v6-m/nofp\libg.a(lib_a-malloc.o) (_free_r)
c:/progra~2/gnuarm~1/102021~1.10/bin/../lib/gcc/arm-none-eabi/10.3.1/../../../../arm-none-eabi/lib/thumb/v6-m/nofp\libg.a(lib_a-lock.o)
                              c:/progra~2/gnuarm~1/102021~1.10/bin/../lib/gcc/arm-none-eabi/10.3.1/../../../../arm-none-eabi/lib/thumb/v6-m/nofp\libg.a(lib_a-mlock.o) (__retarget_lock_acquire_recursive)
c:/progra~2/gnuarm~1/102021~1.10/bin/../lib/gcc/arm-none-eabi/10.3.1/../../../../arm-none-eabi/lib/thumb/v6-m/nofp\libg.a(lib_a-reent.o)
                              c:/progra~2/gnuarm~1/102021~1.10/bin/../lib/gcc/arm-none-eabi/10.3.1/../../../../arm-none-eabi/lib/thumb/v6-m/nofp\libg.a(lib_a-sbrkr.o) (errno)

Discarded input sections

 .text          0x00000000        0x0 c:/progra~2/gnuarm~1/102021~1.10/bin/../lib/gcc/arm-none-eabi/10.3.1/thumb/v6-m/nofp/crti.o
 .data          0x00000000        0x0 c:/progra~2/gnuarm~1/102021~1.10/bin/../lib/gcc/arm-none-eabi/10.3.1/thumb/v6-m/nofp/crti.o
 .bss           0x00000000        0x0 c:/progra~2/gnuarm~1/102021~1.10/bin/../lib/gcc/arm-none-eabi/10.3.1/thumb/v6-m/nofp/crti.o
[...]
Memory Configuration

Name             Origin             Length             Attributes
FLASH            0x10000000         0x00200000         xr
RAM              0x20000000         0x00040000         xrw
SCRATCH_X        0x20040000         0x00001000         xrw
SCRATCH_Y        0x20041000         0x00001000         xrw
*default*        0x00000000         0xffffffff

Linker script and memory map

LOAD c:/progra~2/gnuarm~1/102021~1.10/bin/../lib/gcc/arm-none-eabi/10.3.1/thumb/v6-m/nofp/crti.o
LOAD c:/progra~2/gnuarm~1/102021~1.10/bin/../lib/gcc/arm-none-eabi/10.3.1/thumb/v6-m/nofp/crtbegin.o
LOAD c:/progra~2/gnuarm~1/102021~1.10/bin/../lib/gcc/arm-none-eabi/10.3.1/../../../../arm-none-eabi/lib/thumb/v6-m/nofp/crt0.o

.flash_begin    0x10000000        0x0
                0x10000000                __flash_binary_start = .

.boot2          0x10000000      0x100
                0x10000000                __boot2_start__ = .
 *(.boot2)
 .boot2         0x10000000      0x100 C:\Users\sbake\AppData\Local\Temp\ccUSxDZ0.o
                0x10000100                __boot2_end__ = .
                0x00000001                ASSERT (((__boot2_end__ - __boot2_start__) == 0x100), ERROR: Pico second stage bootloader must be 256 bytes in size)

.text           0x10000100     0x72d8
                0x10000100                __logical_binary_start = .
 *(.vectors)
 .vectors       0x10000100       0xd4 CMakeFiles/multicore.dir/C_/Pico/pico-sdk/src/rp2_common/pico_standard_link/crt0.S.obj
                0x10000100                __VECTOR_TABLE
                0x10000100                __vectors
                0x100001c0                isr_invalid
                0x100001c0                __default_isrs_start
                0x100001c2                isr_nmi
                0x100001c4                isr_hardfault
                0x100001c6                isr_svcall
                0x100001c8                isr_pendsv
                0x100001ca                isr_systick
                0x100001cc                isr_irq23
                0x100001cc                isr_irq18
                0x100001cc                isr_irq11
                0x100001cc                isr_irq28
                0x100001cc                isr_irq19
                0x100001cc                isr_irq0
                0x100001cc                isr_irq6
                0x100001cc                isr_irq5
                0x100001cc                isr_irq12
                0x100001cc                isr_irq22
                0x100001cc                isr_irq31
                0x100001cc                isr_irq17
                0x100001cc                isr_irq27
                0x100001cc                isr_irq30
                0x100001cc                isr_irq2
                0x100001cc                isr_irq10
                0x100001cc                isr_irq8
                0x100001cc                isr_irq24
                0x100001cc                isr_irq1
                0x100001cc                isr_irq7
                0x100001cc                isr_irq21
                0x100001cc                isr_irq20
                0x100001cc                isr_irq15
                0x100001cc                isr_irq25
                0x100001cc                isr_irq13
                0x100001cc                __unhandled_user_irq
                0x100001cc                isr_irq4
                0x100001cc                isr_irq16
                0x100001cc                isr_irq29
                0x100001cc                isr_irq26
                0x100001cc                __default_isrs_end
                0x100001cc                isr_irq3
                0x100001cc                isr_irq14
                0x100001cc                isr_irq9
                0x100001d2                unhandled_user_irq_num_in_r0
 *(.binary_info_header)
 .binary_info_header
                0x100001d4       0x14 CMakeFiles/multicore.dir/C_/Pico/pico-sdk/src/rp2_common/pico_standard_link/crt0.S.obj
                0x100001e8                __binary_info_header_end = .
 *(.reset)
 .reset         0x100001e8       0xa8 CMakeFiles/multicore.dir/C_/Pico/pico-sdk/src/rp2_common/pico_standard_link/crt0.S.obj
                0x100001e8                _entry_point
                0x10000266                __get_current_exception
 .reset         0x10000290       0x30 CMakeFiles/multicore.dir/C_/Pico/pico-sdk/src/rp2_common/pico_standard_link/binary_info.c.obj
 *(.init)
 .init          0x100002c0        0x4 c:/progra~2/gnuarm~1/102021~1.10/bin/../lib/gcc/arm-none-eabi/10.3.1/thumb/v6-m/nofp/crti.o
                0x100002c0                _init
 *(EXCLUDE_FILE(*libm.a: *libc.a:*lib_a-mem*.o *libgcc.a:) .text*)
 .text          0x100002c4       0x48 c:/progra~2/gnuarm~1/102021~1.10/bin/../lib/gcc/arm-none-eabi/10.3.1/thumb/v6-m/nofp/crtbegin.o
 .text.pinInit  0x1000030c       0x64 CMakeFiles/multicore.dir/multicore.c.obj
                0x1000030c                pinInit
 .text.forwards
                0x10000370       0x1e CMakeFiles/multicore.dir/multicore.c.obj
                0x10000370                forwards
 .text.turn_right
                0x1000038e       0x1e CMakeFiles/multicore.dir/multicore.c.obj
                0x1000038e                turn_right
 .text.secondCoreCode
                0x100003ac       0x30 CMakeFiles/multicore.dir/multicore.c.obj
                0x100003ac                secondCoreCode
 .text.main     0x100003dc       0xf0 CMakeFiles/multicore.dir/multicore.c.obj
                0x100003dc                main
 .text.set_sys_clock_pll
                0x100004cc       0x78 CMakeFiles/multicore.dir/C_/Pico/pico-sdk/src/rp2_common/pico_stdlib/stdlib.c.obj
                0x100004cc                set_sys_clock_pll
 .text.check_sys_clock_khz
                0x10000544       0xb0 CMakeFiles/multicore.dir/C_/Pico/pico-sdk/src/rp2_common/pico_stdlib/stdlib.c.obj
                0x10000544                check_sys_clock_khz
 .text.gpio_set_function
                0x100005f4       0x30 CMakeFiles/multicore.dir/C_/Pico/pico-sdk/src/rp2_common/hardware_gpio/gpio.c.obj
                0x100005f4                gpio_set_function
 .text.gpio_init
                0x10000624       0x16 CMakeFiles/multicore.dir/C_/Pico/pico-sdk/src/rp2_common/hardware_gpio/gpio.c.obj
                0x10000624                gpio_init
 *fill*         0x1000063a        0x2 
 .text.hw_claim_lock
                0x1000063c       0x18 CMakeFiles/multicore.dir/C_/Pico/pico-sdk/src/rp2_common/hardware_claim/claim.c.obj
                0x1000063c                hw_claim_lock
 .text.hw_claim_unlock
                0x10000654       0x14 CMakeFiles/multicore.dir/C_/Pico/pico-sdk/src/rp2_common/hardware_claim/claim.c.obj
                0x10000654                hw_claim_unlock
 .text.hw_claim_or_assert
                0x10000668       0x32 CMakeFiles/multicore.dir/C_/Pico/pico-sdk/src/rp2_common/hardware_claim/claim.c.obj
                0x10000668                hw_claim_or_assert
 .text.hw_claim_unused_from_range
                0x1000069a       0x50 CMakeFiles/multicore.dir/C_/Pico/pico-sdk/src/rp2_common/hardware_claim/claim.c.obj
                0x1000069a                hw_claim_unused_from_range
 *fill*         0x100006ea        0x2 
 .text.running_on_fpga
                0x100006ec       0x14 CMakeFiles/multicore.dir/C_/Pico/pico-sdk/src/rp2_common/pico_platform/platform.c.obj
                0x100006ec                running_on_fpga
 .text.spin_locks_reset
                0x10000700       0x20 CMakeFiles/multicore.dir/C_/Pico/pico-sdk/src/rp2_common/hardware_sync/sync.c.obj
                0x10000700                spin_locks_reset
 .text.next_striped_spin_lock_num
                0x10000720       0x1c CMakeFiles/multicore.dir/C_/Pico/pico-sdk/src/rp2_common/hardware_sync/sync.c.obj
                0x10000720                next_striped_spin_lock_num
 .text.spin_lock_claim_unused
                0x1000073c       0x20 CMakeFiles/multicore.dir/C_/Pico/pico-sdk/src/rp2_common/hardware_sync/sync.c.obj
                0x1000073c                spin_lock_claim_unused
 .text.alarm_pool_post_alloc_init
                0x1000075c       0x40 CMakeFiles/multicore.dir/C_/Pico/pico-sdk/src/common/pico_time/time.c.obj
 .text.sleep_until_callback
                0x1000079c       0x30 CMakeFiles/multicore.dir/C_/Pico/pico-sdk/src/common/pico_time/time.c.obj
 .text.timer_pool_entry_comparator
                0x100007cc       0x7c CMakeFiles/multicore.dir/C_/Pico/pico-sdk/src/common/pico_time/time.c.obj
                0x100007cc                timer_pool_entry_comparator
 .text.ph_add_child_node
                0x10000848       0xa4 CMakeFiles/multicore.dir/C_/Pico/pico-sdk/src/common/pico_time/time.c.obj
 .text.ph_merge_nodes
                0x100008ec       0x3e CMakeFiles/multicore.dir/C_/Pico/pico-sdk/src/common/pico_time/time.c.obj
 *fill*         0x1000092a        0x2 
 .text.add_alarm_under_lock
                0x1000092c      0x174 CMakeFiles/multicore.dir/C_/Pico/pico-sdk/src/common/pico_time/time.c.obj
 .text.alarm_pool_alarm_callback
                0x10000aa0      0x328 CMakeFiles/multicore.dir/C_/Pico/pico-sdk/src/common/pico_time/time.c.obj
 .text.alarm_pool_init_default
                0x10000dc8       0x38 CMakeFiles/multicore.dir/C_/Pico/pico-sdk/src/common/pico_time/time.c.obj
                0x10000dc8                alarm_pool_init_default
 .text.alarm_pool_get_default
                0x10000e00       0x2c CMakeFiles/multicore.dir/C_/Pico/pico-sdk/src/common/pico_time/time.c.obj
                0x10000e00                alarm_pool_get_default
 .text.alarm_pool_add_alarm_at
                0x10000e2c      0x170 CMakeFiles/multicore.dir/C_/Pico/pico-sdk/src/common/pico_time/time.c.obj
                0x10000e2c                alarm_pool_add_alarm_at
 .text.alarm_pool_cancel_alarm
                0x10000f9c       0xec CMakeFiles/multicore.dir/C_/Pico/pico-sdk/src/common/pico_time/time.c.obj
                0x10000f9c                alarm_pool_cancel_alarm
 .text.sleep_until
                0x10001088       0xfc CMakeFiles/multicore.dir/C_/Pico/pico-sdk/src/common/pico_time/time.c.obj
                0x10001088                sleep_until
 .text.sleep_us
                0x10001184       0x58 CMakeFiles/multicore.dir/C_/Pico/pico-sdk/src/common/pico_time/time.c.obj
                0x10001184                sleep_us
 .text.sleep_ms
                0x100011dc       0x14 CMakeFiles/multicore.dir/C_/Pico/pico-sdk/src/common/pico_time/time.c.obj
                0x100011dc                sleep_ms
 .text.best_effort_wfe_or_timeout
                0x100011f0       0x80 CMakeFiles/multicore.dir/C_/Pico/pico-sdk/src/common/pico_time/time.c.obj
                0x100011f0                best_effort_wfe_or_timeout
 .text.hardware_alarm_irq_handler
                0x10001270       0x8c CMakeFiles/multicore.dir/C_/Pico/pico-sdk/src/rp2_common/hardware_timer/timer.c.obj
 .text.hardware_alarm_claim
                0x100012fc       0x18 CMakeFiles/multicore.dir/C_/Pico/pico-sdk/src/rp2_common/hardware_timer/timer.c.obj
                0x100012fc                hardware_alarm_claim
 .text.time_us_64
                0x10001314       0x18 CMakeFiles/multicore.dir/C_/Pico/pico-sdk/src/rp2_common/hardware_timer/timer.c.obj
                0x10001314                time_us_64
 .text.busy_wait_until
                0x1000132c       0x28 CMakeFiles/multicore.dir/C_/Pico/pico-sdk/src/rp2_common/hardware_timer/timer.c.obj
                0x1000132c                busy_wait_until
 .text.hardware_alarm_set_callback
                0x10001354       0x90 CMakeFiles/multicore.dir/C_/Pico/pico-sdk/src/rp2_common/hardware_timer/timer.c.obj
                0x10001354                hardware_alarm_set_callback
 .text.hardware_alarm_set_target
                0x100013e4       0xe8 CMakeFiles/multicore.dir/C_/Pico/pico-sdk/src/rp2_common/hardware_timer/timer.c.obj
                0x100013e4                hardware_alarm_set_target
 .text.hardware_alarm_cancel
                0x100014cc       0x40 CMakeFiles/multicore.dir/C_/Pico/pico-sdk/src/rp2_common/hardware_timer/timer.c.obj
                0x100014cc                hardware_alarm_cancel
 .text.lock_init
                0x1000150c       0x10 CMakeFiles/multicore.dir/C_/Pico/pico-sdk/src/common/pico_sync/lock_core.c.obj
                0x1000150c                lock_init
 .text.mutex_init_internal
                0x1000151c       0x1e CMakeFiles/multicore.dir/C_/Pico/pico-sdk/src/common/pico_sync/mutex.c.obj
 .text.mutex_init
                0x1000153a        0xa CMakeFiles/multicore.dir/C_/Pico/pico-sdk/src/common/pico_sync/mutex.c.obj
                0x1000153a                mutex_init
 .text.recursive_mutex_init
                0x10001544        0xa CMakeFiles/multicore.dir/C_/Pico/pico-sdk/src/common/pico_sync/mutex.c.obj
                0x10001544                recursive_mutex_init
 *fill*         0x1000154e        0x2 
 .text.critical_section_init_with_lock_num
                0x10001550       0x14 CMakeFiles/multicore.dir/C_/Pico/pico-sdk/src/common/pico_sync/critical_section.c.obj
                0x10001550                critical_section_init_with_lock_num
 .text.critical_section_init
                0x10001564       0x14 CMakeFiles/multicore.dir/C_/Pico/pico-sdk/src/common/pico_sync/critical_section.c.obj
                0x10001564                critical_section_init
 .text.ph_add_child_node
                0x10001578       0xa4 CMakeFiles/multicore.dir/C_/Pico/pico-sdk/src/common/pico_util/pheap.c.obj
 .text.ph_merge_nodes
                0x1000161c       0x3e CMakeFiles/multicore.dir/C_/Pico/pico-sdk/src/common/pico_util/pheap.c.obj
 *fill*         0x1000165a        0x2 
 .text.ph_clear
                0x1000165c       0x70 CMakeFiles/multicore.dir/C_/Pico/pico-sdk/src/common/pico_util/pheap.c.obj
                0x1000165c                ph_clear
 .text.ph_post_alloc_init
                0x100016cc        0xe CMakeFiles/multicore.dir/C_/Pico/pico-sdk/src/common/pico_util/pheap.c.obj
                0x100016cc                ph_post_alloc_init
 *fill*         0x100016da        0x2 
 .text.ph_merge_two_pass
                0x100016dc       0xa8 CMakeFiles/multicore.dir/C_/Pico/pico-sdk/src/common/pico_util/pheap.c.obj
                0x100016dc                ph_merge_two_pass
 .text.ph_remove_any_head
                0x10001784      0x108 CMakeFiles/multicore.dir/C_/Pico/pico-sdk/src/common/pico_util/pheap.c.obj
 .text.ph_remove_head
                0x1000188c       0x14 CMakeFiles/multicore.dir/C_/Pico/pico-sdk/src/common/pico_util/pheap.c.obj
                0x1000188c                ph_remove_head
 .text.ph_remove_and_free_node
                0x100018a0       0xf8 CMakeFiles/multicore.dir/C_/Pico/pico-sdk/src/common/pico_util/pheap.c.obj
                0x100018a0                ph_remove_and_free_node
 .text.runtime_init
                0x10001998       0xd8 CMakeFiles/multicore.dir/C_/Pico/pico-sdk/src/rp2_common/pico_runtime/runtime.c.obj
                0x10001998                runtime_init
 .text._exit    0x10001a70        0x4 CMakeFiles/multicore.dir/C_/Pico/pico-sdk/src/rp2_common/pico_runtime/runtime.c.obj
                0x10001a70                _exit
 .text.exit     0x10001a74        0x6 CMakeFiles/multicore.dir/C_/Pico/pico-sdk/src/rp2_common/pico_runtime/runtime.c.obj
                0x10001a74                exit
 *fill*         0x10001a7a        0x2 
 .text.__assert_func
                0x10001a7c       0x3c CMakeFiles/multicore.dir/C_/Pico/pico-sdk/src/rp2_common/pico_runtime/runtime.c.obj
                0x10001a7c                __assert_func
 .text.panic    0x10001ab8       0x30 CMakeFiles/multicore.dir/C_/Pico/pico-sdk/src/rp2_common/pico_runtime/runtime.c.obj
                0x10001ab8                panic
 .text.clock_configure
                0x10001ae8      0x104 CMakeFiles/multicore.dir/C_/Pico/pico-sdk/src/rp2_common/hardware_clocks/clocks.c.obj
                0x10001ae8                clock_configure
 .text.clocks_init
                0x10001bec      0x100 CMakeFiles/multicore.dir/C_/Pico/pico-sdk/src/rp2_common/hardware_clocks/clocks.c.obj
                0x10001bec                clocks_init
 .text.clock_get_hz
                0x10001cec        0xc CMakeFiles/multicore.dir/C_/Pico/pico-sdk/src/rp2_common/hardware_clocks/clocks.c.obj
                0x10001cec                clock_get_hz
 .text.set_raw_irq_handler_and_unlock
                0x10001cf8       0x28 CMakeFiles/multicore.dir/C_/Pico/pico-sdk/src/rp2_common/hardware_irq/irq.c.obj
 .text.make_branch
                0x10001d20       0x34 CMakeFiles/multicore.dir/C_/Pico/pico-sdk/src/rp2_common/hardware_irq/irq.c.obj
 .text.insert_branch_and_link
                0x10001d54       0x40 CMakeFiles/multicore.dir/C_/Pico/pico-sdk/src/rp2_common/hardware_irq/irq.c.obj
 .text.irq_is_enabled
                0x10001d94       0x18 CMakeFiles/multicore.dir/C_/Pico/pico-sdk/src/rp2_common/hardware_irq/irq.c.obj
                0x10001d94                irq_is_enabled
 .text.irq_set_mask_enabled
                0x10001dac       0x20 CMakeFiles/multicore.dir/C_/Pico/pico-sdk/src/rp2_common/hardware_irq/irq.c.obj
                0x10001dac                irq_set_mask_enabled
 .text.irq_set_enabled
                0x10001dcc        0xe CMakeFiles/multicore.dir/C_/Pico/pico-sdk/src/rp2_common/hardware_irq/irq.c.obj
                0x10001dcc                irq_set_enabled
 *fill*         0x10001dda        0x2 
 .text.irq_set_pending
                0x10001ddc       0x10 CMakeFiles/multicore.dir/C_/Pico/pico-sdk/src/rp2_common/hardware_irq/irq.c.obj
                0x10001ddc                irq_set_pending
 .text.irq_get_vtable_handler
                0x10001dec       0x10 CMakeFiles/multicore.dir/C_/Pico/pico-sdk/src/rp2_common/hardware_irq/irq.c.obj
                0x10001dec                irq_get_vtable_handler
 .text.irq_set_exclusive_handler
                0x10001dfc       0x54 CMakeFiles/multicore.dir/C_/Pico/pico-sdk/src/rp2_common/hardware_irq/irq.c.obj
                0x10001dfc                irq_set_exclusive_handler
 .text.irq_remove_handler
                0x10001e50      0x1ac CMakeFiles/multicore.dir/C_/Pico/pico-sdk/src/rp2_common/hardware_irq/irq.c.obj
                0x10001e50                irq_remove_handler
 .text.irq_set_priority
                0x10001ffc       0x28 CMakeFiles/multicore.dir/C_/Pico/pico-sdk/src/rp2_common/hardware_irq/irq.c.obj
                0x10001ffc                irq_set_priority
 .text.irq_add_tail_to_free_list
                0x10002024       0xf0 CMakeFiles/multicore.dir/C_/Pico/pico-sdk/src/rp2_common/hardware_irq/irq.c.obj
                0x10002024                irq_add_tail_to_free_list
 .text.irq_init_priorities
                0x10002114       0x16 CMakeFiles/multicore.dir/C_/Pico/pico-sdk/src/rp2_common/hardware_irq/irq.c.obj
                0x10002114                irq_init_priorities
 *fill*         0x1000212a        0x2 
 .text.pll_init
                0x1000212c      0x118 CMakeFiles/multicore.dir/C_/Pico/pico-sdk/src/rp2_common/hardware_pll/pll.c.obj
                0x1000212c                pll_init
 .text.watchdog_start_tick
                0x10002244       0x10 CMakeFiles/multicore.dir/C_/Pico/pico-sdk/src/rp2_common/hardware_watchdog/watchdog.c.obj
                0x10002244                watchdog_start_tick
 .text.watchdog_update
                0x10002254       0x14 CMakeFiles/multicore.dir/C_/Pico/pico-sdk/src/rp2_common/hardware_watchdog/watchdog.c.obj
                0x10002254                watchdog_update
 .text._watchdog_enable
                0x10002268       0x70 CMakeFiles/multicore.dir/C_/Pico/pico-sdk/src/rp2_common/hardware_watchdog/watchdog.c.obj
                0x10002268                _watchdog_enable
 .text.watchdog_reboot
                0x100022d8       0x48 CMakeFiles/multicore.dir/C_/Pico/pico-sdk/src/rp2_common/hardware_watchdog/watchdog.c.obj
                0x100022d8                watchdog_reboot
 .text.xosc_init
                0x10002320       0x28 CMakeFiles/multicore.dir/C_/Pico/pico-sdk/src/rp2_common/hardware_xosc/xosc.c.obj
                0x10002320                xosc_init
 .text._out_null
                0x10002348        0x2 CMakeFiles/multicore.dir/C_/Pico/pico-sdk/src/rp2_common/pico_printf/printf.c.obj
 .text._out_fct
                0x1000234a        0xe CMakeFiles/multicore.dir/C_/Pico/pico-sdk/src/rp2_common/pico_printf/printf.c.obj
 .text._atoi    0x10002358       0x24 CMakeFiles/multicore.dir/C_/Pico/pico-sdk/src/rp2_common/pico_printf/printf.c.obj
 .text._out_rev
                0x1000237c       0xae CMakeFiles/multicore.dir/C_/Pico/pico-sdk/src/rp2_common/pico_printf/printf.c.obj
 .text._ntoa_format
                0x1000242a      0x112 CMakeFiles/multicore.dir/C_/Pico/pico-sdk/src/rp2_common/pico_printf/printf.c.obj
 .text._ntoa_long
                0x1000253c       0xbc CMakeFiles/multicore.dir/C_/Pico/pico-sdk/src/rp2_common/pico_printf/printf.c.obj
 .text._ntoa_long_long
                0x100025f8       0xe2 CMakeFiles/multicore.dir/C_/Pico/pico-sdk/src/rp2_common/pico_printf/printf.c.obj
 *fill*         0x100026da        0x2 
 .text._etoa    0x100026dc      0x414 CMakeFiles/multicore.dir/C_/Pico/pico-sdk/src/rp2_common/pico_printf/printf.c.obj
 .text._ftoa    0x10002af0      0x354 CMakeFiles/multicore.dir/C_/Pico/pico-sdk/src/rp2_common/pico_printf/printf.c.obj
 .text._vsnprintf
                0x10002e44      0x624 CMakeFiles/multicore.dir/C_/Pico/pico-sdk/src/rp2_common/pico_printf/printf.c.obj
 .text.vfctprintf
                0x10003468       0x20 CMakeFiles/multicore.dir/C_/Pico/pico-sdk/src/rp2_common/pico_printf/printf.c.obj
                0x10003468                vfctprintf
 .text          0x10003488       0x10 CMakeFiles/multicore.dir/C_/Pico/pico-sdk/src/rp2_common/pico_bit_ops/bit_ops_aeabi.S.obj
 .text.rom_func_lookup
                0x10003498       0x10 CMakeFiles/multicore.dir/C_/Pico/pico-sdk/src/rp2_common/pico_bootrom/bootrom.c.obj
                0x10003498                rom_func_lookup
 .text.rom_data_lookup
                0x100034a8       0x10 CMakeFiles/multicore.dir/C_/Pico/pico-sdk/src/rp2_common/pico_bootrom/bootrom.c.obj
                0x100034a8                rom_data_lookup
 .text.rom_funcs_lookup
                0x100034b8       0x36 CMakeFiles/multicore.dir/C_/Pico/pico-sdk/src/rp2_common/pico_bootrom/bootrom.c.obj
                0x100034b8                rom_funcs_lookup
 *fill*         0x100034ee        0x2 
 .text.__wrap___aeabi_idiv
                0x100034f0       0x50 CMakeFiles/multicore.dir/C_/Pico/pico-sdk/src/rp2_common/pico_divider/divider.S.obj
                0x100034f0                __wrap___aeabi_idivmod
                0x100034f0                divmod_s32s32
                0x100034f0                div_s32s32
                0x100034f0                __wrap___aeabi_idiv
                0x100034f8                divmod_s32s32_unsafe
                0x10003524                divmod_s32s32_savestate
 .text.__wrap___aeabi_uidiv
                0x10003540       0x4c CMakeFiles/multicore.dir/C_/Pico/pico-sdk/src/rp2_common/pico_divider/divider.S.obj
                0x10003540                __wrap___aeabi_uidiv
                0x10003540                __wrap___aeabi_uidivmod
                0x10003540                div_u32u32
                0x10003540                divmod_u32u32
                0x10003548                divmod_u32u32_unsafe
                0x10003570                divmod_u32u32_savestate
 .text.__wrap___aeabi_ldiv
                0x1000358c      0x430 CMakeFiles/multicore.dir/C_/Pico/pico-sdk/src/rp2_common/pico_divider/divider.S.obj
                0x1000358c                div_s64s64
                0x1000358c                divmod_s64s64
                0x1000358c                __wrap___aeabi_ldivmod
                0x100035c4                divmod_u64u64
                0x100035c4                div_u64u64
                0x100035c4                __wrap___aeabi_uldivmod
                0x100035d4                divmod_u64u64_savestate
                0x100035fc                divmod_s64s64_unsafe
                0x10003684                divmod_u64u64_unsafe
 .text.__wrap___aeabi_darithmetic
                0x100039bc       0x80 CMakeFiles/multicore.dir/C_/Pico/pico-sdk/src/rp2_common/pico_double/double_aeabi.S.obj
                0x100039bc                __wrap___aeabi_drsub
                0x100039c2                __wrap___aeabi_dsub
                0x100039d4                __wrap___aeabi_dadd
                0x100039e6                __wrap___aeabi_ddiv
                0x10003a22                __wrap___aeabi_dmul
 .text.__wrap___aeabi_cdcmple
                0x10003a3c       0x6c CMakeFiles/multicore.dir/C_/Pico/pico-sdk/src/rp2_common/pico_double/double_aeabi.S.obj
                0x10003a3c                __wrap___aeabi_cdrcmple
                0x10003a4c                __wrap___aeabi_cdcmpeq
                0x10003a4c                __wrap___aeabi_cdcmple
 .text.__wrap___aeabi_dcmplt
                0x10003aa8        0xc CMakeFiles/multicore.dir/C_/Pico/pico-sdk/src/rp2_common/pico_double/double_aeabi.S.obj
                0x10003aa8                __wrap___aeabi_dcmplt
 .text.__wrap___aeabi_dcmple
                0x10003ab4       0x10 CMakeFiles/multicore.dir/C_/Pico/pico-sdk/src/rp2_common/pico_double/double_aeabi.S.obj
                0x10003ab4                __wrap___aeabi_dcmple
 .text.__wrap___aeabi_dcmpge
                0x10003ac4       0x10 CMakeFiles/multicore.dir/C_/Pico/pico-sdk/src/rp2_common/pico_double/double_aeabi.S.obj
                0x10003ac4                __wrap___aeabi_dcmpge
 .text.__wrap___aeabi_dcmpgt
                0x10003ad4        0xa CMakeFiles/multicore.dir/C_/Pico/pico-sdk/src/rp2_common/pico_double/double_aeabi.S.obj
                0x10003ad4                __wrap___aeabi_dcmpgt
 .text.__wrap___aeabi_dcmpun
                0x10003ade       0x1c CMakeFiles/multicore.dir/C_/Pico/pico-sdk/src/rp2_common/pico_double/double_aeabi.S.obj
                0x10003ade                __wrap___aeabi_dcmpun
 *fill*         0x10003afa        0x2 
 .text.__wrap___aeabi_i2d
                0x10003afc       0x38 CMakeFiles/multicore.dir/C_/Pico/pico-sdk/src/rp2_common/pico_double/double_aeabi.S.obj
                0x10003afc                __wrap___aeabi_ui2d
                0x10003b04                __wrap___aeabi_i2d
 .text.__wrap___aeabi_d2iz
                0x10003b34       0x48 CMakeFiles/multicore.dir/C_/Pico/pico-sdk/src/rp2_common/pico_double/double_aeabi.S.obj
                0x10003b34                double2int_z
                0x10003b34                __wrap___aeabi_d2iz
 .text.__wrap___aeabi_d2uiz
                0x10003b7c       0x18 CMakeFiles/multicore.dir/C_/Pico/pico-sdk/src/rp2_common/pico_double/double_aeabi.S.obj
                0x10003b7c                __wrap___aeabi_d2uiz
                0x10003b7c                double2uint
 .text.__aeabi_double_init
                0x10003b94       0xb8 CMakeFiles/multicore.dir/C_/Pico/pico-sdk/src/rp2_common/pico_double/double_init_rom.c.obj
                0x10003b94                __aeabi_double_init
 .text.double_table_shim_on_use_helper
                0x10003c4c       0x34 CMakeFiles/multicore.dir/C_/Pico/pico-sdk/src/rp2_common/pico_double/double_v1_rom_shim.S.obj
                0x10003c4c                double_table_shim_on_use_helper
 .text.__wrap___aeabi_dsub
                0x10003c80       0x10 CMakeFiles/multicore.dir/C_/Pico/pico-sdk/src/rp2_common/pico_double/double_v1_rom_shim.S.obj
                0x10003c80                drsub_shim
                0x10003c86                dsub_shim
 .text.dadd_shim
                0x10003c90      0x15c CMakeFiles/multicore.dir/C_/Pico/pico-sdk/src/rp2_common/pico_double/double_v1_rom_shim.S.obj
                0x10003c90                dadd_shim
 .text.dmul_shim
                0x10003dec      0x15c CMakeFiles/multicore.dir/C_/Pico/pico-sdk/src/rp2_common/pico_double/double_v1_rom_shim.S.obj
                0x10003dec                dmul_shim
 .text.ddiv_shim
                0x10003f48      0x1b0 CMakeFiles/multicore.dir/C_/Pico/pico-sdk/src/rp2_common/pico_double/double_v1_rom_shim.S.obj
                0x10003f48                ddiv_shim
 .text.dcordic_rot_step
                0x100040f8       0x7c CMakeFiles/multicore.dir/C_/Pico/pico-sdk/src/rp2_common/pico_double/double_v1_rom_shim.S.obj
                0x100040f8                dcordic_rot_step
 .text.double2uint_shim
                0x10004174        0xe CMakeFiles/multicore.dir/C_/Pico/pico-sdk/src/rp2_common/pico_double/double_v1_rom_shim.S.obj
                0x10004174                double2uint_shim
                0x10004176                double2ufix_shim
 *fill*         0x10004182        0x2 
 .text.double2uint64_shim
                0x10004184       0x6c CMakeFiles/multicore.dir/C_/Pico/pico-sdk/src/rp2_common/pico_double/double_v1_rom_shim.S.obj
                0x10004184                double2uint64_shim
                0x10004186                double2ufix64_shim
                0x100041a0                d2fix_a
 .text.dunpacks
                0x100041f0       0x3c CMakeFiles/multicore.dir/C_/Pico/pico-sdk/src/rp2_common/pico_double/double_v1_rom_shim.S.obj
                0x100041f0                dunpacks
 .text.__aeabi_lmul
                0x1000422c       0x32 CMakeFiles/multicore.dir/C_/Pico/pico-sdk/src/rp2_common/pico_int64_ops/pico_int64_ops_aeabi.S.obj
                0x1000422c                __wrap___aeabi_lmul
 *fill*         0x1000425e        0x2 
 .text.__aeabi_float_init
                0x10004260       0xfc CMakeFiles/multicore.dir/C_/Pico/pico-sdk/src/rp2_common/pico_float/float_init_rom.c.obj
                0x10004260                __aeabi_float_init
 .text.float_table_shim_on_use_helper
                0x1000435c       0x34 CMakeFiles/multicore.dir/C_/Pico/pico-sdk/src/rp2_common/pico_float/float_v1_rom_shim.S.obj
                0x1000435c                float_table_shim_on_use_helper
 .text          0x10004390       0x10 CMakeFiles/multicore.dir/C_/Pico/pico-sdk/src/rp2_common/pico_mem_ops/mem_ops_aeabi.S.obj
                0x10004390                __aeabi_mem_init
 .text.memset   0x100043a0        0xc CMakeFiles/multicore.dir/C_/Pico/pico-sdk/src/rp2_common/pico_mem_ops/mem_ops_aeabi.S.obj
                0x100043a0                __wrap_memset
 .text.memcpy   0x100043ac        0xc CMakeFiles/multicore.dir/C_/Pico/pico-sdk/src/rp2_common/pico_mem_ops/mem_ops_aeabi.S.obj
                0x100043ac                __wrap_memcpy
                0x100043ac                __wrap___aeabi_memcpy
 .text.stdio_out_chars_crlf
                0x100043b8       0x80 CMakeFiles/multicore.dir/C_/Pico/pico-sdk/src/rp2_common/pico_stdio/stdio.c.obj
 .text.stdio_stack_buffer_flush
                0x10004438       0x44 CMakeFiles/multicore.dir/C_/Pico/pico-sdk/src/rp2_common/pico_stdio/stdio.c.obj
 .text.stdio_buffered_printer
                0x1000447c       0x20 CMakeFiles/multicore.dir/C_/Pico/pico-sdk/src/rp2_common/pico_stdio/stdio.c.obj
 .text.stdout_serialize_begin
                0x1000449c       0x30 CMakeFiles/multicore.dir/C_/Pico/pico-sdk/src/rp2_common/pico_stdio/stdio.c.obj
                0x1000449c                stdout_serialize_begin
 .text.stdout_serialize_end
                0x100044cc       0x10 CMakeFiles/multicore.dir/C_/Pico/pico-sdk/src/rp2_common/pico_stdio/stdio.c.obj
                0x100044cc                stdout_serialize_end
 .text.stdio_put_string
                0x100044dc       0x84 CMakeFiles/multicore.dir/C_/Pico/pico-sdk/src/rp2_common/pico_stdio/stdio.c.obj
 .text.stdio_set_driver_enabled
                0x10004560       0x38 CMakeFiles/multicore.dir/C_/Pico/pico-sdk/src/rp2_common/pico_stdio/stdio.c.obj
                0x10004560                stdio_set_driver_enabled
 .text.stdio_flush
                0x10004598       0x20 CMakeFiles/multicore.dir/C_/Pico/pico-sdk/src/rp2_common/pico_stdio/stdio.c.obj
                0x10004598                stdio_flush
 .text.__wrap_puts
                0x100045b8       0x1c CMakeFiles/multicore.dir/C_/Pico/pico-sdk/src/rp2_common/pico_stdio/stdio.c.obj
                0x100045b8                __wrap_puts
 .text.__wrap_vprintf
                0x100045d4       0x44 CMakeFiles/multicore.dir/C_/Pico/pico-sdk/src/rp2_common/pico_stdio/stdio.c.obj
                0x100045d4                __wrap_vprintf
 .text.__wrap_printf
                0x10004618       0x18 CMakeFiles/multicore.dir/C_/Pico/pico-sdk/src/rp2_common/pico_stdio/stdio.c.obj
                0x10004618                __wrap_printf
 .text.stdio_init_all
                0x10004630        0x8 CMakeFiles/multicore.dir/C_/Pico/pico-sdk/src/rp2_common/pico_stdio/stdio.c.obj
                0x10004630                stdio_init_all
 .text.resetd_init
                0x10004638        0x2 CMakeFiles/multicore.dir/C_/Pico/pico-sdk/src/rp2_common/pico_stdio_usb/reset_interface.c.obj
 *fill*         0x1000463a        0x2 
 .text.resetd_reset
                0x1000463c        0xc CMakeFiles/multicore.dir/C_/Pico/pico-sdk/src/rp2_common/pico_stdio_usb/reset_interface.c.obj
 .text.resetd_open
                0x10004648       0x34 CMakeFiles/multicore.dir/C_/Pico/pico-sdk/src/rp2_common/pico_stdio_usb/reset_interface.c.obj
 .text.resetd_xfer_cb
                0x1000467c        0x4 CMakeFiles/multicore.dir/C_/Pico/pico-sdk/src/rp2_common/pico_stdio_usb/reset_interface.c.obj
 .text.reset_usb_boot
                0x10004680       0x18 CMakeFiles/multicore.dir/C_/Pico/pico-sdk/src/rp2_common/pico_stdio_usb/reset_interface.c.obj
 .text.resetd_control_xfer_cb
                0x10004698       0x5c CMakeFiles/multicore.dir/C_/Pico/pico-sdk/src/rp2_common/pico_stdio_usb/reset_interface.c.obj
 .text.usbd_app_driver_get_cb
                0x100046f4        0xc CMakeFiles/multicore.dir/C_/Pico/pico-sdk/src/rp2_common/pico_stdio_usb/reset_interface.c.obj
                0x100046f4                usbd_app_driver_get_cb
 .text.tud_cdc_line_coding_cb
                0x10004700       0x28 CMakeFiles/multicore.dir/C_/Pico/pico-sdk/src/rp2_common/pico_stdio_usb/reset_interface.c.obj
                0x10004700                tud_cdc_line_coding_cb
 .text.stdio_usb_in_chars
                0x10004728       0x70 CMakeFiles/multicore.dir/C_/Pico/pico-sdk/src/rp2_common/pico_stdio_usb/stdio_usb.c.obj
                0x10004728                stdio_usb_in_chars
 .text.low_priority_worker_irq
                0x10004798       0x20 CMakeFiles/multicore.dir/C_/Pico/pico-sdk/src/rp2_common/pico_stdio_usb/stdio_usb.c.obj
 .text.stdio_usb_out_chars
                0x100047b8       0xd4 CMakeFiles/multicore.dir/C_/Pico/pico-sdk/src/rp2_common/pico_stdio_usb/stdio_usb.c.obj
 .text.timer_task
                0x1000488c       0x10 CMakeFiles/multicore.dir/C_/Pico/pico-sdk/src/rp2_common/pico_stdio_usb/stdio_usb.c.obj
 .text.stdio_usb_init
                0x1000489c       0xb8 CMakeFiles/multicore.dir/C_/Pico/pico-sdk/src/rp2_common/pico_stdio_usb/stdio_usb.c.obj
                0x1000489c                stdio_usb_init
 .text.tud_descriptor_device_cb
                0x10004954        0x8 CMakeFiles/multicore.dir/C_/Pico/pico-sdk/src/rp2_common/pico_stdio_usb/stdio_usb_descriptors.c.obj
                0x10004954                tud_descriptor_device_cb
 .text.tud_descriptor_configuration_cb
                0x1000495c        0x8 CMakeFiles/multicore.dir/C_/Pico/pico-sdk/src/rp2_common/pico_stdio_usb/stdio_usb_descriptors.c.obj
                0x1000495c                tud_descriptor_configuration_cb
 .text.tud_descriptor_string_cb
                0x10004964       0x68 CMakeFiles/multicore.dir/C_/Pico/pico-sdk/src/rp2_common/pico_stdio_usb/stdio_usb_descriptors.c.obj
                0x10004964                tud_descriptor_string_cb
 .text.hw_endpoint_get_by_addr
                0x100049cc       0x18 CMakeFiles/multicore.dir/C_/Pico/pico-sdk/lib/tinyusb/src/portable/raspberrypi/rp2040/dcd_rp2040.c.obj
 .text.reset_ep0
                0x100049e4       0x2c CMakeFiles/multicore.dir/C_/Pico/pico-sdk/lib/tinyusb/src/portable/raspberrypi/rp2040/dcd_rp2040.c.obj
 .text._hw_endpoint_alloc
                0x10004a10       0x80 CMakeFiles/multicore.dir/C_/Pico/pico-sdk/lib/tinyusb/src/portable/raspberrypi/rp2040/dcd_rp2040.c.obj
 .text._hw_endpoint_init
                0x10004a90       0xbc CMakeFiles/multicore.dir/C_/Pico/pico-sdk/lib/tinyusb/src/portable/raspberrypi/rp2040/dcd_rp2040.c.obj
 .text.hw_endpoint_init
                0x10004b4c       0x18 CMakeFiles/multicore.dir/C_/Pico/pico-sdk/lib/tinyusb/src/portable/raspberrypi/rp2040/dcd_rp2040.c.obj
 .text.hw_handle_buff_status
                0x10004b64       0xb4 CMakeFiles/multicore.dir/C_/Pico/pico-sdk/lib/tinyusb/src/portable/raspberrypi/rp2040/dcd_rp2040.c.obj
 .text.dcd_rp2040_irq
                0x10004c18       0xa8 CMakeFiles/multicore.dir/C_/Pico/pico-sdk/lib/tinyusb/src/portable/raspberrypi/rp2040/dcd_rp2040.c.obj
 .text.hw_endpoint_xfer
                0x10004cc0       0x18 CMakeFiles/multicore.dir/C_/Pico/pico-sdk/lib/tinyusb/src/portable/raspberrypi/rp2040/dcd_rp2040.c.obj
 .text.ep0_0len_status
                0x10004cd8       0x14 CMakeFiles/multicore.dir/C_/Pico/pico-sdk/lib/tinyusb/src/portable/raspberrypi/rp2040/dcd_rp2040.c.obj
 .text._hw_endpoint_stall
                0x10004cec       0x54 CMakeFiles/multicore.dir/C_/Pico/pico-sdk/lib/tinyusb/src/portable/raspberrypi/rp2040/dcd_rp2040.c.obj
 .text.hw_endpoint_stall
                0x10004d40        0xc CMakeFiles/multicore.dir/C_/Pico/pico-sdk/lib/tinyusb/src/portable/raspberrypi/rp2040/dcd_rp2040.c.obj
 .text._hw_endpoint_clear_stall
                0x10004d4c       0x34 CMakeFiles/multicore.dir/C_/Pico/pico-sdk/lib/tinyusb/src/portable/raspberrypi/rp2040/dcd_rp2040.c.obj
 .text.hw_endpoint_clear_stall
                0x10004d80        0xc CMakeFiles/multicore.dir/C_/Pico/pico-sdk/lib/tinyusb/src/portable/raspberrypi/rp2040/dcd_rp2040.c.obj
 .text.dcd_int_enable
                0x10004d8c       0x2c CMakeFiles/multicore.dir/C_/Pico/pico-sdk/lib/tinyusb/src/portable/raspberrypi/rp2040/dcd_rp2040.c.obj
                0x10004d8c                dcd_int_enable
 .text.dcd_set_address
                0x10004db8       0x28 CMakeFiles/multicore.dir/C_/Pico/pico-sdk/lib/tinyusb/src/portable/raspberrypi/rp2040/dcd_rp2040.c.obj
                0x10004db8                dcd_set_address
 .text.dcd_connect
                0x10004de0       0x30 CMakeFiles/multicore.dir/C_/Pico/pico-sdk/lib/tinyusb/src/portable/raspberrypi/rp2040/dcd_rp2040.c.obj
                0x10004de0                dcd_connect
 .text.dcd_init
                0x10004e10       0x84 CMakeFiles/multicore.dir/C_/Pico/pico-sdk/lib/tinyusb/src/portable/raspberrypi/rp2040/dcd_rp2040.c.obj
                0x10004e10                dcd_init
 .text.dcd_edpt0_status_complete
                0x10004e94       0x40 CMakeFiles/multicore.dir/C_/Pico/pico-sdk/lib/tinyusb/src/portable/raspberrypi/rp2040/dcd_rp2040.c.obj
                0x10004e94                dcd_edpt0_status_complete
 .text.dcd_edpt_open
                0x10004ed4       0x40 CMakeFiles/multicore.dir/C_/Pico/pico-sdk/lib/tinyusb/src/portable/raspberrypi/rp2040/dcd_rp2040.c.obj
                0x10004ed4                dcd_edpt_open
 .text.dcd_edpt_xfer
                0x10004f14       0x34 CMakeFiles/multicore.dir/C_/Pico/pico-sdk/lib/tinyusb/src/portable/raspberrypi/rp2040/dcd_rp2040.c.obj
                0x10004f14                dcd_edpt_xfer
 .text.dcd_edpt_stall
                0x10004f48       0x28 CMakeFiles/multicore.dir/C_/Pico/pico-sdk/lib/tinyusb/src/portable/raspberrypi/rp2040/dcd_rp2040.c.obj
                0x10004f48                dcd_edpt_stall
 .text.dcd_edpt_clear_stall
                0x10004f70       0x2c CMakeFiles/multicore.dir/C_/Pico/pico-sdk/lib/tinyusb/src/portable/raspberrypi/rp2040/dcd_rp2040.c.obj
                0x10004f70                dcd_edpt_clear_stall
 .text.rp2040_usb_init
                0x10004f9c       0x50 CMakeFiles/multicore.dir/C_/Pico/pico-sdk/lib/tinyusb/src/portable/raspberrypi/rp2040/rp2040_usb.c.obj
                0x10004f9c                rp2040_usb_init
 .text.hw_endpoint_reset_transfer
                0x10004fec       0x10 CMakeFiles/multicore.dir/C_/Pico/pico-sdk/lib/tinyusb/src/portable/raspberrypi/rp2040/rp2040_usb.c.obj
                0x10004fec                hw_endpoint_reset_transfer
 .text._hw_endpoint_buffer_control_update32
                0x10004ffc       0x58 CMakeFiles/multicore.dir/C_/Pico/pico-sdk/lib/tinyusb/src/portable/raspberrypi/rp2040/rp2040_usb.c.obj
                0x10004ffc                _hw_endpoint_buffer_control_update32
 .text._hw_endpoint_start_next_buffer
                0x10005054       0x50 CMakeFiles/multicore.dir/C_/Pico/pico-sdk/lib/tinyusb/src/portable/raspberrypi/rp2040/rp2040_usb.c.obj
                0x10005054                _hw_endpoint_start_next_buffer
 .text._hw_endpoint_xfer_start
                0x100050a4       0x3e CMakeFiles/multicore.dir/C_/Pico/pico-sdk/lib/tinyusb/src/portable/raspberrypi/rp2040/rp2040_usb.c.obj
                0x100050a4                _hw_endpoint_xfer_start
 *fill*         0x100050e2        0x2 
 .text._hw_endpoint_xfer_sync
                0x100050e4       0x74 CMakeFiles/multicore.dir/C_/Pico/pico-sdk/lib/tinyusb/src/portable/raspberrypi/rp2040/rp2040_usb.c.obj
                0x100050e4                _hw_endpoint_xfer_sync
 .text._hw_endpoint_xfer_continue
                0x10005158       0x60 CMakeFiles/multicore.dir/C_/Pico/pico-sdk/lib/tinyusb/src/portable/raspberrypi/rp2040/rp2040_usb.c.obj
                0x10005158                _hw_endpoint_xfer_continue
 .text._hw_endpoint_xfer
                0x100051b8       0x34 CMakeFiles/multicore.dir/C_/Pico/pico-sdk/lib/tinyusb/src/portable/raspberrypi/rp2040/rp2040_usb.c.obj
                0x100051b8                _hw_endpoint_xfer
 .text.mark_interface_endpoint
                0x100051ec       0x2a CMakeFiles/multicore.dir/C_/Pico/pico-sdk/lib/tinyusb/src/device/usbd.c.obj
 *fill*         0x10005216        0x2 
 .text.usbd_reset
                0x10005218       0x88 CMakeFiles/multicore.dir/C_/Pico/pico-sdk/lib/tinyusb/src/device/usbd.c.obj
 .text.invoke_class_control
                0x100052a0       0x1a CMakeFiles/multicore.dir/C_/Pico/pico-sdk/lib/tinyusb/src/device/usbd.c.obj
 *fill*         0x100052ba        0x2 
 .text.process_set_config
                0x100052bc      0x1d4 CMakeFiles/multicore.dir/C_/Pico/pico-sdk/lib/tinyusb/src/device/usbd.c.obj
 .text.process_get_descriptor
                0x10005490       0xf8 CMakeFiles/multicore.dir/C_/Pico/pico-sdk/lib/tinyusb/src/device/usbd.c.obj
 .text.tud_mounted
                0x10005588       0x10 CMakeFiles/multicore.dir/C_/Pico/pico-sdk/lib/tinyusb/src/device/usbd.c.obj
                0x10005588                tud_mounted
 .text.tud_suspended
                0x10005598       0x10 CMakeFiles/multicore.dir/C_/Pico/pico-sdk/lib/tinyusb/src/device/usbd.c.obj
                0x10005598                tud_suspended
 .text.tud_inited
                0x100055a8        0xc CMakeFiles/multicore.dir/C_/Pico/pico-sdk/lib/tinyusb/src/device/usbd.c.obj
                0x100055a8                tud_inited
 .text.tud_init
                0x100055b4       0xcc CMakeFiles/multicore.dir/C_/Pico/pico-sdk/lib/tinyusb/src/device/usbd.c.obj
                0x100055b4                tud_init
 .text.dcd_event_handler
                0x10005680      0x174 CMakeFiles/multicore.dir/C_/Pico/pico-sdk/lib/tinyusb/src/device/usbd.c.obj
                0x10005680                dcd_event_handler
 .text.dcd_event_bus_signal
                0x100057f4       0x26 CMakeFiles/multicore.dir/C_/Pico/pico-sdk/lib/tinyusb/src/device/usbd.c.obj
                0x100057f4                dcd_event_bus_signal
 .text.dcd_event_bus_reset
                0x1000581a       0x2a CMakeFiles/multicore.dir/C_/Pico/pico-sdk/lib/tinyusb/src/device/usbd.c.obj
                0x1000581a                dcd_event_bus_reset
 .text.dcd_event_setup_received
                0x10005844       0x34 CMakeFiles/multicore.dir/C_/Pico/pico-sdk/lib/tinyusb/src/device/usbd.c.obj
                0x10005844                dcd_event_setup_received
 .text.dcd_event_xfer_complete
                0x10005878       0x44 CMakeFiles/multicore.dir/C_/Pico/pico-sdk/lib/tinyusb/src/device/usbd.c.obj
                0x10005878                dcd_event_xfer_complete
 .text.usbd_edpt_open
                0x100058bc       0xe0 CMakeFiles/multicore.dir/C_/Pico/pico-sdk/lib/tinyusb/src/device/usbd.c.obj
                0x100058bc                usbd_edpt_open
 .text.usbd_open_edpt_pair
                0x1000599c       0x8c CMakeFiles/multicore.dir/C_/Pico/pico-sdk/lib/tinyusb/src/device/usbd.c.obj
                0x1000599c                usbd_open_edpt_pair
 .text.usbd_edpt_claim
                0x10005a28       0x8c CMakeFiles/multicore.dir/C_/Pico/pico-sdk/lib/tinyusb/src/device/usbd.c.obj
                0x10005a28                usbd_edpt_claim
 .text.usbd_edpt_release
                0x10005ab4       0x68 CMakeFiles/multicore.dir/C_/Pico/pico-sdk/lib/tinyusb/src/device/usbd.c.obj
                0x10005ab4                usbd_edpt_release
 .text.usbd_edpt_xfer
                0x10005b1c       0x80 CMakeFiles/multicore.dir/C_/Pico/pico-sdk/lib/tinyusb/src/device/usbd.c.obj
                0x10005b1c                usbd_edpt_xfer
 .text.usbd_edpt_stall
                0x10005b9c       0x2c CMakeFiles/multicore.dir/C_/Pico/pico-sdk/lib/tinyusb/src/device/usbd.c.obj
                0x10005b9c                usbd_edpt_stall
 .text.usbd_edpt_clear_stall
                0x10005bc8       0x2c CMakeFiles/multicore.dir/C_/Pico/pico-sdk/lib/tinyusb/src/device/usbd.c.obj
                0x10005bc8                usbd_edpt_clear_stall
 .text.usbd_edpt_stalled
                0x10005bf4       0x1c CMakeFiles/multicore.dir/C_/Pico/pico-sdk/lib/tinyusb/src/device/usbd.c.obj
                0x10005bf4                usbd_edpt_stalled
 .text.process_control_request
                0x10005c10      0x380 CMakeFiles/multicore.dir/C_/Pico/pico-sdk/lib/tinyusb/src/device/usbd.c.obj
 .text.tud_task
                0x10005f90      0x204 CMakeFiles/multicore.dir/C_/Pico/pico-sdk/lib/tinyusb/src/device/usbd.c.obj
                0x10005f90                tud_task
 .text._data_stage_xact
                0x10006194       0x58 CMakeFiles/multicore.dir/C_/Pico/pico-sdk/lib/tinyusb/src/device/usbd_control.c.obj
 .text.tud_control_status
                0x100061ec       0x38 CMakeFiles/multicore.dir/C_/Pico/pico-sdk/lib/tinyusb/src/device/usbd_control.c.obj
                0x100061ec                tud_control_status
 .text.tud_control_xfer
                0x10006224       0xa8 CMakeFiles/multicore.dir/C_/Pico/pico-sdk/lib/tinyusb/src/device/usbd_control.c.obj
                0x10006224                tud_control_xfer
 .text.usbd_control_reset
                0x100062cc       0x14 CMakeFiles/multicore.dir/C_/Pico/pico-sdk/lib/tinyusb/src/device/usbd_control.c.obj
                0x100062cc                usbd_control_reset
 .text.usbd_control_set_complete_callback
                0x100062e0        0xc CMakeFiles/multicore.dir/C_/Pico/pico-sdk/lib/tinyusb/src/device/usbd_control.c.obj
                0x100062e0                usbd_control_set_complete_callback
 .text.usbd_control_set_request
                0x100062ec       0x1c CMakeFiles/multicore.dir/C_/Pico/pico-sdk/lib/tinyusb/src/device/usbd_control.c.obj
                0x100062ec                usbd_control_set_request
 .text.usbd_control_xfer_cb
                0x10006308       0xfc CMakeFiles/multicore.dir/C_/Pico/pico-sdk/lib/tinyusb/src/device/usbd_control.c.obj
                0x10006308                usbd_control_xfer_cb
 .text._prep_out_transaction
                0x10006404       0x46 CMakeFiles/multicore.dir/C_/Pico/pico-sdk/lib/tinyusb/src/class/cdc/cdc_device.c.obj
 *fill*         0x1000644a        0x2 
 .text.tud_cdc_n_connected
                0x1000644c       0x44 CMakeFiles/multicore.dir/C_/Pico/pico-sdk/lib/tinyusb/src/class/cdc/cdc_device.c.obj
                0x1000644c                tud_cdc_n_connected
 .text.tud_cdc_n_available
                0x10006490       0x18 CMakeFiles/multicore.dir/C_/Pico/pico-sdk/lib/tinyusb/src/class/cdc/cdc_device.c.obj
                0x10006490                tud_cdc_n_available
 .text.tud_cdc_n_read
                0x100064a8       0x28 CMakeFiles/multicore.dir/C_/Pico/pico-sdk/lib/tinyusb/src/class/cdc/cdc_device.c.obj
                0x100064a8                tud_cdc_n_read
 .text.tud_cdc_n_write_flush
                0x100064d0       0xcc CMakeFiles/multicore.dir/C_/Pico/pico-sdk/lib/tinyusb/src/class/cdc/cdc_device.c.obj
                0x100064d0                tud_cdc_n_write_flush
 .text.tud_cdc_n_write
                0x1000659c       0x38 CMakeFiles/multicore.dir/C_/Pico/pico-sdk/lib/tinyusb/src/class/cdc/cdc_device.c.obj
                0x1000659c                tud_cdc_n_write
 .text.tud_cdc_n_write_available
                0x100065d4       0x1c CMakeFiles/multicore.dir/C_/Pico/pico-sdk/lib/tinyusb/src/class/cdc/cdc_device.c.obj
                0x100065d4                tud_cdc_n_write_available
 .text.cdcd_init
                0x100065f0       0xbc CMakeFiles/multicore.dir/C_/Pico/pico-sdk/lib/tinyusb/src/class/cdc/cdc_device.c.obj
                0x100065f0                cdcd_init
 .text.cdcd_reset
                0x100066ac       0x44 CMakeFiles/multicore.dir/C_/Pico/pico-sdk/lib/tinyusb/src/class/cdc/cdc_device.c.obj
                0x100066ac                cdcd_reset
 .text.cdcd_open
                0x100066f0      0x10c CMakeFiles/multicore.dir/C_/Pico/pico-sdk/lib/tinyusb/src/class/cdc/cdc_device.c.obj
                0x100066f0                cdcd_open
 .text.cdcd_control_xfer_cb
                0x100067fc      0x134 CMakeFiles/multicore.dir/C_/Pico/pico-sdk/lib/tinyusb/src/class/cdc/cdc_device.c.obj
                0x100067fc                cdcd_control_xfer_cb
 .text.cdcd_xfer_cb
                0x10006930      0x144 CMakeFiles/multicore.dir/C_/Pico/pico-sdk/lib/tinyusb/src/class/cdc/cdc_device.c.obj
                0x10006930                cdcd_xfer_cb
 .text.tusb_init
                0x10006a74       0x24 CMakeFiles/multicore.dir/C_/Pico/pico-sdk/lib/tinyusb/src/tusb.c.obj
                0x10006a74                tusb_init
 .text.tusb_inited
                0x10006a98        0xe CMakeFiles/multicore.dir/C_/Pico/pico-sdk/lib/tinyusb/src/tusb.c.obj
                0x10006a98                tusb_inited
 .text.advance_pointer
                0x10006aa6       0x1e CMakeFiles/multicore.dir/C_/Pico/pico-sdk/lib/tinyusb/src/common/tusb_fifo.c.obj
 .text.backward_pointer
                0x10006ac4       0x1a CMakeFiles/multicore.dir/C_/Pico/pico-sdk/lib/tinyusb/src/common/tusb_fifo.c.obj
 .text.get_relative_pointer
                0x10006ade       0x10 CMakeFiles/multicore.dir/C_/Pico/pico-sdk/lib/tinyusb/src/common/tusb_fifo.c.obj
 .text._tu_fifo_peek
                0x10006aee       0x50 CMakeFiles/multicore.dir/C_/Pico/pico-sdk/lib/tinyusb/src/common/tusb_fifo.c.obj
 .text._ff_pull_const_addr
                0x10006b3e       0x4c CMakeFiles/multicore.dir/C_/Pico/pico-sdk/lib/tinyusb/src/common/tusb_fifo.c.obj
 .text._ff_pull_n
                0x10006b8a      0x10c CMakeFiles/multicore.dir/C_/Pico/pico-sdk/lib/tinyusb/src/common/tusb_fifo.c.obj
 .text._tu_fifo_peek_n
                0x10006c96       0x5e CMakeFiles/multicore.dir/C_/Pico/pico-sdk/lib/tinyusb/src/common/tusb_fifo.c.obj
 .text._tu_fifo_read_n
                0x10006cf4       0x4e CMakeFiles/multicore.dir/C_/Pico/pico-sdk/lib/tinyusb/src/common/tusb_fifo.c.obj
 .text._ff_push_const_addr
                0x10006d42       0x40 CMakeFiles/multicore.dir/C_/Pico/pico-sdk/lib/tinyusb/src/common/tusb_fifo.c.obj
 .text._ff_push_n
                0x10006d82      0x108 CMakeFiles/multicore.dir/C_/Pico/pico-sdk/lib/tinyusb/src/common/tusb_fifo.c.obj
 .text._tu_fifo_write_n
                0x10006e8a       0x9e CMakeFiles/multicore.dir/C_/Pico/pico-sdk/lib/tinyusb/src/common/tusb_fifo.c.obj
 .text.tu_fifo_config
                0x10006f28       0x72 CMakeFiles/multicore.dir/C_/Pico/pico-sdk/lib/tinyusb/src/common/tusb_fifo.c.obj
                0x10006f28                tu_fifo_config
 .text.tu_fifo_count
                0x10006f9a       0x26 CMakeFiles/multicore.dir/C_/Pico/pico-sdk/lib/tinyusb/src/common/tusb_fifo.c.obj
                0x10006f9a                tu_fifo_count
 .text.tu_fifo_empty
                0x10006fc0       0x10 CMakeFiles/multicore.dir/C_/Pico/pico-sdk/lib/tinyusb/src/common/tusb_fifo.c.obj
                0x10006fc0                tu_fifo_empty
 .text.tu_fifo_remaining
                0x10006fd0       0x20 CMakeFiles/multicore.dir/C_/Pico/pico-sdk/lib/tinyusb/src/common/tusb_fifo.c.obj
                0x10006fd0                tu_fifo_remaining
 .text.tu_fifo_read
                0x10006ff0       0x42 CMakeFiles/multicore.dir/C_/Pico/pico-sdk/lib/tinyusb/src/common/tusb_fifo.c.obj
                0x10006ff0                tu_fifo_read
 .text.tu_fifo_read_n
                0x10007032        0xa CMakeFiles/multicore.dir/C_/Pico/pico-sdk/lib/tinyusb/src/common/tusb_fifo.c.obj
                0x10007032                tu_fifo_read_n
 .text.tu_fifo_write
                0x1000703c       0x6c CMakeFiles/multicore.dir/C_/Pico/pico-sdk/lib/tinyusb/src/common/tusb_fifo.c.obj
                0x1000703c                tu_fifo_write
 .text.tu_fifo_write_n
                0x100070a8        0xa CMakeFiles/multicore.dir/C_/Pico/pico-sdk/lib/tinyusb/src/common/tusb_fifo.c.obj
                0x100070a8                tu_fifo_write_n
 .text.tu_fifo_clear
                0x100070b2       0x4c CMakeFiles/multicore.dir/C_/Pico/pico-sdk/lib/tinyusb/src/common/tusb_fifo.c.obj
                0x100070b2                tu_fifo_clear
 .text.tu_fifo_set_overwritable
                0x100070fe       0x3c CMakeFiles/multicore.dir/C_/Pico/pico-sdk/lib/tinyusb/src/common/tusb_fifo.c.obj
                0x100070fe                tu_fifo_set_overwritable
 *fill*         0x1000713a        0x2 
 .text._retrieve_unique_id_on_boot
                0x1000713c       0x10 CMakeFiles/multicore.dir/C_/Pico/pico-sdk/src/rp2_common/pico_unique_id/unique_id.c.obj
 .text.pico_get_unique_board_id_string
                0x1000714c       0x60 CMakeFiles/multicore.dir/C_/Pico/pico-sdk/src/rp2_common/pico_unique_id/unique_id.c.obj
                0x1000714c                pico_get_unique_board_id_string
 .text.flash_get_unique_id
                0x100071ac       0x46 CMakeFiles/multicore.dir/C_/Pico/pico-sdk/src/rp2_common/hardware_flash/flash.c.obj
                0x100071ac                flash_get_unique_id
 .text.core1_trampoline
                0x100071f2        0x2 CMakeFiles/multicore.dir/C_/Pico/pico-sdk/src/rp2_common/pico_multicore/multicore.c.obj
 .text.core1_wrapper
                0x100071f4        0xc CMakeFiles/multicore.dir/C_/Pico/pico-sdk/src/rp2_common/pico_multicore/multicore.c.obj
                0x100071f4                core1_wrapper
 .text.multicore_fifo_push_blocking
                0x10007200       0x14 CMakeFiles/multicore.dir/C_/Pico/pico-sdk/src/rp2_common/pico_multicore/multicore.c.obj
                0x10007200                multicore_fifo_push_blocking
 .text.multicore_fifo_pop_blocking
                0x10007214       0x16 CMakeFiles/multicore.dir/C_/Pico/pico-sdk/src/rp2_common/pico_multicore/multicore.c.obj
                0x10007214                multicore_fifo_pop_blocking
 .text.multicore_launch_core1_raw
                0x1000722a       0x68 CMakeFiles/multicore.dir/C_/Pico/pico-sdk/src/rp2_common/pico_multicore/multicore.c.obj
                0x1000722a                multicore_launch_core1_raw
 *fill*         0x10007292        0x2 
 .text.multicore_launch_core1_with_stack
                0x10007294       0x50 CMakeFiles/multicore.dir/C_/Pico/pico-sdk/src/rp2_common/pico_multicore/multicore.c.obj
                0x10007294                multicore_launch_core1_with_stack
 .text.multicore_launch_core1
                0x100072e4       0x24 CMakeFiles/multicore.dir/C_/Pico/pico-sdk/src/rp2_common/pico_multicore/multicore.c.obj
                0x100072e4                multicore_launch_core1
 .text.strlen   0x10007308       0x5c c:/progra~2/gnuarm~1/102021~1.10/bin/../lib/gcc/arm-none-eabi/10.3.1/../../../../arm-none-eabi/lib/thumb/v6-m/nofp\libg.a(lib_a-strlen-stub.o)
                0x10007308                strlen
 *(.fini)
 .fini          0x10007364        0x4 c:/progra~2/gnuarm~1/102021~1.10/bin/../lib/gcc/arm-none-eabi/10.3.1/thumb/v6-m/nofp/crti.o
                0x10007364                _fini
 .fini.__stub   0x10007368       0x70 linker stubs
 *crtbegin.o(.ctors)
 *crtbegin?.o(.ctors)
 *(EXCLUDE_FILE(*crtend.o *crtend?.o) .ctors)
 *(SORT_BY_NAME(.ctors.*))
 *(.ctors)
 *crtbegin.o(.dtors)
 *crtbegin?.o(.dtors)
 *(EXCLUDE_FILE(*crtend.o *crtend?.o) .dtors)
 *(SORT_BY_NAME(.dtors.*))
 *(.dtors)
 *(.eh_frame*)
 .eh_frame      0x100073d8        0x0 c:/progra~2/gnuarm~1/102021~1.10/bin/../lib/gcc/arm-none-eabi/10.3.1/thumb/v6-m/nofp/crtbegin.o
                0x100073d8                . = ALIGN (0x4)

.glue_7         0x100073d8        0x0
 .glue_7        0x100073d8        0x0 linker stubs

.glue_7t        0x100073d8        0x0
 .glue_7t       0x100073d8        0x0 linker stubs

.vfp11_veneer   0x100073d8        0x0
 .vfp11_veneer  0x100073d8        0x0 linker stubs

.v4_bx          0x100073d8        0x0
 .v4_bx         0x100073d8        0x0 linker stubs

.iplt           0x100073d8        0x0
 .iplt          0x100073d8        0x0 c:/progra~2/gnuarm~1/102021~1.10/bin/../lib/gcc/arm-none-eabi/10.3.1/thumb/v6-m/nofp/crtbegin.o

.rodata         0x100073d8     0x1670
 *(EXCLUDE_FILE(*libm.a: *libc.a:*lib_a-mem*.o *libgcc.a:) .rodata*)
 .rodata.main.str1.4
                0x100073d8       0x8b CMakeFiles/multicore.dir/multicore.c.obj
 *fill*         0x10007463        0x1 
 .rodata.__func__.0
                0x10007464       0x15 CMakeFiles/multicore.dir/multicore.c.obj
 *fill*         0x10007479        0x3 
 .rodata.spin_lock_claim_unused.str1.4
                0x1000747c       0x1b CMakeFiles/multicore.dir/C_/Pico/pico-sdk/src/rp2_common/hardware_sync/sync.c.obj
 *fill*         0x10007497        0x1 
 .rodata.repeating_timer_callback.str1.4
                0x10007498       0x41 CMakeFiles/multicore.dir/C_/Pico/pico-sdk/src/common/pico_time/time.c.obj
 *fill*         0x100074d9        0x3 
 .rodata.alarm_pool_dump_key.str1.4
                0x100074dc       0x33 CMakeFiles/multicore.dir/C_/Pico/pico-sdk/src/common/pico_time/time.c.obj
 *fill*         0x1000750f        0x1 
 .rodata.ph_add_child_node.str1.4
                0x10007510       0x8a CMakeFiles/multicore.dir/C_/Pico/pico-sdk/src/common/pico_time/time.c.obj
 *fill*         0x1000759a        0x2 
 .rodata.add_alarm_under_lock.str1.4
                0x1000759c       0x28 CMakeFiles/multicore.dir/C_/Pico/pico-sdk/src/common/pico_time/time.c.obj
                                 0x2b (size before relaxing)
 .rodata.alarm_pool_alarm_callback.str1.4
                0x100075c4       0x82 CMakeFiles/multicore.dir/C_/Pico/pico-sdk/src/common/pico_time/time.c.obj
                                 0xda (size before relaxing)
 *fill*         0x10007646        0x2 
 .rodata.alarm_pool_get_default.str1.4
                0x10007648       0x21 CMakeFiles/multicore.dir/C_/Pico/pico-sdk/src/common/pico_time/time.c.obj
 *fill*         0x10007669        0x3 
 .rodata.alarm_pool_cancel_alarm.str1.4
                0x1000766c       0x27 CMakeFiles/multicore.dir/C_/Pico/pico-sdk/src/common/pico_time/time.c.obj
 *fill*         0x10007693        0x1 
 .rodata.sleep_until.str1.4
                0x10007694       0x4d CMakeFiles/multicore.dir/C_/Pico/pico-sdk/src/common/pico_time/time.c.obj
 *fill*         0x100076e1        0x3 
 .rodata.__func__.1
                0x100076e4       0x18 CMakeFiles/multicore.dir/C_/Pico/pico-sdk/src/common/pico_time/time.c.obj
 .rodata.__func__.10
                0x100076fc       0x15 CMakeFiles/multicore.dir/C_/Pico/pico-sdk/src/common/pico_time/time.c.obj
 *fill*         0x10007711        0x3 
 .rodata.__func__.11
                0x10007714       0x1a CMakeFiles/multicore.dir/C_/Pico/pico-sdk/src/common/pico_time/time.c.obj
 *fill*         0x1000772e        0x2 
 .rodata.__func__.12
                0x10007730        0xa CMakeFiles/multicore.dir/C_/Pico/pico-sdk/src/common/pico_time/time.c.obj
 *fill*         0x1000773a        0x2 
 .rodata.__func__.3
                0x1000773c       0x17 CMakeFiles/multicore.dir/C_/Pico/pico-sdk/src/common/pico_time/time.c.obj
 *fill*         0x10007753        0x1 
 .rodata.__func__.4
                0x10007754       0x12 CMakeFiles/multicore.dir/C_/Pico/pico-sdk/src/common/pico_time/time.c.obj
 *fill*         0x10007766        0x2 
 .rodata.__func__.5
                0x10007768        0xd CMakeFiles/multicore.dir/C_/Pico/pico-sdk/src/common/pico_time/time.c.obj
 *fill*         0x10007775        0x3 
 .rodata.__func__.6
                0x10007778       0x12 CMakeFiles/multicore.dir/C_/Pico/pico-sdk/src/common/pico_time/time.c.obj
 *fill*         0x1000778a        0x2 
 .rodata.__func__.7
                0x1000778c        0xf CMakeFiles/multicore.dir/C_/Pico/pico-sdk/src/common/pico_time/time.c.obj
 *fill*         0x1000779b        0x1 
 .rodata.__func__.8
                0x1000779c        0xc CMakeFiles/multicore.dir/C_/Pico/pico-sdk/src/common/pico_time/time.c.obj
 .rodata.__func__.9
                0x100077a8       0x15 CMakeFiles/multicore.dir/C_/Pico/pico-sdk/src/common/pico_time/time.c.obj
 *fill*         0x100077bd        0x3 
 .rodata.hardware_alarm_claim.str1.4
                0x100077c0       0x22 CMakeFiles/multicore.dir/C_/Pico/pico-sdk/src/rp2_common/hardware_timer/timer.c.obj
 *fill*         0x100077e2        0x2 
 .rodata.hardware_alarm_set_target.str1.4
                0x100077e4       0x5b CMakeFiles/multicore.dir/C_/Pico/pico-sdk/src/rp2_common/hardware_timer/timer.c.obj
 *fill*         0x1000783f        0x1 
 .rodata.__func__.0
                0x10007840       0x1a CMakeFiles/multicore.dir/C_/Pico/pico-sdk/src/rp2_common/hardware_timer/timer.c.obj
 *fill*         0x1000785a        0x2 
 .rodata.str1.4
                0x1000785c       0xa9 CMakeFiles/multicore.dir/C_/Pico/pico-sdk/src/common/pico_sync/mutex.c.obj
                                0x101 (size before relaxing)
 *fill*         0x10007905        0x3 
 .rodata.__func__.0
                0x10007908        0xb CMakeFiles/multicore.dir/C_/Pico/pico-sdk/src/common/pico_sync/mutex.c.obj
 *fill*         0x10007913        0x1 
 .rodata.__func__.1
                0x10007914       0x18 CMakeFiles/multicore.dir/C_/Pico/pico-sdk/src/common/pico_sync/mutex.c.obj
 .rodata.__func__.2
                0x1000792c       0x15 CMakeFiles/multicore.dir/C_/Pico/pico-sdk/src/common/pico_sync/mutex.c.obj
 *fill*         0x10007941        0x3 
 .rodata.__func__.3
                0x10007944       0x15 CMakeFiles/multicore.dir/C_/Pico/pico-sdk/src/common/pico_sync/mutex.c.obj
 .rodata.ph_add_child_node.str1.4
                0x10007959       0x8a CMakeFiles/multicore.dir/C_/Pico/pico-sdk/src/common/pico_util/pheap.c.obj
 *fill*         0x10007959        0x3 
 .rodata.ph_remove_any_head.str1.4
                0x1000795c       0x84 CMakeFiles/multicore.dir/C_/Pico/pico-sdk/src/common/pico_util/pheap.c.obj
 .rodata.ph_remove_and_free_node.str1.4
                0x100079e0       0x26 CMakeFiles/multicore.dir/C_/Pico/pico-sdk/src/common/pico_util/pheap.c.obj
 *fill*         0x10007a06        0x2 
 .rodata.__func__.0
                0x10007a08       0x18 CMakeFiles/multicore.dir/C_/Pico/pico-sdk/src/common/pico_util/pheap.c.obj
 .rodata.__func__.1
                0x10007a20       0x13 CMakeFiles/multicore.dir/C_/Pico/pico-sdk/src/common/pico_util/pheap.c.obj
 *fill*         0x10007a33        0x1 
 .rodata.__func__.2
                0x10007a34       0x12 CMakeFiles/multicore.dir/C_/Pico/pico-sdk/src/common/pico_util/pheap.c.obj
 *fill*         0x10007a46        0x2 
 .rodata.__func__.3
                0x10007a48        0xc CMakeFiles/multicore.dir/C_/Pico/pico-sdk/src/common/pico_util/pheap.c.obj
 .rodata.__assert_func.str1.4
                0x10007a54       0x3f CMakeFiles/multicore.dir/C_/Pico/pico-sdk/src/rp2_common/pico_runtime/runtime.c.obj
                                 0x43 (size before relaxing)
 *fill*         0x10007a93        0x1 
 .rodata.panic.str1.4
                0x10007a94       0x12 CMakeFiles/multicore.dir/C_/Pico/pico-sdk/src/rp2_common/pico_runtime/runtime.c.obj
 *fill*         0x10007aa6        0x2 
 .rodata.clock_configure.str1.4
                0x10007aa8       0x4d CMakeFiles/multicore.dir/C_/Pico/pico-sdk/src/rp2_common/hardware_clocks/clocks.c.obj
 *fill*         0x10007af5        0x3 
 .rodata.__func__.1
                0x10007af8       0x10 CMakeFiles/multicore.dir/C_/Pico/pico-sdk/src/rp2_common/hardware_clocks/clocks.c.obj
 .rodata.make_branch.str1.4
                0x10007b08       0x43 CMakeFiles/multicore.dir/C_/Pico/pico-sdk/src/rp2_common/hardware_irq/irq.c.obj
 *fill*         0x10007b4b        0x1 
 .rodata.irq_set_exclusive_handler.str1.4
                0x10007b4c       0x36 CMakeFiles/multicore.dir/C_/Pico/pico-sdk/src/rp2_common/hardware_irq/irq.c.obj
 *fill*         0x10007b82        0x2 
 .rodata.irq_add_shared_handler.str1.4
                0x10007b84       0xd9 CMakeFiles/multicore.dir/C_/Pico/pico-sdk/src/rp2_common/hardware_irq/irq.c.obj
 *fill*         0x10007c5d        0x3 
 .rodata.irq_remove_handler.str1.4
                0x10007c60       0x2a CMakeFiles/multicore.dir/C_/Pico/pico-sdk/src/rp2_common/hardware_irq/irq.c.obj
 *fill*         0x10007c8a        0x2 
 .rodata.irq_add_tail_to_free_list.str1.4
                0x10007c8c       0x32 CMakeFiles/multicore.dir/C_/Pico/pico-sdk/src/rp2_common/hardware_irq/irq.c.obj
                                 0x3a (size before relaxing)
 *fill*         0x10007cbe        0x2 
 .rodata.__func__.0
                0x10007cc0       0x1a CMakeFiles/multicore.dir/C_/Pico/pico-sdk/src/rp2_common/hardware_irq/irq.c.obj
 *fill*         0x10007cda        0x2 
 .rodata.__func__.1
                0x10007cdc       0x17 CMakeFiles/multicore.dir/C_/Pico/pico-sdk/src/rp2_common/hardware_irq/irq.c.obj
 *fill*         0x10007cf3        0x1 
 .rodata.__func__.2
                0x10007cf4       0x13 CMakeFiles/multicore.dir/C_/Pico/pico-sdk/src/rp2_common/hardware_irq/irq.c.obj
 *fill*         0x10007d07        0x1 
 .rodata.__func__.3
                0x10007d08        0xc CMakeFiles/multicore.dir/C_/Pico/pico-sdk/src/rp2_common/hardware_irq/irq.c.obj
 .rodata.__func__.4
                0x10007d14        0xf CMakeFiles/multicore.dir/C_/Pico/pico-sdk/src/rp2_common/hardware_irq/irq.c.obj
 *fill*         0x10007d23        0x1 
 .rodata.__func__.6
                0x10007d24       0x1a CMakeFiles/multicore.dir/C_/Pico/pico-sdk/src/rp2_common/hardware_irq/irq.c.obj
 *fill*         0x10007d3e        0x2 
 .rodata.pll_init.str1.4
                0x10007d40       0xcf CMakeFiles/multicore.dir/C_/Pico/pico-sdk/src/rp2_common/hardware_pll/pll.c.obj
 *fill*         0x10007e0f        0x1 
 .rodata.__func__.0
                0x10007e10        0x9 CMakeFiles/multicore.dir/C_/Pico/pico-sdk/src/rp2_common/hardware_pll/pll.c.obj
 *fill*         0x10007e19        0x3 
 .rodata._ftoa.str1.4
                0x10007e1c       0x15 CMakeFiles/multicore.dir/C_/Pico/pico-sdk/src/rp2_common/pico_printf/printf.c.obj
 *fill*         0x10007e31        0x3 
 .rodata._vsnprintf
                0x10007e34      0x1e0 CMakeFiles/multicore.dir/C_/Pico/pico-sdk/src/rp2_common/pico_printf/printf.c.obj
 *fill*         0x10008014        0x4 
 .rodata.pow10.0
                0x10008018       0x50 CMakeFiles/multicore.dir/C_/Pico/pico-sdk/src/rp2_common/pico_printf/printf.c.obj
 .rodata.__aeabi_double_init.str1.4
                0x10008068       0x9e CMakeFiles/multicore.dir/C_/Pico/pico-sdk/src/rp2_common/pico_double/double_init_rom.c.obj
 *fill*         0x10008106        0x2 
 .rodata.__func__.0
                0x10008108       0x14 CMakeFiles/multicore.dir/C_/Pico/pico-sdk/src/rp2_common/pico_double/double_init_rom.c.obj
 .rodata.__aeabi_float_init.str1.4
                0x1000811c       0x70 CMakeFiles/multicore.dir/C_/Pico/pico-sdk/src/rp2_common/pico_float/float_init_rom.c.obj
                                 0x74 (size before relaxing)
 .rodata.__func__.0
                0x1000818c       0x13 CMakeFiles/multicore.dir/C_/Pico/pico-sdk/src/rp2_common/pico_float/float_init_rom.c.obj
 *fill*         0x1000819f        0x1 
 .rodata.str1.4
                0x100081a0       0x40 CMakeFiles/multicore.dir/C_/Pico/pico-sdk/src/rp2_common/pico_standard_link/binary_info.c.obj
 .rodata.__bi_44
                0x100081e0        0xc CMakeFiles/multicore.dir/C_/Pico/pico-sdk/src/rp2_common/pico_standard_link/binary_info.c.obj
 .rodata.__bi_75
                0x100081ec        0xc CMakeFiles/multicore.dir/C_/Pico/pico-sdk/src/rp2_common/pico_standard_link/binary_info.c.obj
 .rodata.__bi_81
                0x100081f8        0xc CMakeFiles/multicore.dir/C_/Pico/pico-sdk/src/rp2_common/pico_standard_link/binary_info.c.obj
 .rodata.crlf_str.3
                0x10008204        0x2 CMakeFiles/multicore.dir/C_/Pico/pico-sdk/src/rp2_common/pico_stdio/stdio.c.obj
 *fill*         0x10008206        0x2 
 .rodata._resetd_driver
                0x10008208       0x18 CMakeFiles/multicore.dir/C_/Pico/pico-sdk/src/rp2_common/pico_stdio_usb/reset_interface.c.obj
 .rodata.stdio_usb_init.str1.4
                0x10008220       0x57 CMakeFiles/multicore.dir/C_/Pico/pico-sdk/src/rp2_common/pico_stdio_usb/stdio_usb.c.obj
 .rodata.str1.4
                0x10008220       0x13 CMakeFiles/multicore.dir/C_/Pico/pico-sdk/src/rp2_common/pico_stdio_usb/stdio_usb.c.obj
 *fill*         0x10008233        0x1 
 .rodata.__bi_93.1
                0x10008234        0xc CMakeFiles/multicore.dir/C_/Pico/pico-sdk/src/rp2_common/pico_stdio_usb/stdio_usb.c.obj
 .rodata.__func__.0
                0x10008240       0x15 CMakeFiles/multicore.dir/C_/Pico/pico-sdk/src/rp2_common/pico_stdio_usb/stdio_usb.c.obj
 *fill*         0x10008255        0x3 
 .rodata.str1.4
                0x10008258       0x2a CMakeFiles/multicore.dir/C_/Pico/pico-sdk/src/rp2_common/pico_stdio_usb/stdio_usb_descriptors.c.obj
 *fill*         0x10008282        0x2 
 .rodata.usbd_desc_cfg
                0x10008284       0x54 CMakeFiles/multicore.dir/C_/Pico/pico-sdk/src/rp2_common/pico_stdio_usb/stdio_usb_descriptors.c.obj
 .rodata.usbd_desc_device
                0x100082d8       0x12 CMakeFiles/multicore.dir/C_/Pico/pico-sdk/src/rp2_common/pico_stdio_usb/stdio_usb_descriptors.c.obj
 *fill*         0x100082ea        0x2 
 .rodata.usbd_desc_str
                0x100082ec       0x18 CMakeFiles/multicore.dir/C_/Pico/pico-sdk/src/rp2_common/pico_stdio_usb/stdio_usb_descriptors.c.obj
 .rodata._hw_endpoint_alloc.str1.4
                0x10008304       0xad CMakeFiles/multicore.dir/C_/Pico/pico-sdk/lib/tinyusb/src/portable/raspberrypi/rp2040/dcd_rp2040.c.obj
 *fill*         0x100083b1        0x3 
 .rodata._hw_endpoint_init.str1.4
                0x100083b4       0x28 CMakeFiles/multicore.dir/C_/Pico/pico-sdk/lib/tinyusb/src/portable/raspberrypi/rp2040/dcd_rp2040.c.obj
 .rodata.hw_handle_buff_status.str1.4
                0x100083dc        0xb CMakeFiles/multicore.dir/C_/Pico/pico-sdk/lib/tinyusb/src/portable/raspberrypi/rp2040/dcd_rp2040.c.obj
 *fill*         0x100083e7        0x1 
 .rodata.dcd_rp2040_irq.str1.4
                0x100083e8       0x14 CMakeFiles/multicore.dir/C_/Pico/pico-sdk/lib/tinyusb/src/portable/raspberrypi/rp2040/dcd_rp2040.c.obj
 .rodata._hw_endpoint_stall.str1.4
                0x100083fc        0xd CMakeFiles/multicore.dir/C_/Pico/pico-sdk/lib/tinyusb/src/portable/raspberrypi/rp2040/dcd_rp2040.c.obj
 *fill*         0x10008409        0x3 
 .rodata.dcd_int_enable.str1.4
                0x1000840c        0xc CMakeFiles/multicore.dir/C_/Pico/pico-sdk/lib/tinyusb/src/portable/raspberrypi/rp2040/dcd_rp2040.c.obj
 .rodata.__func__.0
                0x10008418       0x15 CMakeFiles/multicore.dir/C_/Pico/pico-sdk/lib/tinyusb/src/portable/raspberrypi/rp2040/dcd_rp2040.c.obj
 *fill*         0x1000842d        0x3 
 .rodata.__func__.1
                0x10008430       0x13 CMakeFiles/multicore.dir/C_/Pico/pico-sdk/lib/tinyusb/src/portable/raspberrypi/rp2040/dcd_rp2040.c.obj
 *fill*         0x10008443        0x1 
 .rodata.__func__.11
                0x10008444        0xf CMakeFiles/multicore.dir/C_/Pico/pico-sdk/lib/tinyusb/src/portable/raspberrypi/rp2040/dcd_rp2040.c.obj
 *fill*         0x10008453        0x1 
 .rodata.__func__.12
                0x10008454       0x13 CMakeFiles/multicore.dir/C_/Pico/pico-sdk/lib/tinyusb/src/portable/raspberrypi/rp2040/dcd_rp2040.c.obj
 *fill*         0x10008467        0x1 
 .rodata.__func__.13
                0x10008468       0x16 CMakeFiles/multicore.dir/C_/Pico/pico-sdk/lib/tinyusb/src/portable/raspberrypi/rp2040/dcd_rp2040.c.obj
 *fill*         0x1000847e        0x2 
 .rodata.__func__.14
                0x10008480        0x9 CMakeFiles/multicore.dir/C_/Pico/pico-sdk/lib/tinyusb/src/portable/raspberrypi/rp2040/dcd_rp2040.c.obj
 *fill*         0x10008489        0x3 
 .rodata.__func__.2
                0x1000848c        0xf CMakeFiles/multicore.dir/C_/Pico/pico-sdk/lib/tinyusb/src/portable/raspberrypi/rp2040/dcd_rp2040.c.obj
 *fill*         0x1000849b        0x1 
 .rodata.__func__.3
                0x1000849c        0xe CMakeFiles/multicore.dir/C_/Pico/pico-sdk/lib/tinyusb/src/portable/raspberrypi/rp2040/dcd_rp2040.c.obj
 *fill*         0x100084aa        0x2 
 .rodata.__func__.4
                0x100084ac        0xe CMakeFiles/multicore.dir/C_/Pico/pico-sdk/lib/tinyusb/src/portable/raspberrypi/rp2040/dcd_rp2040.c.obj
 *fill*         0x100084ba        0x2 
 .rodata.__func__.5
                0x100084bc       0x1a CMakeFiles/multicore.dir/C_/Pico/pico-sdk/lib/tinyusb/src/portable/raspberrypi/rp2040/dcd_rp2040.c.obj
 *fill*         0x100084d6        0x2 
 .rodata.__func__.6
                0x100084d8        0xc CMakeFiles/multicore.dir/C_/Pico/pico-sdk/lib/tinyusb/src/portable/raspberrypi/rp2040/dcd_rp2040.c.obj
 .rodata.__func__.9
                0x100084e4       0x10 CMakeFiles/multicore.dir/C_/Pico/pico-sdk/lib/tinyusb/src/portable/raspberrypi/rp2040/dcd_rp2040.c.obj
 .rodata._hw_endpoint_buffer_control_update32.str1.4
                0x100084f4       0x1f CMakeFiles/multicore.dir/C_/Pico/pico-sdk/lib/tinyusb/src/portable/raspberrypi/rp2040/rp2040_usb.c.obj
 *fill*         0x10008513        0x1 
 .rodata._hw_endpoint_xfer_sync.str1.4
                0x10008514       0x89 CMakeFiles/multicore.dir/C_/Pico/pico-sdk/lib/tinyusb/src/portable/raspberrypi/rp2040/rp2040_usb.c.obj
 *fill*         0x1000859d        0x3 
 .rodata._hw_endpoint_xfer_continue.str1.4
                0x100085a0       0x50 CMakeFiles/multicore.dir/C_/Pico/pico-sdk/lib/tinyusb/src/portable/raspberrypi/rp2040/rp2040_usb.c.obj
 .rodata._hw_endpoint_xfer.str1.4
                0x100085f0        0xf CMakeFiles/multicore.dir/C_/Pico/pico-sdk/lib/tinyusb/src/portable/raspberrypi/rp2040/rp2040_usb.c.obj
 *fill*         0x100085ff        0x1 
 .rodata.str1.4
                0x10008600        0x7 CMakeFiles/multicore.dir/C_/Pico/pico-sdk/lib/tinyusb/src/portable/raspberrypi/rp2040/rp2040_usb.c.obj
 *fill*         0x10008607        0x1 
 .rodata.__func__.0
                0x10008608       0x12 CMakeFiles/multicore.dir/C_/Pico/pico-sdk/lib/tinyusb/src/portable/raspberrypi/rp2040/rp2040_usb.c.obj
 *fill*         0x1000861a        0x2 
 .rodata.__func__.1
                0x1000861c       0x17 CMakeFiles/multicore.dir/C_/Pico/pico-sdk/lib/tinyusb/src/portable/raspberrypi/rp2040/rp2040_usb.c.obj
 *fill*         0x10008633        0x1 
 .rodata.process_set_config.str1.4
                0x10008634       0x17 CMakeFiles/multicore.dir/C_/Pico/pico-sdk/lib/tinyusb/src/device/usbd.c.obj
 *fill*         0x1000864b        0x1 
 .rodata.process_get_descriptor
                0x1000864c       0x40 CMakeFiles/multicore.dir/C_/Pico/pico-sdk/lib/tinyusb/src/device/usbd.c.obj
 .rodata.process_control_request
                0x1000868c       0x28 CMakeFiles/multicore.dir/C_/Pico/pico-sdk/lib/tinyusb/src/device/usbd.c.obj
 .rodata.tud_task
                0x100086b4       0x24 CMakeFiles/multicore.dir/C_/Pico/pico-sdk/lib/tinyusb/src/device/usbd.c.obj
 .rodata.__func__.2
                0x100086d8        0xf CMakeFiles/multicore.dir/C_/Pico/pico-sdk/lib/tinyusb/src/device/usbd.c.obj
 *fill*         0x100086e7        0x1 
 .rodata.__func__.3
                0x100086e8        0xf CMakeFiles/multicore.dir/C_/Pico/pico-sdk/lib/tinyusb/src/device/usbd.c.obj
 *fill*         0x100086f7        0x1 
 .rodata.__func__.4
                0x100086f8       0x14 CMakeFiles/multicore.dir/C_/Pico/pico-sdk/lib/tinyusb/src/device/usbd.c.obj
 .rodata.__func__.5
                0x1000870c       0x10 CMakeFiles/multicore.dir/C_/Pico/pico-sdk/lib/tinyusb/src/device/usbd.c.obj
 .rodata.__func__.6
                0x1000871c       0x17 CMakeFiles/multicore.dir/C_/Pico/pico-sdk/lib/tinyusb/src/device/usbd.c.obj
 *fill*         0x10008733        0x1 
 .rodata.__func__.7
                0x10008734       0x13 CMakeFiles/multicore.dir/C_/Pico/pico-sdk/lib/tinyusb/src/device/usbd.c.obj
 *fill*         0x10008747        0x1 
 .rodata.__func__.8
                0x10008748       0x18 CMakeFiles/multicore.dir/C_/Pico/pico-sdk/lib/tinyusb/src/device/usbd.c.obj
 .rodata.__func__.9
                0x10008760        0x9 CMakeFiles/multicore.dir/C_/Pico/pico-sdk/lib/tinyusb/src/device/usbd.c.obj
 *fill*         0x10008769        0x3 
 .rodata._usbd_driver
                0x1000876c       0x18 CMakeFiles/multicore.dir/C_/Pico/pico-sdk/lib/tinyusb/src/device/usbd.c.obj
 .rodata.tud_control_xfer.str1.4
                0x10008784       0x17 CMakeFiles/multicore.dir/C_/Pico/pico-sdk/lib/tinyusb/src/device/usbd_control.c.obj
 .rodata.__func__.0
                0x10008784       0x15 CMakeFiles/multicore.dir/C_/Pico/pico-sdk/lib/tinyusb/src/device/usbd_control.c.obj
 *fill*         0x10008799        0x3 
 .rodata.__func__.1
                0x1000879c       0x11 CMakeFiles/multicore.dir/C_/Pico/pico-sdk/lib/tinyusb/src/device/usbd_control.c.obj
 .rodata.tud_cdc_n_write_flush.str1.4
                0x100087ad       0x17 CMakeFiles/multicore.dir/C_/Pico/pico-sdk/lib/tinyusb/src/class/cdc/cdc_device.c.obj
 *fill*         0x100087ad        0x3 
 .rodata.__func__.0
                0x100087b0        0xd CMakeFiles/multicore.dir/C_/Pico/pico-sdk/lib/tinyusb/src/class/cdc/cdc_device.c.obj
 *fill*         0x100087bd        0x3 
 .rodata.__func__.1
                0x100087c0        0xa CMakeFiles/multicore.dir/C_/Pico/pico-sdk/lib/tinyusb/src/class/cdc/cdc_device.c.obj
 *fill*         0x100087ca        0x2 
 .rodata.__func__.2
                0x100087cc       0x16 CMakeFiles/multicore.dir/C_/Pico/pico-sdk/lib/tinyusb/src/class/cdc/cdc_device.c.obj
 .rodata.tusb_init.str1.4
                0x100087e2       0x17 CMakeFiles/multicore.dir/C_/Pico/pico-sdk/lib/tinyusb/src/tusb.c.obj
 *fill*         0x100087e2        0x2 
 .rodata.__func__.0
                0x100087e4        0xa CMakeFiles/multicore.dir/C_/Pico/pico-sdk/lib/tinyusb/src/tusb.c.obj
 *fill*         0x100087ee        0x2 
 .rodata.pico_get_unique_board_id_string.str1.4
                0x100087f0       0x43 CMakeFiles/multicore.dir/C_/Pico/pico-sdk/src/rp2_common/pico_unique_id/unique_id.c.obj
 *fill*         0x10008833        0x1 
 .rodata.__func__.0
                0x10008834       0x20 CMakeFiles/multicore.dir/C_/Pico/pico-sdk/src/rp2_common/pico_unique_id/unique_id.c.obj
 .rodata.str1.4
                0x10008854      0x14e CMakeFiles/multicore.dir/C_/Pico/pico-sdk/src/rp2_common/hardware_flash/flash.c.obj
 *fill*         0x100089a2        0x2 
 .rodata.__func__.0
                0x100089a4        0xd CMakeFiles/multicore.dir/C_/Pico/pico-sdk/src/rp2_common/hardware_flash/flash.c.obj
 *fill*         0x100089b1        0x3 
 .rodata.multicore_lockout_start_block_until.str1.4
                0x100089b4       0x53 CMakeFiles/multicore.dir/C_/Pico/pico-sdk/src/rp2_common/pico_multicore/multicore.c.obj
 *fill*         0x10008a07        0x1 
 .rodata.multicore_launch_core1_with_stack.str1.4
                0x10008a08       0x19 CMakeFiles/multicore.dir/C_/Pico/pico-sdk/src/rp2_common/pico_multicore/multicore.c.obj
 *fill*         0x10008a21        0x3 
 .rodata.__func__.2
                0x10008a24       0x22 CMakeFiles/multicore.dir/C_/Pico/pico-sdk/src/rp2_common/pico_multicore/multicore.c.obj
                0x10008a48                . = ALIGN (0x4)
 *fill*         0x10008a46        0x2 
 *(SORT_BY_ALIGNMENT(SORT_BY_NAME(.flashdata*)))
                0x10008a48                . = ALIGN (0x4)

.rel.dyn        0x10008a48        0x0
 .rel.iplt      0x10008a48        0x0 c:/progra~2/gnuarm~1/102021~1.10/bin/../lib/gcc/arm-none-eabi/10.3.1/thumb/v6-m/nofp/crtbegin.o

.ARM.extab
 *(.ARM.extab* .gnu.linkonce.armextab.*)
                0x10008a48                __exidx_start = .

.ARM.exidx
 *(.ARM.exidx* .gnu.linkonce.armexidx.*)
                0x10008a48                __exidx_end = .
                0x10008a48                . = ALIGN (0x4)
                0x10008a48                __binary_info_start = .

.binary_info    0x10008a48       0x20
 *(.binary_info.keep.*)
 .binary_info.keep.__bi_ptr22
                0x10008a48        0x4 CMakeFiles/multicore.dir/C_/Pico/pico-sdk/src/rp2_common/pico_standard_link/binary_info.c.obj
 .binary_info.keep.__bi_ptr30
                0x10008a4c        0x4 CMakeFiles/multicore.dir/C_/Pico/pico-sdk/src/rp2_common/pico_standard_link/binary_info.c.obj
 .binary_info.keep.__bi_ptr38
                0x10008a50        0x4 CMakeFiles/multicore.dir/C_/Pico/pico-sdk/src/rp2_common/pico_standard_link/binary_info.c.obj
 .binary_info.keep.__bi_ptr44
                0x10008a54        0x4 CMakeFiles/multicore.dir/C_/Pico/pico-sdk/src/rp2_common/pico_standard_link/binary_info.c.obj
 .binary_info.keep.__bi_ptr50
                0x10008a58        0x4 CMakeFiles/multicore.dir/C_/Pico/pico-sdk/src/rp2_common/pico_standard_link/binary_info.c.obj
 .binary_info.keep.__bi_ptr75
                0x10008a5c        0x4 CMakeFiles/multicore.dir/C_/Pico/pico-sdk/src/rp2_common/pico_standard_link/binary_info.c.obj
 .binary_info.keep.__bi_ptr81
                0x10008a60        0x4 CMakeFiles/multicore.dir/C_/Pico/pico-sdk/src/rp2_common/pico_standard_link/binary_info.c.obj
 *(.binary_info.*)
 .binary_info.__bi_ptr93
                0x10008a64        0x4 CMakeFiles/multicore.dir/C_/Pico/pico-sdk/src/rp2_common/pico_stdio_usb/stdio_usb.c.obj
                0x10008a68                __binary_info_end = .
                0x10008a68                . = ALIGN (0x4)
                0x10008a68                __etext = .

.ram_vector_table
                0x20000000       0xc0
 *(.ram_vector_table)
 .ram_vector_table
                0x20000000       0xc0 CMakeFiles/multicore.dir/C_/Pico/pico-sdk/src/rp2_common/pico_runtime/runtime.c.obj
                0x20000000                ram_vector_table

.data           0x200000c0      0x508 load address 0x10008a68
                0x200000c0                __data_start__ = .
 *(vtable)
 *(.time_critical*)
 .time_critical.mutex_enter_blocking
                0x200000c0       0x94 CMakeFiles/multicore.dir/C_/Pico/pico-sdk/src/common/pico_sync/mutex.c.obj
                0x200000c0                mutex_enter_blocking
 .time_critical.mutex_try_enter
                0x20000154       0x5a CMakeFiles/multicore.dir/C_/Pico/pico-sdk/src/common/pico_sync/mutex.c.obj
                0x20000154                mutex_try_enter
 *fill*         0x200001ae        0x2 
 .time_critical.mutex_enter_block_until
                0x200001b0       0x8c CMakeFiles/multicore.dir/C_/Pico/pico-sdk/src/common/pico_sync/mutex.c.obj
                0x200001b0                mutex_enter_block_until
 .time_critical.mutex_enter_timeout_ms
                0x2000023c       0x74 CMakeFiles/multicore.dir/C_/Pico/pico-sdk/src/common/pico_sync/mutex.c.obj
                0x2000023c                mutex_enter_timeout_ms
 .time_critical.mutex_exit
                0x200002b0       0x94 CMakeFiles/multicore.dir/C_/Pico/pico-sdk/src/common/pico_sync/mutex.c.obj
                0x200002b0                mutex_exit
 .time_critical.flash_init_boot2_copyout
                0x20000344       0x30 CMakeFiles/multicore.dir/C_/Pico/pico-sdk/src/rp2_common/hardware_flash/flash.c.obj
 .time_critical.flash_enable_xip_via_boot2
                0x20000374       0x10 CMakeFiles/multicore.dir/C_/Pico/pico-sdk/src/rp2_common/hardware_flash/flash.c.obj
 .time_critical.flash_cs_force
                0x20000384       0x28 CMakeFiles/multicore.dir/C_/Pico/pico-sdk/src/rp2_common/hardware_flash/flash.c.obj
 .time_critical.flash_do_cmd
                0x200003ac       0xc0 CMakeFiles/multicore.dir/C_/Pico/pico-sdk/src/rp2_common/hardware_flash/flash.c.obj
                0x200003ac                flash_do_cmd
 *(.text*)
 .text          0x2000046c        0x4 c:/progra~2/gnuarm~1/102021~1.10/bin/../lib/gcc/arm-none-eabi/10.3.1/thumb/v6-m/nofp\libgcc.a(_dvmd_tls.o)
                0x2000046c                __aeabi_idiv0
                0x2000046c                __aeabi_ldiv0
 .text.__stub   0x20000470       0x50 linker stubs
                0x200004c0                . = ALIGN (0x4)
 *(.rodata*)
                0x200004c0                . = ALIGN (0x4)
 *(.data*)
 .data.START_CYCLE
                0x200004c0        0x1 CMakeFiles/multicore.dir/multicore.c.obj
                0x200004c0                START_CYCLE
 .data.striped_spin_lock_num
                0x200004c1        0x1 CMakeFiles/multicore.dir/C_/Pico/pico-sdk/src/rp2_common/hardware_sync/sync.c.obj
 *fill*         0x200004c2        0x2 
 .data.default_alarm_pool
                0x200004c4       0x18 CMakeFiles/multicore.dir/C_/Pico/pico-sdk/src/common/pico_time/time.c.obj
 .data.default_alarm_pool_heap
                0x200004dc       0x10 CMakeFiles/multicore.dir/C_/Pico/pico-sdk/src/common/pico_time/time.c.obj
 .data          0x200004ec       0x48 CMakeFiles/multicore.dir/C_/Pico/pico-sdk/src/rp2_common/hardware_irq/irq_handler_chain.S.obj
                0x200004ec                irq_handler_chain_slots
                0x2000051c                irq_handler_chain_first_slot
                0x20000526                irq_handler_chain_remove_tail
 *fill*         0x20000534        0xc 
 .data.aeabi_bits_funcs
                0x20000540       0x10 CMakeFiles/multicore.dir/C_/Pico/pico-sdk/src/rp2_common/pico_bit_ops/bit_ops_aeabi.S.obj
                0x20000540                aeabi_bits_funcs
                0x20000550                aeabi_bits_funcs_end
 .data.aeabi_mem_funcs
                0x20000550       0x10 CMakeFiles/multicore.dir/C_/Pico/pico-sdk/src/rp2_common/pico_mem_ops/mem_ops_aeabi.S.obj
                0x20000550                aeabi_mem_funcs
                0x20000560                aeabi_mem_funcs_end
 .data.stdio_usb
                0x20000560       0x14 CMakeFiles/multicore.dir/C_/Pico/pico-sdk/src/rp2_common/pico_stdio_usb/stdio_usb.c.obj
                0x20000560                stdio_usb
 .data.ep_dir_string
                0x20000574        0x8 CMakeFiles/multicore.dir/C_/Pico/pico-sdk/lib/tinyusb/src/portable/raspberrypi/rp2040/rp2040_usb.c.obj
                0x20000574                ep_dir_string
 .data._usbd_qdef
                0x2000057c       0x24 CMakeFiles/multicore.dir/C_/Pico/pico-sdk/lib/tinyusb/src/device/usbd.c.obj
                0x2000057c                _usbd_qdef
                0x200005a0                . = ALIGN (0x4)
 *(.after_data.*)
                0x200005a0                . = ALIGN (0x4)
                0x200005a0                PROVIDE (__mutex_array_start = .)
 *(SORT_BY_NAME(.mutex_array.*))
 *(.mutex_array)
 .mutex_array   0x200005a0        0x8 CMakeFiles/multicore.dir/C_/Pico/pico-sdk/src/rp2_common/pico_malloc/pico_malloc.c.obj
 .mutex_array   0x200005a8        0x8 CMakeFiles/multicore.dir/C_/Pico/pico-sdk/src/rp2_common/pico_stdio/stdio.c.obj
                0x200005b0                PROVIDE (__mutex_array_end = .)
                0x200005b0                . = ALIGN (0x4)
                0x200005b0                PROVIDE (__preinit_array_start = .)
 *(SORT_BY_NAME(.preinit_array.*))
 .preinit_array.00001
                0x200005b0        0x4 CMakeFiles/multicore.dir/C_/Pico/pico-sdk/src/rp2_common/pico_mem_ops/mem_ops_aeabi.S.obj
 .preinit_array.00010
                0x200005b4        0x4 CMakeFiles/multicore.dir/C_/Pico/pico-sdk/src/rp2_common/pico_bit_ops/bit_ops_aeabi.S.obj
 .preinit_array.00020
                0x200005b8        0x4 CMakeFiles/multicore.dir/C_/Pico/pico-sdk/src/rp2_common/pico_double/double_aeabi.S.obj
 .preinit_array.00020
                0x200005bc        0x4 CMakeFiles/multicore.dir/C_/Pico/pico-sdk/src/rp2_common/pico_float/float_aeabi.S.obj
 *(.preinit_array)
                0x200005c0                PROVIDE (__preinit_array_end = .)
                0x200005c0                . = ALIGN (0x4)
                0x200005c0                PROVIDE (__init_array_start = .)
 *(SORT_BY_NAME(.init_array.*))
 *(.init_array)
 .init_array    0x200005c0        0x4 c:/progra~2/gnuarm~1/102021~1.10/bin/../lib/gcc/arm-none-eabi/10.3.1/thumb/v6-m/nofp/crtbegin.o
 .init_array    0x200005c4        0x4 CMakeFiles/multicore.dir/C_/Pico/pico-sdk/src/rp2_common/pico_unique_id/unique_id.c.obj
                0x200005c8                PROVIDE (__init_array_end = .)
                0x200005c8                . = ALIGN (0x4)
                [!provide]                PROVIDE (__fini_array_start = .)
 *(SORT_BY_NAME(.fini_array.*))
 *(.fini_array)
                [!provide]                PROVIDE (__fini_array_end = .)
 *(.jcr)
                0x200005c8                . = ALIGN (0x4)
                0x200005c8                __data_end__ = .

.igot.plt       0x200005c8        0x0 load address 0x10008f70
 .igot.plt      0x200005c8        0x0 c:/progra~2/gnuarm~1/102021~1.10/bin/../lib/gcc/arm-none-eabi/10.3.1/thumb/v6-m/nofp/crtbegin.o

.uninitialized_data
                0x200005c8        0x0 load address 0x10008f70
                0x200005c8                . = ALIGN (0x4)
 *(.uninitialized_data*)

.scratch_x      0x20040000        0x0 load address 0x10008f70
                0x20040000                __scratch_x_start__ = .
 *(.scratch_x.*)
                0x20040000                . = ALIGN (0x4)
                0x20040000                __scratch_x_end__ = .
                0x10008f70                __scratch_x_source__ = LOADADDR (.scratch_x)

.scratch_y      0x20041000        0x0 load address 0x10008f70
                0x20041000                __scratch_y_start__ = .
 *(.scratch_y.*)
                0x20041000                . = ALIGN (0x4)
                0x20041000                __scratch_y_end__ = .
                0x10008f70                __scratch_y_source__ = LOADADDR (.scratch_y)

.bss            0x200005c8      0xd64
                0x200005c8                . = ALIGN (0x4)
                0x200005c8                __bss_start__ = .
 *(SORT_BY_ALIGNMENT(SORT_BY_NAME(.bss*)))
 .bss.default_alarm_pool_entries
                0x200005c8      0x100 CMakeFiles/multicore.dir/C_/Pico/pico-sdk/src/common/pico_time/time.c.obj
 .bss.last_avail_time.2
                0x200006c8        0x8 CMakeFiles/multicore.dir/C_/Pico/pico-sdk/src/rp2_common/pico_stdio_usb/stdio_usb.c.obj
 .bss           0x200006d0       0x1c c:/progra~2/gnuarm~1/102021~1.10/bin/../lib/gcc/arm-none-eabi/10.3.1/thumb/v6-m/nofp/crtbegin.o
 .bss._app_driver
                0x200006ec        0x4 CMakeFiles/multicore.dir/C_/Pico/pico-sdk/lib/tinyusb/src/device/usbd.c.obj
 .bss._cdcd_itf
                0x200006f0      0x2d8 CMakeFiles/multicore.dir/C_/Pico/pico-sdk/lib/tinyusb/src/class/cdc/cdc_device.c.obj
 .bss._ctrl_xfer
                0x200009c8       0x14 CMakeFiles/multicore.dir/C_/Pico/pico-sdk/lib/tinyusb/src/device/usbd_control.c.obj
 .bss._ubsd_mutexdef
                0x200009dc        0x8 CMakeFiles/multicore.dir/C_/Pico/pico-sdk/lib/tinyusb/src/device/usbd.c.obj
 .bss._usbd_ctrl_buf
                0x200009e4       0x40 CMakeFiles/multicore.dir/C_/Pico/pico-sdk/lib/tinyusb/src/device/usbd_control.c.obj
 .bss._usbd_dev
                0x20000a24       0x37 CMakeFiles/multicore.dir/C_/Pico/pico-sdk/lib/tinyusb/src/device/usbd.c.obj
 *fill*         0x20000a5b        0x1 
 .bss._usbd_mutex
                0x20000a5c        0x4 CMakeFiles/multicore.dir/C_/Pico/pico-sdk/lib/tinyusb/src/device/usbd.c.obj
 .bss._usbd_q   0x20000a60        0x4 CMakeFiles/multicore.dir/C_/Pico/pico-sdk/lib/tinyusb/src/device/usbd.c.obj
 .bss._usbd_qdef_buf
                0x20000a64       0xc0 CMakeFiles/multicore.dir/C_/Pico/pico-sdk/lib/tinyusb/src/device/usbd.c.obj