Archive member included to satisfy reference by file (symbol)

c:/progra~2/gnuarm~1/102021~1.10/bin/../lib/gcc/arm-none-eabi/10.3.1/thumb/v6-m/nofp\libgcc.a(_dvmd_tls.o)
                              CMakeFiles/multicore.dir/C_/Pico/pico-sdk/src/rp2_common/pico_divider/divider.S.obj (__aeabi_idiv0)
c:/progra~2/gnuarm~1/102021~1.10/bin/../lib/gcc/arm-none-eabi/10.3.1/../../../../arm-none-eabi/lib/thumb/v6-m/nofp\libg.a(lib_a-calloc.o)
                              CMakeFiles/multicore.dir/C_/Pico/pico-sdk/src/rp2_common/pico_malloc/pico_malloc.c.obj (calloc)
c:/progra~2/gnuarm~1/102021~1.10/bin/../lib/gcc/arm-none-eabi/10.3.1/../../../../arm-none-eabi/lib/thumb/v6-m/nofp\libg.a(lib_a-callocr.o)
                              c:/progra~2/gnuarm~1/102021~1.10/bin/../lib/gcc/arm-none-eabi/10.3.1/../../../../arm-none-eabi/lib/thumb/v6-m/nofp\libg.a(lib_a-calloc.o) (_calloc_r)
c:/progra~2/gnuarm~1/102021~1.10/bin/../lib/gcc/arm-none-eabi/10.3.1/../../../../arm-none-eabi/lib/thumb/v6-m/nofp\libg.a(lib_a-ctype_.o)
                              CMakeFiles/multicore.dir/C_/Pico/pico-sdk/lib/tinyusb/src/tusb.c.obj (_ctype_)
c:/progra~2/gnuarm~1/102021~1.10/bin/../lib/gcc/arm-none-eabi/10.3.1/../../../../arm-none-eabi/lib/thumb/v6-m/nofp\libg.a(lib_a-errno.o)
                              c:/progra~2/gnuarm~1/102021~1.10/bin/../lib/gcc/arm-none-eabi/10.3.1/../../../../arm-none-eabi/lib/thumb/v6-m/nofp\libg.a(lib_a-callocr.o) (__errno)
c:/progra~2/gnuarm~1/102021~1.10/bin/../lib/gcc/arm-none-eabi/10.3.1/../../../../arm-none-eabi/lib/thumb/v6-m/nofp\libg.a(lib_a-impure.o)
                              c:/progra~2/gnuarm~1/102021~1.10/bin/../lib/gcc/arm-none-eabi/10.3.1/../../../../arm-none-eabi/lib/thumb/v6-m/nofp\libg.a(lib_a-calloc.o) (_impure_ptr)
c:/progra~2/gnuarm~1/102021~1.10/bin/../lib/gcc/arm-none-eabi/10.3.1/../../../../arm-none-eabi/lib/thumb/v6-m/nofp\libg.a(lib_a-init.o)
                              c:/progra~2/gnuarm~1/102021~1.10/bin/../lib/gcc/arm-none-eabi/10.3.1/../../../../arm-none-eabi/lib/thumb/v6-m/nofp/crt0.o (__libc_init_array)
c:/progra~2/gnuarm~1/102021~1.10/bin/../lib/gcc/arm-none-eabi/10.3.1/../../../../arm-none-eabi/lib/thumb/v6-m/nofp\libg.a(lib_a-malloc.o)
                              CMakeFiles/multicore.dir/C_/Pico/pico-sdk/src/rp2_common/pico_malloc/pico_malloc.c.obj (malloc)
c:/progra~2/gnuarm~1/102021~1.10/bin/../lib/gcc/arm-none-eabi/10.3.1/../../../../arm-none-eabi/lib/thumb/v6-m/nofp\libg.a(lib_a-mallocr.o)
                              c:/progra~2/gnuarm~1/102021~1.10/bin/../lib/gcc/arm-none-eabi/10.3.1/../../../../arm-none-eabi/lib/thumb/v6-m/nofp\libg.a(lib_a-callocr.o) (_malloc_r)
c:/progra~2/gnuarm~1/102021~1.10/bin/../lib/gcc/arm-none-eabi/10.3.1/../../../../arm-none-eabi/lib/thumb/v6-m/nofp\libg.a(lib_a-mlock.o)
                              c:/progra~2/gnuarm~1/102021~1.10/bin/../lib/gcc/arm-none-eabi/10.3.1/../../../../arm-none-eabi/lib/thumb/v6-m/nofp\libg.a(lib_a-mallocr.o) (__malloc_lock)
c:/progra~2/gnuarm~1/102021~1.10/bin/../lib/gcc/arm-none-eabi/10.3.1/../../../../arm-none-eabi/lib/thumb/v6-m/nofp\libg.a(lib_a-sbrkr.o)
                              c:/progra~2/gnuarm~1/102021~1.10/bin/../lib/gcc/arm-none-eabi/10.3.1/../../../../arm-none-eabi/lib/thumb/v6-m/nofp\libg.a(lib_a-mallocr.o) (_sbrk_r)
c:/progra~2/gnuarm~1/102021~1.10/bin/../lib/gcc/arm-none-eabi/10.3.1/../../../../arm-none-eabi/lib/thumb/v6-m/nofp\libg.a(lib_a-strlen-stub.o)
                              CMakeFiles/multicore.dir/C_/Pico/pico-sdk/src/rp2_common/pico_stdio/stdio.c.obj (strlen)
c:/progra~2/gnuarm~1/102021~1.10/bin/../lib/gcc/arm-none-eabi/10.3.1/../../../../arm-none-eabi/lib/thumb/v6-m/nofp\libg.a(lib_a-freer.o)
                              c:/progra~2/gnuarm~1/102021~1.10/bin/../lib/gcc/arm-none-eabi/10.3.1/../../../../arm-none-eabi/lib/thumb/v6-m/nofp\libg.a(lib_a-malloc.o) (_free_r)
c:/progra~2/gnuarm~1/102021~1.10/bin/../lib/gcc/arm-none-eabi/10.3.1/../../../../arm-none-eabi/lib/thumb/v6-m/nofp\libg.a(lib_a-lock.o)
                              c:/progra~2/gnuarm~1/102021~1.10/bin/../lib/gcc/arm-none-eabi/10.3.1/../../../../arm-none-eabi/lib/thumb/v6-m/nofp\libg.a(lib_a-mlock.o) (__retarget_lock_acquire_recursive)
c:/progra~2/gnuarm~1/102021~1.10/bin/../lib/gcc/arm-none-eabi/10.3.1/../../../../arm-none-eabi/lib/thumb/v6-m/nofp\libg.a(lib_a-reent.o)
                              c:/progra~2/gnuarm~1/102021~1.10/bin/../lib/gcc/arm-none-eabi/10.3.1/../../../../arm-none-eabi/lib/thumb/v6-m/nofp\libg.a(lib_a-sbrkr.o) (errno)

Discarded input sections

 .text          0x00000000        0x0 c:/progra~2/gnuarm~1/102021~1.10/bin/../lib/gcc/arm-none-eabi/10.3.1/thumb/v6-m/nofp/crti.o
 .data          0x00000000        0x0 c:/progra~2/gnuarm~1/102021~1.10/bin/../lib/gcc/arm-none-eabi/10.3.1/thumb/v6-m/nofp/crti.o
 .bss           0x00000000        0x0 c:/progra~2/gnuarm~1/102021~1.10/bin/../lib/gcc/arm-none-eabi/10.3.1/thumb/v6-m/nofp/crti.o
[...]
Memory Configuration

Name             Origin             Length             Attributes
FLASH            0x10000000         0x00200000         xr
RAM              0x20000000         0x00040000         xrw
SCRATCH_X        0x20040000         0x00001000         xrw
SCRATCH_Y        0x20041000         0x00001000         xrw
*default*        0x00000000         0xffffffff

Linker script and memory map

LOAD c:/progra~2/gnuarm~1/102021~1.10/bin/../lib/gcc/arm-none-eabi/10.3.1/thumb/v6-m/nofp/crti.o
LOAD c:/progra~2/gnuarm~1/102021~1.10/bin/../lib/gcc/arm-none-eabi/10.3.1/thumb/v6-m/nofp/crtbegin.o
LOAD c:/progra~2/gnuarm~1/102021~1.10/bin/../lib/gcc/arm-none-eabi/10.3.1/../../../../arm-none-eabi/lib/thumb/v6-m/nofp/crt0.o

.flash_begin    0x10000000        0x0
                0x10000000                __flash_binary_start = .

.boot2          0x10000000      0x100
                0x10000000                __boot2_start__ = .
 *(.boot2)
 .boot2         0x10000000      0x100 C:\Users\sbake\AppData\Local\Temp\ccKBoSJl.o
                0x10000100                __boot2_end__ = .
                0x00000001                ASSERT (((__boot2_end__ - __boot2_start__) == 0x100), ERROR: Pico second stage bootloader must be 256 bytes in size)

.text           0x10000100     0x70f8
                0x10000100                __logical_binary_start = .
 *(.vectors)
 .vectors       0x10000100       0xd4 CMakeFiles/multicore.dir/C_/Pico/pico-sdk/src/rp2_common/pico_standard_link/crt0.S.obj
                0x10000100                __VECTOR_TABLE
                0x10000100                __vectors
                0x100001c0                isr_invalid
                0x100001c0                __default_isrs_start
                0x100001c2                isr_nmi
                0x100001c4                isr_hardfault
                0x100001c6                isr_svcall
                0x100001c8                isr_pendsv
                0x100001ca                isr_systick
                0x100001cc                isr_irq23
                0x100001cc                isr_irq18
                0x100001cc                isr_irq11
                0x100001cc                isr_irq28
                0x100001cc                isr_irq19
                0x100001cc                isr_irq0
                0x100001cc                isr_irq6
                0x100001cc                isr_irq5
                0x100001cc                isr_irq12
                0x100001cc                isr_irq22
                0x100001cc                isr_irq31
                0x100001cc                isr_irq17
                0x100001cc                isr_irq27
                0x100001cc                isr_irq30
                0x100001cc                isr_irq2
                0x100001cc                isr_irq10
                0x100001cc                isr_irq8
                0x100001cc                isr_irq24
                0x100001cc                isr_irq1
                0x100001cc                isr_irq7
                0x100001cc                isr_irq21
                0x100001cc                isr_irq20
                0x100001cc                isr_irq15
                0x100001cc                isr_irq25
                0x100001cc                isr_irq13
                0x100001cc                __unhandled_user_irq
                0x100001cc                isr_irq4
                0x100001cc                isr_irq16
                0x100001cc                isr_irq29
                0x100001cc                isr_irq26
                0x100001cc                __default_isrs_end
                0x100001cc                isr_irq3
                0x100001cc                isr_irq14
                0x100001cc                isr_irq9
                0x100001d2                unhandled_user_irq_num_in_r0
 *(.binary_info_header)
 .binary_info_header
                0x100001d4       0x14 CMakeFiles/multicore.dir/C_/Pico/pico-sdk/src/rp2_common/pico_standard_link/crt0.S.obj
                0x100001e8                __binary_info_header_end = .
 *(.reset)
 .reset         0x100001e8       0xa8 CMakeFiles/multicore.dir/C_/Pico/pico-sdk/src/rp2_common/pico_standard_link/crt0.S.obj
                0x100001e8                _entry_point
                0x10000266                __get_current_exception
 .reset         0x10000290       0x30 CMakeFiles/multicore.dir/C_/Pico/pico-sdk/src/rp2_common/pico_standard_link/binary_info.c.obj
 *(.init)
 .init          0x100002c0        0x4 c:/progra~2/gnuarm~1/102021~1.10/bin/../lib/gcc/arm-none-eabi/10.3.1/thumb/v6-m/nofp/crti.o
                0x100002c0                _init
 *(EXCLUDE_FILE(*libm.a: *libc.a:*lib_a-mem*.o *libgcc.a:) .text*)
 .text          0x100002c4       0x48 c:/progra~2/gnuarm~1/102021~1.10/bin/../lib/gcc/arm-none-eabi/10.3.1/thumb/v6-m/nofp/crtbegin.o
 .text.secondCoreCode
                0x1000030c       0x2c CMakeFiles/multicore.dir/multicore.c.obj
                0x1000030c                secondCoreCode
 .text.pinInit  0x10000338       0x48 CMakeFiles/multicore.dir/multicore.c.obj
                0x10000338                pinInit
 .text.main     0x10000380       0x9c CMakeFiles/multicore.dir/multicore.c.obj
                0x10000380                main
 .text.gpio_set_function
                0x1000041c       0x30 CMakeFiles/multicore.dir/C_/Pico/pico-sdk/src/rp2_common/hardware_gpio/gpio.c.obj
                0x1000041c                gpio_set_function
 .text.gpio_init
                0x1000044c       0x16 CMakeFiles/multicore.dir/C_/Pico/pico-sdk/src/rp2_common/hardware_gpio/gpio.c.obj
                0x1000044c                gpio_init
 *fill*         0x10000462        0x2 
 .text.hw_claim_lock
                0x10000464       0x18 CMakeFiles/multicore.dir/C_/Pico/pico-sdk/src/rp2_common/hardware_claim/claim.c.obj
                0x10000464                hw_claim_lock
 .text.hw_claim_unlock
                0x1000047c       0x14 CMakeFiles/multicore.dir/C_/Pico/pico-sdk/src/rp2_common/hardware_claim/claim.c.obj
                0x1000047c                hw_claim_unlock
 .text.hw_claim_or_assert
                0x10000490       0x32 CMakeFiles/multicore.dir/C_/Pico/pico-sdk/src/rp2_common/hardware_claim/claim.c.obj
                0x10000490                hw_claim_or_assert
 .text.hw_claim_unused_from_range
                0x100004c2       0x50 CMakeFiles/multicore.dir/C_/Pico/pico-sdk/src/rp2_common/hardware_claim/claim.c.obj
                0x100004c2                hw_claim_unused_from_range
 *fill*         0x10000512        0x2 
 .text.running_on_fpga
                0x10000514       0x14 CMakeFiles/multicore.dir/C_/Pico/pico-sdk/src/rp2_common/pico_platform/platform.c.obj
                0x10000514                running_on_fpga
 .text.spin_locks_reset
                0x10000528       0x20 CMakeFiles/multicore.dir/C_/Pico/pico-sdk/src/rp2_common/hardware_sync/sync.c.obj
                0x10000528                spin_locks_reset
 .text.next_striped_spin_lock_num
                0x10000548       0x1c CMakeFiles/multicore.dir/C_/Pico/pico-sdk/src/rp2_common/hardware_sync/sync.c.obj
                0x10000548                next_striped_spin_lock_num
 .text.spin_lock_claim_unused
                0x10000564       0x20 CMakeFiles/multicore.dir/C_/Pico/pico-sdk/src/rp2_common/hardware_sync/sync.c.obj
                0x10000564                spin_lock_claim_unused
 .text.alarm_pool_post_alloc_init
                0x10000584       0x40 CMakeFiles/multicore.dir/C_/Pico/pico-sdk/src/common/pico_time/time.c.obj
 .text.sleep_until_callback
                0x100005c4       0x30 CMakeFiles/multicore.dir/C_/Pico/pico-sdk/src/common/pico_time/time.c.obj
 .text.timer_pool_entry_comparator
                0x100005f4       0x7c CMakeFiles/multicore.dir/C_/Pico/pico-sdk/src/common/pico_time/time.c.obj
                0x100005f4                timer_pool_entry_comparator
 .text.ph_add_child_node
                0x10000670       0xa4 CMakeFiles/multicore.dir/C_/Pico/pico-sdk/src/common/pico_time/time.c.obj
 .text.ph_merge_nodes
                0x10000714       0x3e CMakeFiles/multicore.dir/C_/Pico/pico-sdk/src/common/pico_time/time.c.obj
 *fill*         0x10000752        0x2 
 .text.add_alarm_under_lock
                0x10000754      0x174 CMakeFiles/multicore.dir/C_/Pico/pico-sdk/src/common/pico_time/time.c.obj
 .text.alarm_pool_alarm_callback
                0x100008c8      0x328 CMakeFiles/multicore.dir/C_/Pico/pico-sdk/src/common/pico_time/time.c.obj
 .text.alarm_pool_init_default
                0x10000bf0       0x38 CMakeFiles/multicore.dir/C_/Pico/pico-sdk/src/common/pico_time/time.c.obj
                0x10000bf0                alarm_pool_init_default
 .text.alarm_pool_get_default
                0x10000c28       0x2c CMakeFiles/multicore.dir/C_/Pico/pico-sdk/src/common/pico_time/time.c.obj
                0x10000c28                alarm_pool_get_default
 .text.alarm_pool_add_alarm_at
                0x10000c54      0x170 CMakeFiles/multicore.dir/C_/Pico/pico-sdk/src/common/pico_time/time.c.obj
                0x10000c54                alarm_pool_add_alarm_at
 .text.alarm_pool_cancel_alarm
                0x10000dc4       0xec CMakeFiles/multicore.dir/C_/Pico/pico-sdk/src/common/pico_time/time.c.obj
                0x10000dc4                alarm_pool_cancel_alarm
 .text.sleep_until
                0x10000eb0       0xfc CMakeFiles/multicore.dir/C_/Pico/pico-sdk/src/common/pico_time/time.c.obj
                0x10000eb0                sleep_until
 .text.sleep_us
                0x10000fac       0x58 CMakeFiles/multicore.dir/C_/Pico/pico-sdk/src/common/pico_time/time.c.obj
                0x10000fac                sleep_us
 .text.sleep_ms
                0x10001004       0x14 CMakeFiles/multicore.dir/C_/Pico/pico-sdk/src/common/pico_time/time.c.obj
                0x10001004                sleep_ms
 .text.best_effort_wfe_or_timeout
                0x10001018       0x80 CMakeFiles/multicore.dir/C_/Pico/pico-sdk/src/common/pico_time/time.c.obj
                0x10001018                best_effort_wfe_or_timeout
 .text.hardware_alarm_irq_handler
                0x10001098       0x8c CMakeFiles/multicore.dir/C_/Pico/pico-sdk/src/rp2_common/hardware_timer/timer.c.obj
 .text.hardware_alarm_claim
                0x10001124       0x18 CMakeFiles/multicore.dir/C_/Pico/pico-sdk/src/rp2_common/hardware_timer/timer.c.obj
                0x10001124                hardware_alarm_claim
 .text.time_us_64
                0x1000113c       0x18 CMakeFiles/multicore.dir/C_/Pico/pico-sdk/src/rp2_common/hardware_timer/timer.c.obj
                0x1000113c                time_us_64
 .text.busy_wait_until
                0x10001154       0x28 CMakeFiles/multicore.dir/C_/Pico/pico-sdk/src/rp2_common/hardware_timer/timer.c.obj
                0x10001154                busy_wait_until
 .text.hardware_alarm_set_callback
                0x1000117c       0x90 CMakeFiles/multicore.dir/C_/Pico/pico-sdk/src/rp2_common/hardware_timer/timer.c.obj
                0x1000117c                hardware_alarm_set_callback
 .text.hardware_alarm_set_target
                0x1000120c       0xe8 CMakeFiles/multicore.dir/C_/Pico/pico-sdk/src/rp2_common/hardware_timer/timer.c.obj
                0x1000120c                hardware_alarm_set_target
 .text.hardware_alarm_cancel
                0x100012f4       0x40 CMakeFiles/multicore.dir/C_/Pico/pico-sdk/src/rp2_common/hardware_timer/timer.c.obj
                0x100012f4                hardware_alarm_cancel
 .text.lock_init
                0x10001334       0x10 CMakeFiles/multicore.dir/C_/Pico/pico-sdk/src/common/pico_sync/lock_core.c.obj
                0x10001334                lock_init
 .text.mutex_init_internal
                0x10001344       0x1e CMakeFiles/multicore.dir/C_/Pico/pico-sdk/src/common/pico_sync/mutex.c.obj
 .text.mutex_init
                0x10001362        0xa CMakeFiles/multicore.dir/C_/Pico/pico-sdk/src/common/pico_sync/mutex.c.obj
                0x10001362                mutex_init
 .text.recursive_mutex_init
                0x1000136c        0xa CMakeFiles/multicore.dir/C_/Pico/pico-sdk/src/common/pico_sync/mutex.c.obj
                0x1000136c                recursive_mutex_init
 *fill*         0x10001376        0x2 
 .text.critical_section_init_with_lock_num
                0x10001378       0x14 CMakeFiles/multicore.dir/C_/Pico/pico-sdk/src/common/pico_sync/critical_section.c.obj
                0x10001378                critical_section_init_with_lock_num
 .text.critical_section_init
                0x1000138c       0x14 CMakeFiles/multicore.dir/C_/Pico/pico-sdk/src/common/pico_sync/critical_section.c.obj
                0x1000138c                critical_section_init
 .text.ph_add_child_node
                0x100013a0       0xa4 CMakeFiles/multicore.dir/C_/Pico/pico-sdk/src/common/pico_util/pheap.c.obj
 .text.ph_merge_nodes
                0x10001444       0x3e CMakeFiles/multicore.dir/C_/Pico/pico-sdk/src/common/pico_util/pheap.c.obj
 *fill*         0x10001482        0x2 
 .text.ph_clear
                0x10001484       0x70 CMakeFiles/multicore.dir/C_/Pico/pico-sdk/src/common/pico_util/pheap.c.obj
                0x10001484                ph_clear
 .text.ph_post_alloc_init
                0x100014f4        0xe CMakeFiles/multicore.dir/C_/Pico/pico-sdk/src/common/pico_util/pheap.c.obj
                0x100014f4                ph_post_alloc_init
 *fill*         0x10001502        0x2 
 .text.ph_merge_two_pass
                0x10001504       0xa8 CMakeFiles/multicore.dir/C_/Pico/pico-sdk/src/common/pico_util/pheap.c.obj
                0x10001504                ph_merge_two_pass
 .text.ph_remove_any_head
                0x100015ac      0x108 CMakeFiles/multicore.dir/C_/Pico/pico-sdk/src/common/pico_util/pheap.c.obj
 .text.ph_remove_head
                0x100016b4       0x14 CMakeFiles/multicore.dir/C_/Pico/pico-sdk/src/common/pico_util/pheap.c.obj
                0x100016b4                ph_remove_head
 .text.ph_remove_and_free_node
                0x100016c8       0xf8 CMakeFiles/multicore.dir/C_/Pico/pico-sdk/src/common/pico_util/pheap.c.obj
                0x100016c8                ph_remove_and_free_node
 .text.runtime_init
                0x100017c0       0xd8 CMakeFiles/multicore.dir/C_/Pico/pico-sdk/src/rp2_common/pico_runtime/runtime.c.obj
                0x100017c0                runtime_init
 .text._exit    0x10001898        0x4 CMakeFiles/multicore.dir/C_/Pico/pico-sdk/src/rp2_common/pico_runtime/runtime.c.obj
                0x10001898                _exit
 .text.exit     0x1000189c        0x6 CMakeFiles/multicore.dir/C_/Pico/pico-sdk/src/rp2_common/pico_runtime/runtime.c.obj
                0x1000189c                exit
 *fill*         0x100018a2        0x2 
 .text.__assert_func
                0x100018a4       0x3c CMakeFiles/multicore.dir/C_/Pico/pico-sdk/src/rp2_common/pico_runtime/runtime.c.obj
                0x100018a4                __assert_func
 .text.panic    0x100018e0       0x30 CMakeFiles/multicore.dir/C_/Pico/pico-sdk/src/rp2_common/pico_runtime/runtime.c.obj
                0x100018e0                panic
 .text.clock_configure
                0x10001910      0x104 CMakeFiles/multicore.dir/C_/Pico/pico-sdk/src/rp2_common/hardware_clocks/clocks.c.obj
                0x10001910                clock_configure
 .text.clocks_init
                0x10001a14      0x100 CMakeFiles/multicore.dir/C_/Pico/pico-sdk/src/rp2_common/hardware_clocks/clocks.c.obj
                0x10001a14                clocks_init
 .text.set_raw_irq_handler_and_unlock
                0x10001b14       0x28 CMakeFiles/multicore.dir/C_/Pico/pico-sdk/src/rp2_common/hardware_irq/irq.c.obj
 .text.make_branch
                0x10001b3c       0x34 CMakeFiles/multicore.dir/C_/Pico/pico-sdk/src/rp2_common/hardware_irq/irq.c.obj
 .text.insert_branch_and_link
                0x10001b70       0x40 CMakeFiles/multicore.dir/C_/Pico/pico-sdk/src/rp2_common/hardware_irq/irq.c.obj
 .text.irq_is_enabled
                0x10001bb0       0x18 CMakeFiles/multicore.dir/C_/Pico/pico-sdk/src/rp2_common/hardware_irq/irq.c.obj
                0x10001bb0                irq_is_enabled
 .text.irq_set_mask_enabled
                0x10001bc8       0x20 CMakeFiles/multicore.dir/C_/Pico/pico-sdk/src/rp2_common/hardware_irq/irq.c.obj
                0x10001bc8                irq_set_mask_enabled
 .text.irq_set_enabled
                0x10001be8        0xe CMakeFiles/multicore.dir/C_/Pico/pico-sdk/src/rp2_common/hardware_irq/irq.c.obj
                0x10001be8                irq_set_enabled
 *fill*         0x10001bf6        0x2 
 .text.irq_set_pending
                0x10001bf8       0x10 CMakeFiles/multicore.dir/C_/Pico/pico-sdk/src/rp2_common/hardware_irq/irq.c.obj
                0x10001bf8                irq_set_pending
 .text.irq_get_vtable_handler
                0x10001c08       0x10 CMakeFiles/multicore.dir/C_/Pico/pico-sdk/src/rp2_common/hardware_irq/irq.c.obj
                0x10001c08                irq_get_vtable_handler
 .text.irq_set_exclusive_handler
                0x10001c18       0x54 CMakeFiles/multicore.dir/C_/Pico/pico-sdk/src/rp2_common/hardware_irq/irq.c.obj
                0x10001c18                irq_set_exclusive_handler
 .text.irq_remove_handler
                0x10001c6c      0x1ac CMakeFiles/multicore.dir/C_/Pico/pico-sdk/src/rp2_common/hardware_irq/irq.c.obj
                0x10001c6c                irq_remove_handler
 .text.irq_set_priority
                0x10001e18       0x28 CMakeFiles/multicore.dir/C_/Pico/pico-sdk/src/rp2_common/hardware_irq/irq.c.obj
                0x10001e18                irq_set_priority
 .text.irq_add_tail_to_free_list
                0x10001e40       0xf0 CMakeFiles/multicore.dir/C_/Pico/pico-sdk/src/rp2_common/hardware_irq/irq.c.obj
                0x10001e40                irq_add_tail_to_free_list
 .text.irq_init_priorities
                0x10001f30       0x16 CMakeFiles/multicore.dir/C_/Pico/pico-sdk/src/rp2_common/hardware_irq/irq.c.obj
                0x10001f30                irq_init_priorities
 *fill*         0x10001f46        0x2 
 .text.pll_init
                0x10001f48      0x118 CMakeFiles/multicore.dir/C_/Pico/pico-sdk/src/rp2_common/hardware_pll/pll.c.obj
                0x10001f48                pll_init
 .text.watchdog_start_tick
                0x10002060       0x10 CMakeFiles/multicore.dir/C_/Pico/pico-sdk/src/rp2_common/hardware_watchdog/watchdog.c.obj
                0x10002060                watchdog_start_tick
 .text.watchdog_update
                0x10002070       0x14 CMakeFiles/multicore.dir/C_/Pico/pico-sdk/src/rp2_common/hardware_watchdog/watchdog.c.obj
                0x10002070                watchdog_update
 .text._watchdog_enable
                0x10002084       0x70 CMakeFiles/multicore.dir/C_/Pico/pico-sdk/src/rp2_common/hardware_watchdog/watchdog.c.obj
                0x10002084                _watchdog_enable
 .text.watchdog_reboot
                0x100020f4       0x48 CMakeFiles/multicore.dir/C_/Pico/pico-sdk/src/rp2_common/hardware_watchdog/watchdog.c.obj
                0x100020f4                watchdog_reboot
 .text.xosc_init
                0x1000213c       0x28 CMakeFiles/multicore.dir/C_/Pico/pico-sdk/src/rp2_common/hardware_xosc/xosc.c.obj
                0x1000213c                xosc_init
 .text._out_null
                0x10002164        0x2 CMakeFiles/multicore.dir/C_/Pico/pico-sdk/src/rp2_common/pico_printf/printf.c.obj
 .text._out_fct
                0x10002166        0xe CMakeFiles/multicore.dir/C_/Pico/pico-sdk/src/rp2_common/pico_printf/printf.c.obj
 .text._atoi    0x10002174       0x24 CMakeFiles/multicore.dir/C_/Pico/pico-sdk/src/rp2_common/pico_printf/printf.c.obj
 .text._out_rev
                0x10002198       0xae CMakeFiles/multicore.dir/C_/Pico/pico-sdk/src/rp2_common/pico_printf/printf.c.obj
 .text._ntoa_format
                0x10002246      0x112 CMakeFiles/multicore.dir/C_/Pico/pico-sdk/src/rp2_common/pico_printf/printf.c.obj
 .text._ntoa_long
                0x10002358       0xbc CMakeFiles/multicore.dir/C_/Pico/pico-sdk/src/rp2_common/pico_printf/printf.c.obj
 .text._ntoa_long_long
                0x10002414       0xe2 CMakeFiles/multicore.dir/C_/Pico/pico-sdk/src/rp2_common/pico_printf/printf.c.obj
 *fill*         0x100024f6        0x2 
 .text._etoa    0x100024f8      0x414 CMakeFiles/multicore.dir/C_/Pico/pico-sdk/src/rp2_common/pico_printf/printf.c.obj
 .text._ftoa    0x1000290c      0x354 CMakeFiles/multicore.dir/C_/Pico/pico-sdk/src/rp2_common/pico_printf/printf.c.obj
 .text._vsnprintf
                0x10002c60      0x624 CMakeFiles/multicore.dir/C_/Pico/pico-sdk/src/rp2_common/pico_printf/printf.c.obj
 .text.vfctprintf
                0x10003284       0x20 CMakeFiles/multicore.dir/C_/Pico/pico-sdk/src/rp2_common/pico_printf/printf.c.obj
                0x10003284                vfctprintf
 .text          0x100032a4       0x10 CMakeFiles/multicore.dir/C_/Pico/pico-sdk/src/rp2_common/pico_bit_ops/bit_ops_aeabi.S.obj
 .text.rom_func_lookup
                0x100032b4       0x10 CMakeFiles/multicore.dir/C_/Pico/pico-sdk/src/rp2_common/pico_bootrom/bootrom.c.obj
                0x100032b4                rom_func_lookup
 .text.rom_data_lookup
                0x100032c4       0x10 CMakeFiles/multicore.dir/C_/Pico/pico-sdk/src/rp2_common/pico_bootrom/bootrom.c.obj
                0x100032c4                rom_data_lookup
 .text.rom_funcs_lookup
                0x100032d4       0x36 CMakeFiles/multicore.dir/C_/Pico/pico-sdk/src/rp2_common/pico_bootrom/bootrom.c.obj
                0x100032d4                rom_funcs_lookup
 *fill*         0x1000330a        0x2 
 .text.__wrap___aeabi_idiv
                0x1000330c       0x50 CMakeFiles/multicore.dir/C_/Pico/pico-sdk/src/rp2_common/pico_divider/divider.S.obj
                0x1000330c                __wrap___aeabi_idivmod
                0x1000330c                divmod_s32s32
                0x1000330c                div_s32s32
                0x1000330c                __wrap___aeabi_idiv
                0x10003314                divmod_s32s32_unsafe
                0x10003340                divmod_s32s32_savestate
 .text.__wrap___aeabi_uidiv
                0x1000335c       0x4c CMakeFiles/multicore.dir/C_/Pico/pico-sdk/src/rp2_common/pico_divider/divider.S.obj
                0x1000335c                __wrap___aeabi_uidiv
                0x1000335c                __wrap___aeabi_uidivmod
                0x1000335c                div_u32u32
                0x1000335c                divmod_u32u32
                0x10003364                divmod_u32u32_unsafe
                0x1000338c                divmod_u32u32_savestate
 .text.__wrap___aeabi_ldiv
                0x100033a8      0x430 CMakeFiles/multicore.dir/C_/Pico/pico-sdk/src/rp2_common/pico_divider/divider.S.obj
                0x100033a8                div_s64s64
                0x100033a8                divmod_s64s64
                0x100033a8                __wrap___aeabi_ldivmod
                0x100033e0                divmod_u64u64
                0x100033e0                div_u64u64
                0x100033e0                __wrap___aeabi_uldivmod
                0x100033f0                divmod_u64u64_savestate
                0x10003418                divmod_s64s64_unsafe
                0x100034a0                divmod_u64u64_unsafe
 .text.__wrap___aeabi_darithmetic
                0x100037d8       0x80 CMakeFiles/multicore.dir/C_/Pico/pico-sdk/src/rp2_common/pico_double/double_aeabi.S.obj
                0x100037d8                __wrap___aeabi_drsub
                0x100037de                __wrap___aeabi_dsub
                0x100037f0                __wrap___aeabi_dadd
                0x10003802                __wrap___aeabi_ddiv
                0x1000383e                __wrap___aeabi_dmul
 .text.__wrap___aeabi_cdcmple
                0x10003858       0x6c CMakeFiles/multicore.dir/C_/Pico/pico-sdk/src/rp2_common/pico_double/double_aeabi.S.obj
                0x10003858                __wrap___aeabi_cdrcmple
                0x10003868                __wrap___aeabi_cdcmpeq
                0x10003868                __wrap___aeabi_cdcmple
 .text.__wrap___aeabi_dcmplt
                0x100038c4        0xc CMakeFiles/multicore.dir/C_/Pico/pico-sdk/src/rp2_common/pico_double/double_aeabi.S.obj
                0x100038c4                __wrap___aeabi_dcmplt
 .text.__wrap___aeabi_dcmple
                0x100038d0       0x10 CMakeFiles/multicore.dir/C_/Pico/pico-sdk/src/rp2_common/pico_double/double_aeabi.S.obj
                0x100038d0                __wrap___aeabi_dcmple
 .text.__wrap___aeabi_dcmpge
                0x100038e0       0x10 CMakeFiles/multicore.dir/C_/Pico/pico-sdk/src/rp2_common/pico_double/double_aeabi.S.obj
                0x100038e0                __wrap___aeabi_dcmpge
 .text.__wrap___aeabi_dcmpgt
                0x100038f0        0xa CMakeFiles/multicore.dir/C_/Pico/pico-sdk/src/rp2_common/pico_double/double_aeabi.S.obj
                0x100038f0                __wrap___aeabi_dcmpgt
 .text.__wrap___aeabi_dcmpun
                0x100038fa       0x1c CMakeFiles/multicore.dir/C_/Pico/pico-sdk/src/rp2_common/pico_double/double_aeabi.S.obj
                0x100038fa                __wrap___aeabi_dcmpun
 *fill*         0x10003916        0x2 
 .text.__wrap___aeabi_i2d
                0x10003918       0x38 CMakeFiles/multicore.dir/C_/Pico/pico-sdk/src/rp2_common/pico_double/double_aeabi.S.obj
                0x10003918                __wrap___aeabi_ui2d
                0x10003920                __wrap___aeabi_i2d
 .text.__wrap___aeabi_d2iz
                0x10003950       0x48 CMakeFiles/multicore.dir/C_/Pico/pico-sdk/src/rp2_common/pico_double/double_aeabi.S.obj
                0x10003950                double2int_z
                0x10003950                __wrap___aeabi_d2iz
 .text.__wrap___aeabi_d2uiz
                0x10003998       0x18 CMakeFiles/multicore.dir/C_/Pico/pico-sdk/src/rp2_common/pico_double/double_aeabi.S.obj
                0x10003998                __wrap___aeabi_d2uiz
                0x10003998                double2uint
 .text.__aeabi_double_init
                0x100039b0       0xb8 CMakeFiles/multicore.dir/C_/Pico/pico-sdk/src/rp2_common/pico_double/double_init_rom.c.obj
                0x100039b0                __aeabi_double_init
 .text.double_table_shim_on_use_helper
                0x10003a68       0x34 CMakeFiles/multicore.dir/C_/Pico/pico-sdk/src/rp2_common/pico_double/double_v1_rom_shim.S.obj
                0x10003a68                double_table_shim_on_use_helper
 .text.__wrap___aeabi_dsub
                0x10003a9c       0x10 CMakeFiles/multicore.dir/C_/Pico/pico-sdk/src/rp2_common/pico_double/double_v1_rom_shim.S.obj
                0x10003a9c                drsub_shim
                0x10003aa2                dsub_shim
 .text.dadd_shim
                0x10003aac      0x15c CMakeFiles/multicore.dir/C_/Pico/pico-sdk/src/rp2_common/pico_double/double_v1_rom_shim.S.obj
                0x10003aac                dadd_shim
 .text.dmul_shim
                0x10003c08      0x15c CMakeFiles/multicore.dir/C_/Pico/pico-sdk/src/rp2_common/pico_double/double_v1_rom_shim.S.obj
                0x10003c08                dmul_shim
 .text.ddiv_shim
                0x10003d64      0x1b0 CMakeFiles/multicore.dir/C_/Pico/pico-sdk/src/rp2_common/pico_double/double_v1_rom_shim.S.obj
                0x10003d64                ddiv_shim
 .text.dcordic_rot_step
                0x10003f14       0x7c CMakeFiles/multicore.dir/C_/Pico/pico-sdk/src/rp2_common/pico_double/double_v1_rom_shim.S.obj
                0x10003f14                dcordic_rot_step
 .text.double2uint_shim
                0x10003f90        0xe CMakeFiles/multicore.dir/C_/Pico/pico-sdk/src/rp2_common/pico_double/double_v1_rom_shim.S.obj
                0x10003f90                double2uint_shim
                0x10003f92                double2ufix_shim
 *fill*         0x10003f9e        0x2 
 .text.double2uint64_shim
                0x10003fa0       0x6c CMakeFiles/multicore.dir/C_/Pico/pico-sdk/src/rp2_common/pico_double/double_v1_rom_shim.S.obj
                0x10003fa0                double2uint64_shim
                0x10003fa2                double2ufix64_shim
                0x10003fbc                d2fix_a
 .text.dunpacks
                0x1000400c       0x3c CMakeFiles/multicore.dir/C_/Pico/pico-sdk/src/rp2_common/pico_double/double_v1_rom_shim.S.obj
                0x1000400c                dunpacks
 .text.__aeabi_lmul
                0x10004048       0x32 CMakeFiles/multicore.dir/C_/Pico/pico-sdk/src/rp2_common/pico_int64_ops/pico_int64_ops_aeabi.S.obj
                0x10004048                __wrap___aeabi_lmul
 *fill*         0x1000407a        0x2 
 .text.__aeabi_float_init
                0x1000407c       0xfc CMakeFiles/multicore.dir/C_/Pico/pico-sdk/src/rp2_common/pico_float/float_init_rom.c.obj
                0x1000407c                __aeabi_float_init
 .text.float_table_shim_on_use_helper
                0x10004178       0x34 CMakeFiles/multicore.dir/C_/Pico/pico-sdk/src/rp2_common/pico_float/float_v1_rom_shim.S.obj
                0x10004178                float_table_shim_on_use_helper
 .text          0x100041ac       0x10 CMakeFiles/multicore.dir/C_/Pico/pico-sdk/src/rp2_common/pico_mem_ops/mem_ops_aeabi.S.obj
                0x100041ac                __aeabi_mem_init
 .text.memset   0x100041bc        0xc CMakeFiles/multicore.dir/C_/Pico/pico-sdk/src/rp2_common/pico_mem_ops/mem_ops_aeabi.S.obj
                0x100041bc                __wrap_memset
 .text.memcpy   0x100041c8        0xc CMakeFiles/multicore.dir/C_/Pico/pico-sdk/src/rp2_common/pico_mem_ops/mem_ops_aeabi.S.obj
                0x100041c8                __wrap_memcpy
                0x100041c8                __wrap___aeabi_memcpy
 .text.stdio_out_chars_crlf
                0x100041d4       0x80 CMakeFiles/multicore.dir/C_/Pico/pico-sdk/src/rp2_common/pico_stdio/stdio.c.obj
 .text.stdio_stack_buffer_flush
                0x10004254       0x44 CMakeFiles/multicore.dir/C_/Pico/pico-sdk/src/rp2_common/pico_stdio/stdio.c.obj
 .text.stdio_buffered_printer
                0x10004298       0x20 CMakeFiles/multicore.dir/C_/Pico/pico-sdk/src/rp2_common/pico_stdio/stdio.c.obj
 .text.stdout_serialize_begin
                0x100042b8       0x30 CMakeFiles/multicore.dir/C_/Pico/pico-sdk/src/rp2_common/pico_stdio/stdio.c.obj
                0x100042b8                stdout_serialize_begin
 .text.stdout_serialize_end
                0x100042e8       0x10 CMakeFiles/multicore.dir/C_/Pico/pico-sdk/src/rp2_common/pico_stdio/stdio.c.obj
                0x100042e8                stdout_serialize_end
 .text.stdio_put_string
                0x100042f8       0x84 CMakeFiles/multicore.dir/C_/Pico/pico-sdk/src/rp2_common/pico_stdio/stdio.c.obj
 .text.stdio_set_driver_enabled
                0x1000437c       0x38 CMakeFiles/multicore.dir/C_/Pico/pico-sdk/src/rp2_common/pico_stdio/stdio.c.obj
                0x1000437c                stdio_set_driver_enabled
 .text.stdio_flush
                0x100043b4       0x20 CMakeFiles/multicore.dir/C_/Pico/pico-sdk/src/rp2_common/pico_stdio/stdio.c.obj
                0x100043b4                stdio_flush
 .text.__wrap_puts
                0x100043d4       0x1c CMakeFiles/multicore.dir/C_/Pico/pico-sdk/src/rp2_common/pico_stdio/stdio.c.obj
                0x100043d4                __wrap_puts
 .text.__wrap_vprintf
                0x100043f0       0x44 CMakeFiles/multicore.dir/C_/Pico/pico-sdk/src/rp2_common/pico_stdio/stdio.c.obj
                0x100043f0                __wrap_vprintf
 .text.__wrap_printf
                0x10004434       0x18 CMakeFiles/multicore.dir/C_/Pico/pico-sdk/src/rp2_common/pico_stdio/stdio.c.obj
                0x10004434                __wrap_printf
 .text.stdio_init_all
                0x1000444c        0x8 CMakeFiles/multicore.dir/C_/Pico/pico-sdk/src/rp2_common/pico_stdio/stdio.c.obj
                0x1000444c                stdio_init_all
 .text.resetd_init
                0x10004454        0x2 CMakeFiles/multicore.dir/C_/Pico/pico-sdk/src/rp2_common/pico_stdio_usb/reset_interface.c.obj
 *fill*         0x10004456        0x2 
 .text.resetd_reset
                0x10004458        0xc CMakeFiles/multicore.dir/C_/Pico/pico-sdk/src/rp2_common/pico_stdio_usb/reset_interface.c.obj
 .text.resetd_open
                0x10004464       0x34 CMakeFiles/multicore.dir/C_/Pico/pico-sdk/src/rp2_common/pico_stdio_usb/reset_interface.c.obj
 .text.resetd_xfer_cb
                0x10004498        0x4 CMakeFiles/multicore.dir/C_/Pico/pico-sdk/src/rp2_common/pico_stdio_usb/reset_interface.c.obj
 .text.reset_usb_boot
                0x1000449c       0x18 CMakeFiles/multicore.dir/C_/Pico/pico-sdk/src/rp2_common/pico_stdio_usb/reset_interface.c.obj
 .text.resetd_control_xfer_cb
                0x100044b4       0x5c CMakeFiles/multicore.dir/C_/Pico/pico-sdk/src/rp2_common/pico_stdio_usb/reset_interface.c.obj
 .text.usbd_app_driver_get_cb
                0x10004510        0xc CMakeFiles/multicore.dir/C_/Pico/pico-sdk/src/rp2_common/pico_stdio_usb/reset_interface.c.obj
                0x10004510                usbd_app_driver_get_cb
 .text.tud_cdc_line_coding_cb
                0x1000451c       0x28 CMakeFiles/multicore.dir/C_/Pico/pico-sdk/src/rp2_common/pico_stdio_usb/reset_interface.c.obj
                0x1000451c                tud_cdc_line_coding_cb
 .text.stdio_usb_in_chars
                0x10004544       0x70 CMakeFiles/multicore.dir/C_/Pico/pico-sdk/src/rp2_common/pico_stdio_usb/stdio_usb.c.obj
                0x10004544                stdio_usb_in_chars
 .text.low_priority_worker_irq
                0x100045b4       0x20 CMakeFiles/multicore.dir/C_/Pico/pico-sdk/src/rp2_common/pico_stdio_usb/stdio_usb.c.obj
 .text.stdio_usb_out_chars
                0x100045d4       0xd4 CMakeFiles/multicore.dir/C_/Pico/pico-sdk/src/rp2_common/pico_stdio_usb/stdio_usb.c.obj
 .text.timer_task
                0x100046a8       0x10 CMakeFiles/multicore.dir/C_/Pico/pico-sdk/src/rp2_common/pico_stdio_usb/stdio_usb.c.obj
 .text.stdio_usb_init
                0x100046b8       0xb8 CMakeFiles/multicore.dir/C_/Pico/pico-sdk/src/rp2_common/pico_stdio_usb/stdio_usb.c.obj
                0x100046b8                stdio_usb_init
 .text.tud_descriptor_device_cb
                0x10004770        0x8 CMakeFiles/multicore.dir/C_/Pico/pico-sdk/src/rp2_common/pico_stdio_usb/stdio_usb_descriptors.c.obj
                0x10004770                tud_descriptor_device_cb
 .text.tud_descriptor_configuration_cb
                0x10004778        0x8 CMakeFiles/multicore.dir/C_/Pico/pico-sdk/src/rp2_common/pico_stdio_usb/stdio_usb_descriptors.c.obj
                0x10004778                tud_descriptor_configuration_cb
 .text.tud_descriptor_string_cb
                0x10004780       0x68 CMakeFiles/multicore.dir/C_/Pico/pico-sdk/src/rp2_common/pico_stdio_usb/stdio_usb_descriptors.c.obj
                0x10004780                tud_descriptor_string_cb
 .text.hw_endpoint_get_by_addr
                0x100047e8       0x18 CMakeFiles/multicore.dir/C_/Pico/pico-sdk/lib/tinyusb/src/portable/raspberrypi/rp2040/dcd_rp2040.c.obj
 .text.reset_ep0
                0x10004800       0x2c CMakeFiles/multicore.dir/C_/Pico/pico-sdk/lib/tinyusb/src/portable/raspberrypi/rp2040/dcd_rp2040.c.obj
 .text._hw_endpoint_alloc
                0x1000482c       0x80 CMakeFiles/multicore.dir/C_/Pico/pico-sdk/lib/tinyusb/src/portable/raspberrypi/rp2040/dcd_rp2040.c.obj
 .text._hw_endpoint_init
                0x100048ac       0xbc CMakeFiles/multicore.dir/C_/Pico/pico-sdk/lib/tinyusb/src/portable/raspberrypi/rp2040/dcd_rp2040.c.obj
 .text.hw_endpoint_init
                0x10004968       0x18 CMakeFiles/multicore.dir/C_/Pico/pico-sdk/lib/tinyusb/src/portable/raspberrypi/rp2040/dcd_rp2040.c.obj
 .text.hw_handle_buff_status
                0x10004980       0xb4 CMakeFiles/multicore.dir/C_/Pico/pico-sdk/lib/tinyusb/src/portable/raspberrypi/rp2040/dcd_rp2040.c.obj
 .text.dcd_rp2040_irq
                0x10004a34       0xa8 CMakeFiles/multicore.dir/C_/Pico/pico-sdk/lib/tinyusb/src/portable/raspberrypi/rp2040/dcd_rp2040.c.obj
 .text.hw_endpoint_xfer
                0x10004adc       0x18 CMakeFiles/multicore.dir/C_/Pico/pico-sdk/lib/tinyusb/src/portable/raspberrypi/rp2040/dcd_rp2040.c.obj
 .text.ep0_0len_status
                0x10004af4       0x14 CMakeFiles/multicore.dir/C_/Pico/pico-sdk/lib/tinyusb/src/portable/raspberrypi/rp2040/dcd_rp2040.c.obj
 .text._hw_endpoint_stall
                0x10004b08       0x54 CMakeFiles/multicore.dir/C_/Pico/pico-sdk/lib/tinyusb/src/portable/raspberrypi/rp2040/dcd_rp2040.c.obj
 .text.hw_endpoint_stall
                0x10004b5c        0xc CMakeFiles/multicore.dir/C_/Pico/pico-sdk/lib/tinyusb/src/portable/raspberrypi/rp2040/dcd_rp2040.c.obj
 .text._hw_endpoint_clear_stall
                0x10004b68       0x34 CMakeFiles/multicore.dir/C_/Pico/pico-sdk/lib/tinyusb/src/portable/raspberrypi/rp2040/dcd_rp2040.c.obj
 .text.hw_endpoint_clear_stall
                0x10004b9c        0xc CMakeFiles/multicore.dir/C_/Pico/pico-sdk/lib/tinyusb/src/portable/raspberrypi/rp2040/dcd_rp2040.c.obj
 .text.dcd_int_enable
                0x10004ba8       0x2c CMakeFiles/multicore.dir/C_/Pico/pico-sdk/lib/tinyusb/src/portable/raspberrypi/rp2040/dcd_rp2040.c.obj
                0x10004ba8                dcd_int_enable
 .text.dcd_set_address
                0x10004bd4       0x28 CMakeFiles/multicore.dir/C_/Pico/pico-sdk/lib/tinyusb/src/portable/raspberrypi/rp2040/dcd_rp2040.c.obj
                0x10004bd4                dcd_set_address
 .text.dcd_connect
                0x10004bfc       0x30 CMakeFiles/multicore.dir/C_/Pico/pico-sdk/lib/tinyusb/src/portable/raspberrypi/rp2040/dcd_rp2040.c.obj
                0x10004bfc                dcd_connect
 .text.dcd_init
                0x10004c2c       0x84 CMakeFiles/multicore.dir/C_/Pico/pico-sdk/lib/tinyusb/src/portable/raspberrypi/rp2040/dcd_rp2040.c.obj
                0x10004c2c                dcd_init
 .text.dcd_edpt0_status_complete
                0x10004cb0       0x40 CMakeFiles/multicore.dir/C_/Pico/pico-sdk/lib/tinyusb/src/portable/raspberrypi/rp2040/dcd_rp2040.c.obj
                0x10004cb0                dcd_edpt0_status_complete
 .text.dcd_edpt_open
                0x10004cf0       0x40 CMakeFiles/multicore.dir/C_/Pico/pico-sdk/lib/tinyusb/src/portable/raspberrypi/rp2040/dcd_rp2040.c.obj
                0x10004cf0                dcd_edpt_open
 .text.dcd_edpt_xfer
                0x10004d30       0x34 CMakeFiles/multicore.dir/C_/Pico/pico-sdk/lib/tinyusb/src/portable/raspberrypi/rp2040/dcd_rp2040.c.obj
                0x10004d30                dcd_edpt_xfer
 .text.dcd_edpt_stall
                0x10004d64       0x28 CMakeFiles/multicore.dir/C_/Pico/pico-sdk/lib/tinyusb/src/portable/raspberrypi/rp2040/dcd_rp2040.c.obj
                0x10004d64                dcd_edpt_stall
 .text.dcd_edpt_clear_stall
                0x10004d8c       0x2c CMakeFiles/multicore.dir/C_/Pico/pico-sdk/lib/tinyusb/src/portable/raspberrypi/rp2040/dcd_rp2040.c.obj
                0x10004d8c                dcd_edpt_clear_stall
 .text.rp2040_usb_init
                0x10004db8       0x50 CMakeFiles/multicore.dir/C_/Pico/pico-sdk/lib/tinyusb/src/portable/raspberrypi/rp2040/rp2040_usb.c.obj
                0x10004db8                rp2040_usb_init
 .text.hw_endpoint_reset_transfer
                0x10004e08       0x10 CMakeFiles/multicore.dir/C_/Pico/pico-sdk/lib/tinyusb/src/portable/raspberrypi/rp2040/rp2040_usb.c.obj
                0x10004e08                hw_endpoint_reset_transfer
 .text._hw_endpoint_buffer_control_update32
                0x10004e18       0x58 CMakeFiles/multicore.dir/C_/Pico/pico-sdk/lib/tinyusb/src/portable/raspberrypi/rp2040/rp2040_usb.c.obj
                0x10004e18                _hw_endpoint_buffer_control_update32
 .text._hw_endpoint_start_next_buffer
                0x10004e70       0x50 CMakeFiles/multicore.dir/C_/Pico/pico-sdk/lib/tinyusb/src/portable/raspberrypi/rp2040/rp2040_usb.c.obj
                0x10004e70                _hw_endpoint_start_next_buffer
 .text._hw_endpoint_xfer_start
                0x10004ec0       0x3e CMakeFiles/multicore.dir/C_/Pico/pico-sdk/lib/tinyusb/src/portable/raspberrypi/rp2040/rp2040_usb.c.obj
                0x10004ec0                _hw_endpoint_xfer_start
 *fill*         0x10004efe        0x2 
 .text._hw_endpoint_xfer_sync
                0x10004f00       0x74 CMakeFiles/multicore.dir/C_/Pico/pico-sdk/lib/tinyusb/src/portable/raspberrypi/rp2040/rp2040_usb.c.obj
                0x10004f00                _hw_endpoint_xfer_sync
 .text._hw_endpoint_xfer_continue
                0x10004f74       0x60 CMakeFiles/multicore.dir/C_/Pico/pico-sdk/lib/tinyusb/src/portable/raspberrypi/rp2040/rp2040_usb.c.obj
                0x10004f74                _hw_endpoint_xfer_continue
 .text._hw_endpoint_xfer
                0x10004fd4       0x34 CMakeFiles/multicore.dir/C_/Pico/pico-sdk/lib/tinyusb/src/portable/raspberrypi/rp2040/rp2040_usb.c.obj
                0x10004fd4                _hw_endpoint_xfer
 .text.mark_interface_endpoint
                0x10005008       0x2a CMakeFiles/multicore.dir/C_/Pico/pico-sdk/lib/tinyusb/src/device/usbd.c.obj
 *fill*         0x10005032        0x2 
 .text.usbd_reset
                0x10005034       0x88 CMakeFiles/multicore.dir/C_/Pico/pico-sdk/lib/tinyusb/src/device/usbd.c.obj
 .text.invoke_class_control
                0x100050bc       0x1a CMakeFiles/multicore.dir/C_/Pico/pico-sdk/lib/tinyusb/src/device/usbd.c.obj
 *fill*         0x100050d6        0x2 
 .text.process_set_config
                0x100050d8      0x1d4 CMakeFiles/multicore.dir/C_/Pico/pico-sdk/lib/tinyusb/src/device/usbd.c.obj
 .text.process_get_descriptor
                0x100052ac       0xf8 CMakeFiles/multicore.dir/C_/Pico/pico-sdk/lib/tinyusb/src/device/usbd.c.obj
 .text.tud_mounted
                0x100053a4       0x10 CMakeFiles/multicore.dir/C_/Pico/pico-sdk/lib/tinyusb/src/device/usbd.c.obj
                0x100053a4                tud_mounted
 .text.tud_suspended
                0x100053b4       0x10 CMakeFiles/multicore.dir/C_/Pico/pico-sdk/lib/tinyusb/src/device/usbd.c.obj
                0x100053b4                tud_suspended
 .text.tud_inited
                0x100053c4        0xc CMakeFiles/multicore.dir/C_/Pico/pico-sdk/lib/tinyusb/src/device/usbd.c.obj
                0x100053c4                tud_inited
 .text.tud_init
                0x100053d0       0xcc CMakeFiles/multicore.dir/C_/Pico/pico-sdk/lib/tinyusb/src/device/usbd.c.obj
                0x100053d0                tud_init
 .text.dcd_event_handler
                0x1000549c      0x174 CMakeFiles/multicore.dir/C_/Pico/pico-sdk/lib/tinyusb/src/device/usbd.c.obj
                0x1000549c                dcd_event_handler
 .text.dcd_event_bus_signal
                0x10005610       0x26 CMakeFiles/multicore.dir/C_/Pico/pico-sdk/lib/tinyusb/src/device/usbd.c.obj
                0x10005610                dcd_event_bus_signal
 .text.dcd_event_bus_reset
                0x10005636       0x2a CMakeFiles/multicore.dir/C_/Pico/pico-sdk/lib/tinyusb/src/device/usbd.c.obj
                0x10005636                dcd_event_bus_reset
 .text.dcd_event_setup_received
                0x10005660       0x34 CMakeFiles/multicore.dir/C_/Pico/pico-sdk/lib/tinyusb/src/device/usbd.c.obj
                0x10005660                dcd_event_setup_received
 .text.dcd_event_xfer_complete
                0x10005694       0x44 CMakeFiles/multicore.dir/C_/Pico/pico-sdk/lib/tinyusb/src/device/usbd.c.obj
                0x10005694                dcd_event_xfer_complete
 .text.usbd_edpt_open
                0x100056d8       0xe0 CMakeFiles/multicore.dir/C_/Pico/pico-sdk/lib/tinyusb/src/device/usbd.c.obj
                0x100056d8                usbd_edpt_open
 .text.usbd_open_edpt_pair
                0x100057b8       0x8c CMakeFiles/multicore.dir/C_/Pico/pico-sdk/lib/tinyusb/src/device/usbd.c.obj
                0x100057b8                usbd_open_edpt_pair
 .text.usbd_edpt_claim
                0x10005844       0x8c CMakeFiles/multicore.dir/C_/Pico/pico-sdk/lib/tinyusb/src/device/usbd.c.obj
                0x10005844                usbd_edpt_claim
 .text.usbd_edpt_release
                0x100058d0       0x68 CMakeFiles/multicore.dir/C_/Pico/pico-sdk/lib/tinyusb/src/device/usbd.c.obj
                0x100058d0                usbd_edpt_release
 .text.usbd_edpt_xfer
                0x10005938       0x80 CMakeFiles/multicore.dir/C_/Pico/pico-sdk/lib/tinyusb/src/device/usbd.c.obj
                0x10005938                usbd_edpt_xfer
 .text.usbd_edpt_stall
                0x100059b8       0x2c CMakeFiles/multicore.dir/C_/Pico/pico-sdk/lib/tinyusb/src/device/usbd.c.obj
                0x100059b8                usbd_edpt_stall
 .text.usbd_edpt_clear_stall
                0x100059e4       0x2c CMakeFiles/multicore.dir/C_/Pico/pico-sdk/lib/tinyusb/src/device/usbd.c.obj
                0x100059e4                usbd_edpt_clear_stall
 .text.usbd_edpt_stalled
                0x10005a10       0x1c CMakeFiles/multicore.dir/C_/Pico/pico-sdk/lib/tinyusb/src/device/usbd.c.obj
                0x10005a10                usbd_edpt_stalled
 .text.process_control_request
                0x10005a2c      0x380 CMakeFiles/multicore.dir/C_/Pico/pico-sdk/lib/tinyusb/src/device/usbd.c.obj
 .text.tud_task
                0x10005dac      0x204 CMakeFiles/multicore.dir/C_/Pico/pico-sdk/lib/tinyusb/src/device/usbd.c.obj
                0x10005dac                tud_task
 .text._data_stage_xact
                0x10005fb0       0x58 CMakeFiles/multicore.dir/C_/Pico/pico-sdk/lib/tinyusb/src/device/usbd_control.c.obj
 .text.tud_control_status
                0x10006008       0x38 CMakeFiles/multicore.dir/C_/Pico/pico-sdk/lib/tinyusb/src/device/usbd_control.c.obj
                0x10006008                tud_control_status
 .text.tud_control_xfer
                0x10006040       0xa8 CMakeFiles/multicore.dir/C_/Pico/pico-sdk/lib/tinyusb/src/device/usbd_control.c.obj
                0x10006040                tud_control_xfer
 .text.usbd_control_reset
                0x100060e8       0x14 CMakeFiles/multicore.dir/C_/Pico/pico-sdk/lib/tinyusb/src/device/usbd_control.c.obj
                0x100060e8                usbd_control_reset
 .text.usbd_control_set_complete_callback
                0x100060fc        0xc CMakeFiles/multicore.dir/C_/Pico/pico-sdk/lib/tinyusb/src/device/usbd_control.c.obj
                0x100060fc                usbd_control_set_complete_callback
 .text.usbd_control_set_request
                0x10006108       0x1c CMakeFiles/multicore.dir/C_/Pico/pico-sdk/lib/tinyusb/src/device/usbd_control.c.obj
                0x10006108                usbd_control_set_request
 .text.usbd_control_xfer_cb
                0x10006124       0xfc CMakeFiles/multicore.dir/C_/Pico/pico-sdk/lib/tinyusb/src/device/usbd_control.c.obj
                0x10006124                usbd_control_xfer_cb
 .text._prep_out_transaction
                0x10006220       0x46 CMakeFiles/multicore.dir/C_/Pico/pico-sdk/lib/tinyusb/src/class/cdc/cdc_device.c.obj
 *fill*         0x10006266        0x2 
 .text.tud_cdc_n_connected
                0x10006268       0x44 CMakeFiles/multicore.dir/C_/Pico/pico-sdk/lib/tinyusb/src/class/cdc/cdc_device.c.obj
                0x10006268                tud_cdc_n_connected
 .text.tud_cdc_n_available
                0x100062ac       0x18 CMakeFiles/multicore.dir/C_/Pico/pico-sdk/lib/tinyusb/src/class/cdc/cdc_device.c.obj
                0x100062ac                tud_cdc_n_available
 .text.tud_cdc_n_read
                0x100062c4       0x28 CMakeFiles/multicore.dir/C_/Pico/pico-sdk/lib/tinyusb/src/class/cdc/cdc_device.c.obj
                0x100062c4                tud_cdc_n_read
 .text.tud_cdc_n_write_flush
                0x100062ec       0xcc CMakeFiles/multicore.dir/C_/Pico/pico-sdk/lib/tinyusb/src/class/cdc/cdc_device.c.obj
                0x100062ec                tud_cdc_n_write_flush
 .text.tud_cdc_n_write
                0x100063b8       0x38 CMakeFiles/multicore.dir/C_/Pico/pico-sdk/lib/tinyusb/src/class/cdc/cdc_device.c.obj
                0x100063b8                tud_cdc_n_write
 .text.tud_cdc_n_write_available
                0x100063f0       0x1c CMakeFiles/multicore.dir/C_/Pico/pico-sdk/lib/tinyusb/src/class/cdc/cdc_device.c.obj
                0x100063f0                tud_cdc_n_write_available
 .text.cdcd_init
                0x1000640c       0xbc CMakeFiles/multicore.dir/C_/Pico/pico-sdk/lib/tinyusb/src/class/cdc/cdc_device.c.obj
                0x1000640c                cdcd_init
 .text.cdcd_reset
                0x100064c8       0x44 CMakeFiles/multicore.dir/C_/Pico/pico-sdk/lib/tinyusb/src/class/cdc/cdc_device.c.obj
                0x100064c8                cdcd_reset
 .text.cdcd_open
                0x1000650c      0x10c CMakeFiles/multicore.dir/C_/Pico/pico-sdk/lib/tinyusb/src/class/cdc/cdc_device.c.obj
                0x1000650c                cdcd_open
 .text.cdcd_control_xfer_cb
                0x10006618      0x134 CMakeFiles/multicore.dir/C_/Pico/pico-sdk/lib/tinyusb/src/class/cdc/cdc_device.c.obj
                0x10006618                cdcd_control_xfer_cb
 .text.cdcd_xfer_cb
                0x1000674c      0x144 CMakeFiles/multicore.dir/C_/Pico/pico-sdk/lib/tinyusb/src/class/cdc/cdc_device.c.obj
                0x1000674c                cdcd_xfer_cb
 .text.tusb_init
                0x10006890       0x24 CMakeFiles/multicore.dir/C_/Pico/pico-sdk/lib/tinyusb/src/tusb.c.obj
                0x10006890                tusb_init
 .text.tusb_inited
                0x100068b4        0xe CMakeFiles/multicore.dir/C_/Pico/pico-sdk/lib/tinyusb/src/tusb.c.obj
                0x100068b4                tusb_inited
 .text.advance_pointer
                0x100068c2       0x1e CMakeFiles/multicore.dir/C_/Pico/pico-sdk/lib/tinyusb/src/common/tusb_fifo.c.obj
 .text.backward_pointer
                0x100068e0       0x1a CMakeFiles/multicore.dir/C_/Pico/pico-sdk/lib/tinyusb/src/common/tusb_fifo.c.obj
 .text.get_relative_pointer
                0x100068fa       0x10 CMakeFiles/multicore.dir/C_/Pico/pico-sdk/lib/tinyusb/src/common/tusb_fifo.c.obj
 .text._tu_fifo_peek
                0x1000690a       0x50 CMakeFiles/multicore.dir/C_/Pico/pico-sdk/lib/tinyusb/src/common/tusb_fifo.c.obj
 .text._ff_pull_const_addr
                0x1000695a       0x4c CMakeFiles/multicore.dir/C_/Pico/pico-sdk/lib/tinyusb/src/common/tusb_fifo.c.obj
 .text._ff_pull_n
                0x100069a6      0x10c CMakeFiles/multicore.dir/C_/Pico/pico-sdk/lib/tinyusb/src/common/tusb_fifo.c.obj
 .text._tu_fifo_peek_n
                0x10006ab2       0x5e CMakeFiles/multicore.dir/C_/Pico/pico-sdk/lib/tinyusb/src/common/tusb_fifo.c.obj
 .text._tu_fifo_read_n
                0x10006b10       0x4e CMakeFiles/multicore.dir/C_/Pico/pico-sdk/lib/tinyusb/src/common/tusb_fifo.c.obj
 .text._ff_push_const_addr
                0x10006b5e       0x40 CMakeFiles/multicore.dir/C_/Pico/pico-sdk/lib/tinyusb/src/common/tusb_fifo.c.obj
 .text._ff_push_n
                0x10006b9e      0x108 CMakeFiles/multicore.dir/C_/Pico/pico-sdk/lib/tinyusb/src/common/tusb_fifo.c.obj
 .text._tu_fifo_write_n
                0x10006ca6       0x9e CMakeFiles/multicore.dir/C_/Pico/pico-sdk/lib/tinyusb/src/common/tusb_fifo.c.obj
 .text.tu_fifo_config
                0x10006d44       0x72 CMakeFiles/multicore.dir/C_/Pico/pico-sdk/lib/tinyusb/src/common/tusb_fifo.c.obj
                0x10006d44                tu_fifo_config
 .text.tu_fifo_count
                0x10006db6       0x26 CMakeFiles/multicore.dir/C_/Pico/pico-sdk/lib/tinyusb/src/common/tusb_fifo.c.obj
                0x10006db6                tu_fifo_count
 .text.tu_fifo_empty
                0x10006ddc       0x10 CMakeFiles/multicore.dir/C_/Pico/pico-sdk/lib/tinyusb/src/common/tusb_fifo.c.obj
                0x10006ddc                tu_fifo_empty
 .text.tu_fifo_remaining
                0x10006dec       0x20 CMakeFiles/multicore.dir/C_/Pico/pico-sdk/lib/tinyusb/src/common/tusb_fifo.c.obj
                0x10006dec                tu_fifo_remaining
 .text.tu_fifo_read
                0x10006e0c       0x42 CMakeFiles/multicore.dir/C_/Pico/pico-sdk/lib/tinyusb/src/common/tusb_fifo.c.obj
                0x10006e0c                tu_fifo_read
 .text.tu_fifo_read_n
                0x10006e4e        0xa CMakeFiles/multicore.dir/C_/Pico/pico-sdk/lib/tinyusb/src/common/tusb_fifo.c.obj
                0x10006e4e                tu_fifo_read_n
 .text.tu_fifo_write
                0x10006e58       0x6c CMakeFiles/multicore.dir/C_/Pico/pico-sdk/lib/tinyusb/src/common/tusb_fifo.c.obj
                0x10006e58                tu_fifo_write
 .text.tu_fifo_write_n
                0x10006ec4        0xa CMakeFiles/multicore.dir/C_/Pico/pico-sdk/lib/tinyusb/src/common/tusb_fifo.c.obj
                0x10006ec4                tu_fifo_write_n
 .text.tu_fifo_clear
                0x10006ece       0x4c CMakeFiles/multicore.dir/C_/Pico/pico-sdk/lib/tinyusb/src/common/tusb_fifo.c.obj
                0x10006ece                tu_fifo_clear
 .text.tu_fifo_set_overwritable
                0x10006f1a       0x3c CMakeFiles/multicore.dir/C_/Pico/pico-sdk/lib/tinyusb/src/common/tusb_fifo.c.obj
                0x10006f1a                tu_fifo_set_overwritable
 *fill*         0x10006f56        0x2 
 .text._retrieve_unique_id_on_boot
                0x10006f58       0x10 CMakeFiles/multicore.dir/C_/Pico/pico-sdk/src/rp2_common/pico_unique_id/unique_id.c.obj
 .text.pico_get_unique_board_id_string
                0x10006f68       0x60 CMakeFiles/multicore.dir/C_/Pico/pico-sdk/src/rp2_common/pico_unique_id/unique_id.c.obj
                0x10006f68                pico_get_unique_board_id_string
 .text.flash_get_unique_id
                0x10006fc8       0x46 CMakeFiles/multicore.dir/C_/Pico/pico-sdk/src/rp2_common/hardware_flash/flash.c.obj
                0x10006fc8                flash_get_unique_id
 .text.core1_trampoline
                0x1000700e        0x2 CMakeFiles/multicore.dir/C_/Pico/pico-sdk/src/rp2_common/pico_multicore/multicore.c.obj
 .text.core1_wrapper
                0x10007010        0xc CMakeFiles/multicore.dir/C_/Pico/pico-sdk/src/rp2_common/pico_multicore/multicore.c.obj
                0x10007010                core1_wrapper
 .text.multicore_fifo_push_blocking
                0x1000701c       0x14 CMakeFiles/multicore.dir/C_/Pico/pico-sdk/src/rp2_common/pico_multicore/multicore.c.obj
                0x1000701c                multicore_fifo_push_blocking
 .text.multicore_fifo_pop_blocking
                0x10007030       0x16 CMakeFiles/multicore.dir/C_/Pico/pico-sdk/src/rp2_common/pico_multicore/multicore.c.obj
                0x10007030                multicore_fifo_pop_blocking
 .text.multicore_launch_core1_raw
                0x10007046       0x68 CMakeFiles/multicore.dir/C_/Pico/pico-sdk/src/rp2_common/pico_multicore/multicore.c.obj
                0x10007046                multicore_launch_core1_raw
 *fill*         0x100070ae        0x2 
 .text.multicore_launch_core1_with_stack
                0x100070b0       0x50 CMakeFiles/multicore.dir/C_/Pico/pico-sdk/src/rp2_common/pico_multicore/multicore.c.obj
                0x100070b0                multicore_launch_core1_with_stack
 .text.multicore_launch_core1
                0x10007100       0x24 CMakeFiles/multicore.dir/C_/Pico/pico-sdk/src/rp2_common/pico_multicore/multicore.c.obj
                0x10007100                multicore_launch_core1
 .text.strlen   0x10007124       0x5c c:/progra~2/gnuarm~1/102021~1.10/bin/../lib/gcc/arm-none-eabi/10.3.1/../../../../arm-none-eabi/lib/thumb/v6-m/nofp\libg.a(lib_a-strlen-stub.o)
                0x10007124                strlen
 *(.fini)
 .fini          0x10007180        0x4 c:/progra~2/gnuarm~1/102021~1.10/bin/../lib/gcc/arm-none-eabi/10.3.1/thumb/v6-m/nofp/crti.o
                0x10007180                _fini
 *fill*         0x10007184        0x4 
 .fini.__stub   0x10007188       0x70 linker stubs
 *crtbegin.o(.ctors)
 *crtbegin?.o(.ctors)
 *(EXCLUDE_FILE(*crtend.o *crtend?.o) .ctors)
 *(SORT_BY_NAME(.ctors.*))
 *(.ctors)
 *crtbegin.o(.dtors)
 *crtbegin?.o(.dtors)
 *(EXCLUDE_FILE(*crtend.o *crtend?.o) .dtors)
 *(SORT_BY_NAME(.dtors.*))
 *(.dtors)
 *(.eh_frame*)
 .eh_frame      0x100071f8        0x0 c:/progra~2/gnuarm~1/102021~1.10/bin/../lib/gcc/arm-none-eabi/10.3.1/thumb/v6-m/nofp/crtbegin.o
                0x100071f8                . = ALIGN (0x4)

.glue_7         0x100071f8        0x0
 .glue_7        0x100071f8        0x0 linker stubs

.glue_7t        0x100071f8        0x0
 .glue_7t       0x100071f8        0x0 linker stubs

.vfp11_veneer   0x100071f8        0x0
 .vfp11_veneer  0x100071f8        0x0 linker stubs

.v4_bx          0x100071f8        0x0
 .v4_bx         0x100071f8        0x0 linker stubs

.iplt           0x100071f8        0x0
 .iplt          0x100071f8        0x0 c:/progra~2/gnuarm~1/102021~1.10/bin/../lib/gcc/arm-none-eabi/10.3.1/thumb/v6-m/nofp/crtbegin.o

.rodata         0x100071f8     0x1650
 *(EXCLUDE_FILE(*libm.a: *libc.a:*lib_a-mem*.o *libgcc.a:) .rodata*)
 .rodata.secondCoreCode.str1.4
                0x100071f8       0x11 CMakeFiles/multicore.dir/multicore.c.obj
 *fill*         0x10007209        0x3 
 .rodata.main.str1.4
                0x1000720c       0x19 CMakeFiles/multicore.dir/multicore.c.obj
 *fill*         0x10007225        0x3 
 .rodata.spin_lock_claim_unused.str1.4
                0x10007228       0x1b CMakeFiles/multicore.dir/C_/Pico/pico-sdk/src/rp2_common/hardware_sync/sync.c.obj
 *fill*         0x10007243        0x1 
 .rodata.repeating_timer_callback.str1.4
                0x10007244       0x41 CMakeFiles/multicore.dir/C_/Pico/pico-sdk/src/common/pico_time/time.c.obj
 *fill*         0x10007285        0x3 
 .rodata.alarm_pool_dump_key.str1.4
                0x10007288       0x33 CMakeFiles/multicore.dir/C_/Pico/pico-sdk/src/common/pico_time/time.c.obj
 *fill*         0x100072bb        0x1 
 .rodata.ph_add_child_node.str1.4
                0x100072bc       0x8a CMakeFiles/multicore.dir/C_/Pico/pico-sdk/src/common/pico_time/time.c.obj
 *fill*         0x10007346        0x2 
 .rodata.add_alarm_under_lock.str1.4
                0x10007348       0x28 CMakeFiles/multicore.dir/C_/Pico/pico-sdk/src/common/pico_time/time.c.obj
                                 0x2b (size before relaxing)
 .rodata.alarm_pool_alarm_callback.str1.4
                0x10007370       0xda CMakeFiles/multicore.dir/C_/Pico/pico-sdk/src/common/pico_time/time.c.obj
 *fill*         0x1000744a        0x2 
 .rodata.alarm_pool_get_default.str1.4
                0x1000744c       0x21 CMakeFiles/multicore.dir/C_/Pico/pico-sdk/src/common/pico_time/time.c.obj
 *fill*         0x1000746d        0x3 
 .rodata.alarm_pool_cancel_alarm.str1.4
                0x10007470       0x27 CMakeFiles/multicore.dir/C_/Pico/pico-sdk/src/common/pico_time/time.c.obj
 *fill*         0x10007497        0x1 
 .rodata.sleep_until.str1.4
                0x10007498       0x4d CMakeFiles/multicore.dir/C_/Pico/pico-sdk/src/common/pico_time/time.c.obj
 *fill*         0x100074e5        0x3 
 .rodata.__func__.1
                0x100074e8       0x18 CMakeFiles/multicore.dir/C_/Pico/pico-sdk/src/common/pico_time/time.c.obj
 .rodata.__func__.10
                0x10007500       0x15 CMakeFiles/multicore.dir/C_/Pico/pico-sdk/src/common/pico_time/time.c.obj
 *fill*         0x10007515        0x3 
 .rodata.__func__.11
                0x10007518       0x1a CMakeFiles/multicore.dir/C_/Pico/pico-sdk/src/common/pico_time/time.c.obj
 *fill*         0x10007532        0x2 
 .rodata.__func__.12
                0x10007534        0xa CMakeFiles/multicore.dir/C_/Pico/pico-sdk/src/common/pico_time/time.c.obj
 *fill*         0x1000753e        0x2 
 .rodata.__func__.3
                0x10007540       0x17 CMakeFiles/multicore.dir/C_/Pico/pico-sdk/src/common/pico_time/time.c.obj
 *fill*         0x10007557        0x1 
 .rodata.__func__.4
                0x10007558       0x12 CMakeFiles/multicore.dir/C_/Pico/pico-sdk/src/common/pico_time/time.c.obj
 *fill*         0x1000756a        0x2 
 .rodata.__func__.5
                0x1000756c        0xd CMakeFiles/multicore.dir/C_/Pico/pico-sdk/src/common/pico_time/time.c.obj
 *fill*         0x10007579        0x3 
 .rodata.__func__.6
                0x1000757c       0x12 CMakeFiles/multicore.dir/C_/Pico/pico-sdk/src/common/pico_time/time.c.obj
 *fill*         0x1000758e        0x2 
 .rodata.__func__.7
                0x10007590        0xf CMakeFiles/multicore.dir/C_/Pico/pico-sdk/src/common/pico_time/time.c.obj
 *fill*         0x1000759f        0x1 
 .rodata.__func__.8
                0x100075a0        0xc CMakeFiles/multicore.dir/C_/Pico/pico-sdk/src/common/pico_time/time.c.obj
 .rodata.__func__.9
                0x100075ac       0x15 CMakeFiles/multicore.dir/C_/Pico/pico-sdk/src/common/pico_time/time.c.obj
 *fill*         0x100075c1        0x3 
 .rodata.hardware_alarm_claim.str1.4
                0x100075c4       0x22 CMakeFiles/multicore.dir/C_/Pico/pico-sdk/src/rp2_common/hardware_timer/timer.c.obj
 *fill*         0x100075e6        0x2 
 .rodata.hardware_alarm_set_target.str1.4
                0x100075e8       0x5b CMakeFiles/multicore.dir/C_/Pico/pico-sdk/src/rp2_common/hardware_timer/timer.c.obj
 *fill*         0x10007643        0x1 
 .rodata.__func__.0
                0x10007644       0x1a CMakeFiles/multicore.dir/C_/Pico/pico-sdk/src/rp2_common/hardware_timer/timer.c.obj
 *fill*         0x1000765e        0x2 
 .rodata.str1.4
                0x10007660       0xa9 CMakeFiles/multicore.dir/C_/Pico/pico-sdk/src/common/pico_sync/mutex.c.obj
                                0x101 (size before relaxing)
 *fill*         0x10007709        0x3 
 .rodata.__func__.0
                0x1000770c        0xb CMakeFiles/multicore.dir/C_/Pico/pico-sdk/src/common/pico_sync/mutex.c.obj
 *fill*         0x10007717        0x1 
 .rodata.__func__.1
                0x10007718       0x18 CMakeFiles/multicore.dir/C_/Pico/pico-sdk/src/common/pico_sync/mutex.c.obj
 .rodata.__func__.2
                0x10007730       0x15 CMakeFiles/multicore.dir/C_/Pico/pico-sdk/src/common/pico_sync/mutex.c.obj
 *fill*         0x10007745        0x3 
 .rodata.__func__.3
                0x10007748       0x15 CMakeFiles/multicore.dir/C_/Pico/pico-sdk/src/common/pico_sync/mutex.c.obj
 .rodata.ph_add_child_node.str1.4
                0x1000775d       0x8a CMakeFiles/multicore.dir/C_/Pico/pico-sdk/src/common/pico_util/pheap.c.obj
 *fill*         0x1000775d        0x3 
 .rodata.ph_remove_any_head.str1.4
                0x10007760       0x84 CMakeFiles/multicore.dir/C_/Pico/pico-sdk/src/common/pico_util/pheap.c.obj
 .rodata.ph_remove_and_free_node.str1.4
                0x100077e4       0x26 CMakeFiles/multicore.dir/C_/Pico/pico-sdk/src/common/pico_util/pheap.c.obj
 *fill*         0x1000780a        0x2 
 .rodata.__func__.0
                0x1000780c       0x18 CMakeFiles/multicore.dir/C_/Pico/pico-sdk/src/common/pico_util/pheap.c.obj
 .rodata.__func__.1
                0x10007824       0x13 CMakeFiles/multicore.dir/C_/Pico/pico-sdk/src/common/pico_util/pheap.c.obj
 *fill*         0x10007837        0x1 
 .rodata.__func__.2
                0x10007838       0x12 CMakeFiles/multicore.dir/C_/Pico/pico-sdk/src/common/pico_util/pheap.c.obj
 *fill*         0x1000784a        0x2 
 .rodata.__func__.3
                0x1000784c        0xc CMakeFiles/multicore.dir/C_/Pico/pico-sdk/src/common/pico_util/pheap.c.obj
 .rodata.__assert_func.str1.4
                0x10007858       0x3f CMakeFiles/multicore.dir/C_/Pico/pico-sdk/src/rp2_common/pico_runtime/runtime.c.obj
                                 0x43 (size before relaxing)
 *fill*         0x10007897        0x1 
 .rodata.panic.str1.4
                0x10007898       0x12 CMakeFiles/multicore.dir/C_/Pico/pico-sdk/src/rp2_common/pico_runtime/runtime.c.obj
 *fill*         0x100078aa        0x2 
 .rodata.clock_configure.str1.4
                0x100078ac       0x4d CMakeFiles/multicore.dir/C_/Pico/pico-sdk/src/rp2_common/hardware_clocks/clocks.c.obj
 *fill*         0x100078f9        0x3 
 .rodata.__func__.1
                0x100078fc       0x10 CMakeFiles/multicore.dir/C_/Pico/pico-sdk/src/rp2_common/hardware_clocks/clocks.c.obj
 .rodata.make_branch.str1.4
                0x1000790c       0x43 CMakeFiles/multicore.dir/C_/Pico/pico-sdk/src/rp2_common/hardware_irq/irq.c.obj
 *fill*         0x1000794f        0x1 
 .rodata.irq_set_exclusive_handler.str1.4
                0x10007950       0x36 CMakeFiles/multicore.dir/C_/Pico/pico-sdk/src/rp2_common/hardware_irq/irq.c.obj
 *fill*         0x10007986        0x2 
 .rodata.irq_add_shared_handler.str1.4
                0x10007988       0xd9 CMakeFiles/multicore.dir/C_/Pico/pico-sdk/src/rp2_common/hardware_irq/irq.c.obj
 *fill*         0x10007a61        0x3 
 .rodata.irq_remove_handler.str1.4
                0x10007a64       0x2a CMakeFiles/multicore.dir/C_/Pico/pico-sdk/src/rp2_common/hardware_irq/irq.c.obj
 *fill*         0x10007a8e        0x2 
 .rodata.irq_add_tail_to_free_list.str1.4
                0x10007a90       0x32 CMakeFiles/multicore.dir/C_/Pico/pico-sdk/src/rp2_common/hardware_irq/irq.c.obj
                                 0x3a (size before relaxing)
 *fill*         0x10007ac2        0x2 
 .rodata.__func__.0
                0x10007ac4       0x1a CMakeFiles/multicore.dir/C_/Pico/pico-sdk/src/rp2_common/hardware_irq/irq.c.obj
 *fill*         0x10007ade        0x2 
 .rodata.__func__.1
                0x10007ae0       0x17 CMakeFiles/multicore.dir/C_/Pico/pico-sdk/src/rp2_common/hardware_irq/irq.c.obj
 *fill*         0x10007af7        0x1 
 .rodata.__func__.2
                0x10007af8       0x13 CMakeFiles/multicore.dir/C_/Pico/pico-sdk/src/rp2_common/hardware_irq/irq.c.obj
 *fill*         0x10007b0b        0x1 
 .rodata.__func__.3
                0x10007b0c        0xc CMakeFiles/multicore.dir/C_/Pico/pico-sdk/src/rp2_common/hardware_irq/irq.c.obj
 .rodata.__func__.4
                0x10007b18        0xf CMakeFiles/multicore.dir/C_/Pico/pico-sdk/src/rp2_common/hardware_irq/irq.c.obj
 *fill*         0x10007b27        0x1 
 .rodata.__func__.6
                0x10007b28       0x1a CMakeFiles/multicore.dir/C_/Pico/pico-sdk/src/rp2_common/hardware_irq/irq.c.obj
 *fill*         0x10007b42        0x2 
 .rodata.pll_init.str1.4
                0x10007b44       0xcf CMakeFiles/multicore.dir/C_/Pico/pico-sdk/src/rp2_common/hardware_pll/pll.c.obj
 *fill*         0x10007c13        0x1 
 .rodata.__func__.0
                0x10007c14        0x9 CMakeFiles/multicore.dir/C_/Pico/pico-sdk/src/rp2_common/hardware_pll/pll.c.obj
 *fill*         0x10007c1d        0x3 
 .rodata._ftoa.str1.4
                0x10007c20       0x15 CMakeFiles/multicore.dir/C_/Pico/pico-sdk/src/rp2_common/pico_printf/printf.c.obj
 *fill*         0x10007c35        0x3 
 .rodata._vsnprintf
                0x10007c38      0x1e0 CMakeFiles/multicore.dir/C_/Pico/pico-sdk/src/rp2_common/pico_printf/printf.c.obj
 .rodata.pow10.0
                0x10007e18       0x50 CMakeFiles/multicore.dir/C_/Pico/pico-sdk/src/rp2_common/pico_printf/printf.c.obj
 .rodata.__aeabi_double_init.str1.4
                0x10007e68       0x9e CMakeFiles/multicore.dir/C_/Pico/pico-sdk/src/rp2_common/pico_double/double_init_rom.c.obj
 *fill*         0x10007f06        0x2 
 .rodata.__func__.0
                0x10007f08       0x14 CMakeFiles/multicore.dir/C_/Pico/pico-sdk/src/rp2_common/pico_double/double_init_rom.c.obj
 .rodata.__aeabi_float_init.str1.4
                0x10007f1c       0x70 CMakeFiles/multicore.dir/C_/Pico/pico-sdk/src/rp2_common/pico_float/float_init_rom.c.obj
                                 0x74 (size before relaxing)
 .rodata.__func__.0
                0x10007f8c       0x13 CMakeFiles/multicore.dir/C_/Pico/pico-sdk/src/rp2_common/pico_float/float_init_rom.c.obj
 *fill*         0x10007f9f        0x1 
 .rodata.str1.4
                0x10007fa0       0x40 CMakeFiles/multicore.dir/C_/Pico/pico-sdk/src/rp2_common/pico_standard_link/binary_info.c.obj
 .rodata.__bi_44
                0x10007fe0        0xc CMakeFiles/multicore.dir/C_/Pico/pico-sdk/src/rp2_common/pico_standard_link/binary_info.c.obj
 .rodata.__bi_75
                0x10007fec        0xc CMakeFiles/multicore.dir/C_/Pico/pico-sdk/src/rp2_common/pico_standard_link/binary_info.c.obj
 .rodata.__bi_81
                0x10007ff8        0xc CMakeFiles/multicore.dir/C_/Pico/pico-sdk/src/rp2_common/pico_standard_link/binary_info.c.obj
 .rodata.crlf_str.3
                0x10008004        0x2 CMakeFiles/multicore.dir/C_/Pico/pico-sdk/src/rp2_common/pico_stdio/stdio.c.obj
 *fill*         0x10008006        0x2 
 .rodata._resetd_driver
                0x10008008       0x18 CMakeFiles/multicore.dir/C_/Pico/pico-sdk/src/rp2_common/pico_stdio_usb/reset_interface.c.obj
 .rodata.stdio_usb_init.str1.4
                0x10008020       0x57 CMakeFiles/multicore.dir/C_/Pico/pico-sdk/src/rp2_common/pico_stdio_usb/stdio_usb.c.obj
 .rodata.str1.4
                0x10008020       0x13 CMakeFiles/multicore.dir/C_/Pico/pico-sdk/src/rp2_common/pico_stdio_usb/stdio_usb.c.obj
 *fill*         0x10008033        0x1 
 .rodata.__bi_93.1
                0x10008034        0xc CMakeFiles/multicore.dir/C_/Pico/pico-sdk/src/rp2_common/pico_stdio_usb/stdio_usb.c.obj
 .rodata.__func__.0
                0x10008040       0x15 CMakeFiles/multicore.dir/C_/Pico/pico-sdk/src/rp2_common/pico_stdio_usb/stdio_usb.c.obj
 *fill*         0x10008055        0x3 
 .rodata.str1.4
                0x10008058       0x2a CMakeFiles/multicore.dir/C_/Pico/pico-sdk/src/rp2_common/pico_stdio_usb/stdio_usb_descriptors.c.obj
 *fill*         0x10008082        0x2 
 .rodata.usbd_desc_cfg
                0x10008084       0x54 CMakeFiles/multicore.dir/C_/Pico/pico-sdk/src/rp2_common/pico_stdio_usb/stdio_usb_descriptors.c.obj
 .rodata.usbd_desc_device
                0x100080d8       0x12 CMakeFiles/multicore.dir/C_/Pico/pico-sdk/src/rp2_common/pico_stdio_usb/stdio_usb_descriptors.c.obj
 *fill*         0x100080ea        0x2 
 .rodata.usbd_desc_str
                0x100080ec       0x18 CMakeFiles/multicore.dir/C_/Pico/pico-sdk/src/rp2_common/pico_stdio_usb/stdio_usb_descriptors.c.obj
 .rodata._hw_endpoint_alloc.str1.4
                0x10008104       0xad CMakeFiles/multicore.dir/C_/Pico/pico-sdk/lib/tinyusb/src/portable/raspberrypi/rp2040/dcd_rp2040.c.obj
 *fill*         0x100081b1        0x3 
 .rodata._hw_endpoint_init.str1.4
                0x100081b4       0x28 CMakeFiles/multicore.dir/C_/Pico/pico-sdk/lib/tinyusb/src/portable/raspberrypi/rp2040/dcd_rp2040.c.obj
 .rodata.hw_handle_buff_status.str1.4
                0x100081dc        0xb CMakeFiles/multicore.dir/C_/Pico/pico-sdk/lib/tinyusb/src/portable/raspberrypi/rp2040/dcd_rp2040.c.obj
 *fill*         0x100081e7        0x1 
 .rodata.dcd_rp2040_irq.str1.4
                0x100081e8       0x14 CMakeFiles/multicore.dir/C_/Pico/pico-sdk/lib/tinyusb/src/portable/raspberrypi/rp2040/dcd_rp2040.c.obj
 .rodata._hw_endpoint_stall.str1.4
                0x100081fc        0xd CMakeFiles/multicore.dir/C_/Pico/pico-sdk/lib/tinyusb/src/portable/raspberrypi/rp2040/dcd_rp2040.c.obj
 *fill*         0x10008209        0x3 
 .rodata.dcd_int_enable.str1.4
                0x1000820c        0xc CMakeFiles/multicore.dir/C_/Pico/pico-sdk/lib/tinyusb/src/portable/raspberrypi/rp2040/dcd_rp2040.c.obj
 .rodata.__func__.0
                0x10008218       0x15 CMakeFiles/multicore.dir/C_/Pico/pico-sdk/lib/tinyusb/src/portable/raspberrypi/rp2040/dcd_rp2040.c.obj
 *fill*         0x1000822d        0x3 
 .rodata.__func__.1
                0x10008230       0x13 CMakeFiles/multicore.dir/C_/Pico/pico-sdk/lib/tinyusb/src/portable/raspberrypi/rp2040/dcd_rp2040.c.obj
 *fill*         0x10008243        0x1 
 .rodata.__func__.11
                0x10008244        0xf CMakeFiles/multicore.dir/C_/Pico/pico-sdk/lib/tinyusb/src/portable/raspberrypi/rp2040/dcd_rp2040.c.obj
 *fill*         0x10008253        0x1 
 .rodata.__func__.12
                0x10008254       0x13 CMakeFiles/multicore.dir/C_/Pico/pico-sdk/lib/tinyusb/src/portable/raspberrypi/rp2040/dcd_rp2040.c.obj
 *fill*         0x10008267        0x1 
 .rodata.__func__.13
                0x10008268       0x16 CMakeFiles/multicore.dir/C_/Pico/pico-sdk/lib/tinyusb/src/portable/raspberrypi/rp2040/dcd_rp2040.c.obj
 *fill*         0x1000827e        0x2 
 .rodata.__func__.14
                0x10008280        0x9 CMakeFiles/multicore.dir/C_/Pico/pico-sdk/lib/tinyusb/src/portable/raspberrypi/rp2040/dcd_rp2040.c.obj
 *fill*         0x10008289        0x3 
 .rodata.__func__.2
                0x1000828c        0xf CMakeFiles/multicore.dir/C_/Pico/pico-sdk/lib/tinyusb/src/portable/raspberrypi/rp2040/dcd_rp2040.c.obj
 *fill*         0x1000829b        0x1 
 .rodata.__func__.3
                0x1000829c        0xe CMakeFiles/multicore.dir/C_/Pico/pico-sdk/lib/tinyusb/src/portable/raspberrypi/rp2040/dcd_rp2040.c.obj
 *fill*         0x100082aa        0x2 
 .rodata.__func__.4
                0x100082ac        0xe CMakeFiles/multicore.dir/C_/Pico/pico-sdk/lib/tinyusb/src/portable/raspberrypi/rp2040/dcd_rp2040.c.obj
 *fill*         0x100082ba        0x2 
 .rodata.__func__.5
                0x100082bc       0x1a CMakeFiles/multicore.dir/C_/Pico/pico-sdk/lib/tinyusb/src/portable/raspberrypi/rp2040/dcd_rp2040.c.obj
 *fill*         0x100082d6        0x2 
 .rodata.__func__.6
                0x100082d8        0xc CMakeFiles/multicore.dir/C_/Pico/pico-sdk/lib/tinyusb/src/portable/raspberrypi/rp2040/dcd_rp2040.c.obj
 .rodata.__func__.9
                0x100082e4       0x10 CMakeFiles/multicore.dir/C_/Pico/pico-sdk/lib/tinyusb/src/portable/raspberrypi/rp2040/dcd_rp2040.c.obj
 .rodata._hw_endpoint_buffer_control_update32.str1.4
                0x100082f4       0x1f CMakeFiles/multicore.dir/C_/Pico/pico-sdk/lib/tinyusb/src/portable/raspberrypi/rp2040/rp2040_usb.c.obj
 *fill*         0x10008313        0x1 
 .rodata._hw_endpoint_xfer_sync.str1.4
                0x10008314       0x89 CMakeFiles/multicore.dir/C_/Pico/pico-sdk/lib/tinyusb/src/portable/raspberrypi/rp2040/rp2040_usb.c.obj
 *fill*         0x1000839d        0x3 
 .rodata._hw_endpoint_xfer_continue.str1.4
                0x100083a0       0x50 CMakeFiles/multicore.dir/C_/Pico/pico-sdk/lib/tinyusb/src/portable/raspberrypi/rp2040/rp2040_usb.c.obj
 .rodata._hw_endpoint_xfer.str1.4
                0x100083f0        0xf CMakeFiles/multicore.dir/C_/Pico/pico-sdk/lib/tinyusb/src/portable/raspberrypi/rp2040/rp2040_usb.c.obj
 *fill*         0x100083ff        0x1 
 .rodata.str1.4
                0x10008400        0x7 CMakeFiles/multicore.dir/C_/Pico/pico-sdk/lib/tinyusb/src/portable/raspberrypi/rp2040/rp2040_usb.c.obj
 *fill*         0x10008407        0x1 
 .rodata.__func__.0
                0x10008408       0x12 CMakeFiles/multicore.dir/C_/Pico/pico-sdk/lib/tinyusb/src/portable/raspberrypi/rp2040/rp2040_usb.c.obj
 *fill*         0x1000841a        0x2 
 .rodata.__func__.1
                0x1000841c       0x17 CMakeFiles/multicore.dir/C_/Pico/pico-sdk/lib/tinyusb/src/portable/raspberrypi/rp2040/rp2040_usb.c.obj
 *fill*         0x10008433        0x1 
 .rodata.process_set_config.str1.4
                0x10008434       0x17 CMakeFiles/multicore.dir/C_/Pico/pico-sdk/lib/tinyusb/src/device/usbd.c.obj
 *fill*         0x1000844b        0x1 
 .rodata.process_get_descriptor
                0x1000844c       0x40 CMakeFiles/multicore.dir/C_/Pico/pico-sdk/lib/tinyusb/src/device/usbd.c.obj
 .rodata.process_control_request
                0x1000848c       0x28 CMakeFiles/multicore.dir/C_/Pico/pico-sdk/lib/tinyusb/src/device/usbd.c.obj
 .rodata.tud_task
                0x100084b4       0x24 CMakeFiles/multicore.dir/C_/Pico/pico-sdk/lib/tinyusb/src/device/usbd.c.obj
 .rodata.__func__.2
                0x100084d8        0xf CMakeFiles/multicore.dir/C_/Pico/pico-sdk/lib/tinyusb/src/device/usbd.c.obj
 *fill*         0x100084e7        0x1 
 .rodata.__func__.3
                0x100084e8        0xf CMakeFiles/multicore.dir/C_/Pico/pico-sdk/lib/tinyusb/src/device/usbd.c.obj
 *fill*         0x100084f7        0x1 
 .rodata.__func__.4
                0x100084f8       0x14 CMakeFiles/multicore.dir/C_/Pico/pico-sdk/lib/tinyusb/src/device/usbd.c.obj
 .rodata.__func__.5
                0x1000850c       0x10 CMakeFiles/multicore.dir/C_/Pico/pico-sdk/lib/tinyusb/src/device/usbd.c.obj
 .rodata.__func__.6
                0x1000851c       0x17 CMakeFiles/multicore.dir/C_/Pico/pico-sdk/lib/tinyusb/src/device/usbd.c.obj
 *fill*         0x10008533        0x1 
 .rodata.__func__.7
                0x10008534       0x13 CMakeFiles/multicore.dir/C_/Pico/pico-sdk/lib/tinyusb/src/device/usbd.c.obj
 *fill*         0x10008547        0x1 
 .rodata.__func__.8
                0x10008548       0x18 CMakeFiles/multicore.dir/C_/Pico/pico-sdk/lib/tinyusb/src/device/usbd.c.obj
 .rodata.__func__.9
                0x10008560        0x9 CMakeFiles/multicore.dir/C_/Pico/pico-sdk/lib/tinyusb/src/device/usbd.c.obj
 *fill*         0x10008569        0x3 
 .rodata._usbd_driver
                0x1000856c       0x18 CMakeFiles/multicore.dir/C_/Pico/pico-sdk/lib/tinyusb/src/device/usbd.c.obj
 .rodata.tud_control_xfer.str1.4
                0x10008584       0x17 CMakeFiles/multicore.dir/C_/Pico/pico-sdk/lib/tinyusb/src/device/usbd_control.c.obj
 .rodata.__func__.0
                0x10008584       0x15 CMakeFiles/multicore.dir/C_/Pico/pico-sdk/lib/tinyusb/src/device/usbd_control.c.obj
 *fill*         0x10008599        0x3 
 .rodata.__func__.1
                0x1000859c       0x11 CMakeFiles/multicore.dir/C_/Pico/pico-sdk/lib/tinyusb/src/device/usbd_control.c.obj
 .rodata.tud_cdc_n_write_flush.str1.4
                0x100085ad       0x17 CMakeFiles/multicore.dir/C_/Pico/pico-sdk/lib/tinyusb/src/class/cdc/cdc_device.c.obj
 *fill*         0x100085ad        0x3 
 .rodata.__func__.0
                0x100085b0        0xd CMakeFiles/multicore.dir/C_/Pico/pico-sdk/lib/tinyusb/src/class/cdc/cdc_device.c.obj
 *fill*         0x100085bd        0x3 
 .rodata.__func__.1
                0x100085c0        0xa CMakeFiles/multicore.dir/C_/Pico/pico-sdk/lib/tinyusb/src/class/cdc/cdc_device.c.obj
 *fill*         0x100085ca        0x2 
 .rodata.__func__.2
                0x100085cc       0x16 CMakeFiles/multicore.dir/C_/Pico/pico-sdk/lib/tinyusb/src/class/cdc/cdc_device.c.obj
 .rodata.tusb_init.str1.4
                0x100085e2       0x17 CMakeFiles/multicore.dir/C_/Pico/pico-sdk/lib/tinyusb/src/tusb.c.obj
 *fill*         0x100085e2        0x2 
 .rodata.__func__.0
                0x100085e4        0xa CMakeFiles/multicore.dir/C_/Pico/pico-sdk/lib/tinyusb/src/tusb.c.obj
 *fill*         0x100085ee        0x2 
 .rodata.pico_get_unique_board_id_string.str1.4
                0x100085f0       0x43 CMakeFiles/multicore.dir/C_/Pico/pico-sdk/src/rp2_common/pico_unique_id/unique_id.c.obj
 *fill*         0x10008633        0x1 
 .rodata.__func__.0
                0x10008634       0x20 CMakeFiles/multicore.dir/C_/Pico/pico-sdk/src/rp2_common/pico_unique_id/unique_id.c.obj
 .rodata.str1.4
                0x10008654      0x14e CMakeFiles/multicore.dir/C_/Pico/pico-sdk/src/rp2_common/hardware_flash/flash.c.obj
 *fill*         0x100087a2        0x2 
 .rodata.__func__.0
                0x100087a4        0xd CMakeFiles/multicore.dir/C_/Pico/pico-sdk/src/rp2_common/hardware_flash/flash.c.obj
 *fill*         0x100087b1        0x3 
 .rodata.multicore_lockout_start_block_until.str1.4
                0x100087b4       0x53 CMakeFiles/multicore.dir/C_/Pico/pico-sdk/src/rp2_common/pico_multicore/multicore.c.obj
 *fill*         0x10008807        0x1 
 .rodata.multicore_launch_core1_with_stack.str1.4
                0x10008808       0x19 CMakeFiles/multicore.dir/C_/Pico/pico-sdk/src/rp2_common/pico_multicore/multicore.c.obj
 *fill*         0x10008821        0x3 
 .rodata.__func__.2
                0x10008824       0x22 CMakeFiles/multicore.dir/C_/Pico/pico-sdk/src/rp2_common/pico_multicore/multicore.c.obj
                0x10008848                . = ALIGN (0x4)
 *fill*         0x10008846        0x2 
 *(SORT_BY_ALIGNMENT(SORT_BY_NAME(.flashdata*)))
                0x10008848                . = ALIGN (0x4)

.rel.dyn        0x10008848        0x0
 .rel.iplt      0x10008848        0x0 c:/progra~2/gnuarm~1/102021~1.10/bin/../lib/gcc/arm-none-eabi/10.3.1/thumb/v6-m/nofp/crtbegin.o

.ARM.extab
 *(.ARM.extab* .gnu.linkonce.armextab.*)
                0x10008848                __exidx_start = .

.ARM.exidx
 *(.ARM.exidx* .gnu.linkonce.armexidx.*)
                0x10008848                __exidx_end = .
                0x10008848                . = ALIGN (0x4)
                0x10008848                __binary_info_start = .

.binary_info    0x10008848       0x20
 *(.binary_info.keep.*)
 .binary_info.keep.__bi_ptr22
                0x10008848        0x4 CMakeFiles/multicore.dir/C_/Pico/pico-sdk/src/rp2_common/pico_standard_link/binary_info.c.obj
 .binary_info.keep.__bi_ptr30
                0x1000884c        0x4 CMakeFiles/multicore.dir/C_/Pico/pico-sdk/src/rp2_common/pico_standard_link/binary_info.c.obj
 .binary_info.keep.__bi_ptr38
                0x10008850        0x4 CMakeFiles/multicore.dir/C_/Pico/pico-sdk/src/rp2_common/pico_standard_link/binary_info.c.obj
 .binary_info.keep.__bi_ptr44
                0x10008854        0x4 CMakeFiles/multicore.dir/C_/Pico/pico-sdk/src/rp2_common/pico_standard_link/binary_info.c.obj
 .binary_info.keep.__bi_ptr50
                0x10008858        0x4 CMakeFiles/multicore.dir/C_/Pico/pico-sdk/src/rp2_common/pico_standard_link/binary_info.c.obj
 .binary_info.keep.__bi_ptr75
                0x1000885c        0x4 CMakeFiles/multicore.dir/C_/Pico/pico-sdk/src/rp2_common/pico_standard_link/binary_info.c.obj
 .binary_info.keep.__bi_ptr81
                0x10008860        0x4 CMakeFiles/multicore.dir/C_/Pico/pico-sdk/src/rp2_common/pico_standard_link/binary_info.c.obj
 *(.binary_info.*)
 .binary_info.__bi_ptr93
                0x10008864        0x4 CMakeFiles/multicore.dir/C_/Pico/pico-sdk/src/rp2_common/pico_stdio_usb/stdio_usb.c.obj
                0x10008868                __binary_info_end = .
                0x10008868                . = ALIGN (0x4)
                0x10008868                __etext = .

.ram_vector_table
                0x20000000       0xc0
 *(.ram_vector_table)
 .ram_vector_table
                0x20000000       0xc0 CMakeFiles/multicore.dir/C_/Pico/pico-sdk/src/rp2_common/pico_runtime/runtime.c.obj
                0x20000000                ram_vector_table

.data           0x200000c0      0x508 load address 0x10008868
                0x200000c0                __data_start__ = .
 *(vtable)
 *(.time_critical*)
 .time_critical.mutex_enter_blocking
                0x200000c0       0x94 CMakeFiles/multicore.dir/C_/Pico/pico-sdk/src/common/pico_sync/mutex.c.obj
                0x200000c0                mutex_enter_blocking
 .time_critical.mutex_try_enter
                0x20000154       0x5a CMakeFiles/multicore.dir/C_/Pico/pico-sdk/src/common/pico_sync/mutex.c.obj
                0x20000154                mutex_try_enter
 *fill*         0x200001ae        0x2 
 .time_critical.mutex_enter_block_until
                0x200001b0       0x8c CMakeFiles/multicore.dir/C_/Pico/pico-sdk/src/common/pico_sync/mutex.c.obj
                0x200001b0                mutex_enter_block_until
 .time_critical.mutex_enter_timeout_ms
                0x2000023c       0x74 CMakeFiles/multicore.dir/C_/Pico/pico-sdk/src/common/pico_sync/mutex.c.obj
                0x2000023c                mutex_enter_timeout_ms
 .time_critical.mutex_exit
                0x200002b0       0x94 CMakeFiles/multicore.dir/C_/Pico/pico-sdk/src/common/pico_sync/mutex.c.obj
                0x200002b0                mutex_exit
 .time_critical.flash_init_boot2_copyout
                0x20000344       0x30 CMakeFiles/multicore.dir/C_/Pico/pico-sdk/src/rp2_common/hardware_flash/flash.c.obj
 .time_critical.flash_enable_xip_via_boot2
                0x20000374       0x10 CMakeFiles/multicore.dir/C_/Pico/pico-sdk/src/rp2_common/hardware_flash/flash.c.obj
 .time_critical.flash_cs_force
                0x20000384       0x28 CMakeFiles/multicore.dir/C_/Pico/pico-sdk/src/rp2_common/hardware_flash/flash.c.obj
 .time_critical.flash_do_cmd
                0x200003ac       0xc0 CMakeFiles/multicore.dir/C_/Pico/pico-sdk/src/rp2_common/hardware_flash/flash.c.obj
                0x200003ac                flash_do_cmd
 *(.text*)
 .text          0x2000046c        0x4 c:/progra~2/gnuarm~1/102021~1.10/bin/../lib/gcc/arm-none-eabi/10.3.1/thumb/v6-m/nofp\libgcc.a(_dvmd_tls.o)
                0x2000046c                __aeabi_idiv0
                0x2000046c                __aeabi_ldiv0
 .text.__stub   0x20000470       0x50 linker stubs
                0x200004c0                . = ALIGN (0x4)
 *(.rodata*)
                0x200004c0                . = ALIGN (0x4)
 *(.data*)
 .data.timeout  0x200004c0        0x4 CMakeFiles/multicore.dir/multicore.c.obj
                0x200004c0                timeout
 .data.striped_spin_lock_num
                0x200004c4        0x1 CMakeFiles/multicore.dir/C_/Pico/pico-sdk/src/rp2_common/hardware_sync/sync.c.obj
 *fill*         0x200004c5        0x3 
 .data.default_alarm_pool
                0x200004c8       0x18 CMakeFiles/multicore.dir/C_/Pico/pico-sdk/src/common/pico_time/time.c.obj
 .data.default_alarm_pool_heap
                0x200004e0       0x10 CMakeFiles/multicore.dir/C_/Pico/pico-sdk/src/common/pico_time/time.c.obj
 .data          0x200004f0       0x48 CMakeFiles/multicore.dir/C_/Pico/pico-sdk/src/rp2_common/hardware_irq/irq_handler_chain.S.obj
                0x200004f0                irq_handler_chain_slots
                0x20000520                irq_handler_chain_first_slot
                0x2000052a                irq_handler_chain_remove_tail
 *fill*         0x20000538        0x8 
 .data.aeabi_bits_funcs
                0x20000540       0x10 CMakeFiles/multicore.dir/C_/Pico/pico-sdk/src/rp2_common/pico_bit_ops/bit_ops_aeabi.S.obj
                0x20000540                aeabi_bits_funcs
                0x20000550                aeabi_bits_funcs_end
 .data.aeabi_mem_funcs
                0x20000550       0x10 CMakeFiles/multicore.dir/C_/Pico/pico-sdk/src/rp2_common/pico_mem_ops/mem_ops_aeabi.S.obj
                0x20000550                aeabi_mem_funcs
                0x20000560                aeabi_mem_funcs_end
 .data.stdio_usb
                0x20000560       0x14 CMakeFiles/multicore.dir/C_/Pico/pico-sdk/src/rp2_common/pico_stdio_usb/stdio_usb.c.obj
                0x20000560                stdio_usb
 .data.ep_dir_string
                0x20000574        0x8 CMakeFiles/multicore.dir/C_/Pico/pico-sdk/lib/tinyusb/src/portable/raspberrypi/rp2040/rp2040_usb.c.obj
                0x20000574                ep_dir_string
 .data._usbd_qdef
                0x2000057c       0x24 CMakeFiles/multicore.dir/C_/Pico/pico-sdk/lib/tinyusb/src/device/usbd.c.obj
                0x2000057c                _usbd_qdef
                0x200005a0                . = ALIGN (0x4)
 *(.after_data.*)
                0x200005a0                . = ALIGN (0x4)
                0x200005a0                PROVIDE (__mutex_array_start = .)
 *(SORT_BY_NAME(.mutex_array.*))
 *(.mutex_array)
 .mutex_array   0x200005a0        0x8 CMakeFiles/multicore.dir/C_/Pico/pico-sdk/src/rp2_common/pico_malloc/pico_malloc.c.obj
 .mutex_array   0x200005a8        0x8 CMakeFiles/multicore.dir/C_/Pico/pico-sdk/src/rp2_common/pico_stdio/stdio.c.obj
                0x200005b0                PROVIDE (__mutex_array_end = .)
                0x200005b0                . = ALIGN (0x4)
                0x200005b0                PROVIDE (__preinit_array_start = .)
 *(SORT_BY_NAME(.preinit_array.*))
 .preinit_array.00001
                0x200005b0        0x4 CMakeFiles/multicore.dir/C_/Pico/pico-sdk/src/rp2_common/pico_mem_ops/mem_ops_aeabi.S.obj
 .preinit_array.00010
                0x200005b4        0x4 CMakeFiles/multicore.dir/C_/Pico/pico-sdk/src/rp2_common/pico_bit_ops/bit_ops_aeabi.S.obj
 .preinit_array.00020
                0x200005b8        0x4 CMakeFiles/multicore.dir/C_/Pico/pico-sdk/src/rp2_common/pico_double/double_aeabi.S.obj
 .preinit_array.00020
                0x200005bc        0x4 CMakeFiles/multicore.dir/C_/Pico/pico-sdk/src/rp2_common/pico_float/float_aeabi.S.obj
 *(.preinit_array)
                0x200005c0                PROVIDE (__preinit_array_end = .)
                0x200005c0                . = ALIGN (0x4)
                0x200005c0                PROVIDE (__init_array_start = .)
 *(SORT_BY_NAME(.init_array.*))
 *(.init_array)
 .init_array    0x200005c0        0x4 c:/progra~2/gnuarm~1/102021~1.10/bin/../lib/gcc/arm-none-eabi/10.3.1/thumb/v6-m/nofp/crtbegin.o
 .init_array    0x200005c4        0x4 CMakeFiles/multicore.dir/C_/Pico/pico-sdk/src/rp2_common/pico_unique_id/unique_id.c.obj
                0x200005c8                PROVIDE (__init_array_end = .)
                0x200005c8                . = ALIGN (0x4)
                [!provide]                PROVIDE (__fini_array_start = .)
 *(SORT_BY_NAME(.fini_array.*))
 *(.fini_array)
                [!provide]                PROVIDE (__fini_array_end = .)
 *(.jcr)
                0x200005c8                . = ALIGN (0x4)
                0x200005c8                __data_end__ = .

.igot.plt       0x200005c8        0x0 load address 0x10008d70
 .igot.plt      0x200005c8        0x0 c:/progra~2/gnuarm~1/102021~1.10/bin/../lib/gcc/arm-none-eabi/10.3.1/thumb/v6-m/nofp/crtbegin.o

.uninitialized_data
                0x200005c8        0x0 load address 0x10008d70
                0x200005c8                . = ALIGN (0x4)
 *(.uninitialized_data*)

.scratch_x      0x20040000        0x0 load address 0x10008d70
                0x20040000                __scratch_x_start__ = .
 *(.scratch_x.*)
                0x20040000                . = ALIGN (0x4)
                0x20040000                __scratch_x_end__ = .
                0x10008d70                __scratch_x_source__ = LOADADDR (.scratch_x)

.scratch_y      0x20041000        0x0 load address 0x10008d70
                0x20041000                __scratch_y_start__ = .
 *(.scratch_y.*)
                0x20041000                . = ALIGN (0x4)
                0x20041000                __scratch_y_end__ = .
                0x10008d70                __scratch_y_source__ = LOADADDR (.scratch_y)

.bss            0x200005c8      0xd64
                0x200005c8                . = ALIGN (0x4)
                0x200005c8                __bss_start__ = .
 *(SORT_BY_ALIGNMENT(SORT_BY_NAME(.bss*)))
 .bss.default_alarm_pool_entries
                0x200005c8      0x100 CMakeFiles/multicore.dir/C_/Pico/pico-sdk/src/common/pico_time/time.c.obj
 .bss.last_avail_time.2
                0x200006c8        0x8 CMakeFiles/multicore.dir/C_/Pico/pico-sdk/src/rp2_common/pico_stdio_usb/stdio_usb.c.obj
 .bss           0x200006d0       0x1c c:/progra~2/gnuarm~1/102021~1.10/bin/../lib/gcc/arm-none-eabi/10.3.1/thumb/v6-m/nofp/crtbegin.o
 .bss._app_driver
                0x200006ec        0x4 CMakeFiles/multicore.dir/C_/Pico/pico-sdk/lib/tinyusb/src/device/usbd.c.obj
 .bss._cdcd_itf
                0x200006f0      0x2d8 CMakeFiles/multicore.dir/C_/Pico/pico-sdk/lib/tinyusb/src/class/cdc/cdc_device.c.obj
 .bss._ctrl_xfer
                0x200009c8       0x14 CMakeFiles/multicore.dir/C_/Pico/pico-sdk/lib/tinyusb/src/device/usbd_control.c.obj
 .bss._ubsd_mutexdef
                0x200009dc        0x8 CMakeFiles/multicore.dir/C_/Pico/pico-sdk/lib/tinyusb/src/device/usbd.c.obj
 .bss._usbd_ctrl_buf
                0x200009e4       0x40 CMakeFiles/multicore.dir/C_/Pico/pico-sdk/lib/tinyusb/src/device/usbd_control.c.obj
 .bss._usbd_dev
                0x20000a24       0x37 CMakeFiles/multicore.dir/C_/Pico/pico-sdk/lib/tinyusb/src/device/usbd.c.obj
 *fill*         0x20000a5b        0x1 
 .bss._usbd_mutex
                0x20000a5c        0x4 CMakeFiles/multicore.dir/C_/Pico/pico-sdk/lib/tinyusb/src/device/usbd.c.obj
 .bss._usbd_q   0x20000a60        0x4 CMakeFiles/multicore.dir/C_/Pico/pico-sdk/lib/tinyusb/src/device/usbd.c.obj
 .bss._usbd_qdef_buf
                0x20000a64       0xc0 CMakeFiles/multicore.dir/C_/Pico/pico-sdk/lib/tinyusb/src/device/usbd.c.obj
                0x20000a64                _usbd_qdef_buf
 .bss.alarm_callbacks
                0x20000b24       0x10 CMakeFiles/multicore.dir/C_/Pico/pico-sdk/src/rp2_common/hardware_timer/timer.c.obj
 .bss.boot2_copyout
                0x20000b34      0x100 CMakeFiles/multicore.dir/C_/Pico/pico-sdk/src/rp2_common/hardware_flash/flash.c.obj
 .bss.claimed   0x20000c34        0x4 CMakeFiles/multicore.dir/C_/Pico/pico-sdk/src/rp2_common/hardware_sync/sync.c.obj
 .bss.configured_freq
                0x20000c38       0x28 CMakeFiles/multicore.dir/C_/Pico/pico-sdk/src/rp2_common/hardware_clocks/clocks.c.obj
 .bss.default_alarm_pool_entry_ids_high
                0x20000c60       0x10 CMakeFiles/multicore.dir/C_/Pico/pico-sdk/src/common/pico_time/time.c.obj
 .bss.default_alarm_pool_heap_nodes
                0x20000c70       0x30 CMakeFiles/multicore.dir/C_/Pico/pico-sdk/src/common/pico_time/time.c.obj
 .bss.desc_str.0